et.RÕ¹ï¿½ 8 20ï¿½ï¿½ï¿½ï¿½ï¿½ï¿½:57ï¿½HHï¿½ï¿½ï¿½0x1 (ï¿½]I=9_RESEUï¿½ï¿½ï¿½ï¿½:0x13BSPIï¿½TMQ}ï¿½ASH_ï¿½ï¿½Qï¿½ï¿½ï¿½ï¿½ï¿½Ë¥ï¿½sip:ï¿½ï¿½ SPRï¿½ï¿½Â•e
clï¿½Eï¿½ï¿½ï¿½0x00,ï¿½Eï¿½ï¿½ï¿½ï¿½ï¿½0,dEï¿½ï¿½ï¿½0A0,csï¿½ï¿½ï¿½ï¿½ï¿½0x00,hï¿½Eï¿½ï¿½ï¿½0x00,ï¿½}ï¿½ï¿½ï¿½ï¿½0x00ï¿½ë‹•ï¿½DIO, cï¿½kï¿½ï¿½ï¿½Zï¿½ï¿½j
load:ï¿½ï¿½fffï¿½30,lYKï¿½ï¿½ï¿½ï¿½j
loXï¿½ï¿½ï¿½ï¿½007800blen:LSSï¿½j
load:ï¿½ï¿½008ï¿½ï¿½0,lYKï¿½j
ï¿½+ï¿½ï¿½0ï¿½0080ï¿½,leKï¿½ï¿½ï¿½ï¿½j
entr^ï¿½ï¿½Ñ°ï¿½065ï¿½Hï¿½[0;32mI (28) boot: ESP-IDF v5.3-dev-2747-g4f3cd0deb9 2nd stage bootloader[0m
[0;32mI (28) boot: compile time Jun 18 2024 17:51:41[0m
[0;32mI (30) boot: Multicore bootloader[0m
[0;32mI (34) boot: chip revision: v1.0[0m
[0;32mI (38) qio_mode: Enabling default flash chip QIO[0m
[0;32mI (43) boot.esp32: SPI Speed      : 80MHz[0m
[0;32mI (48) boot.esp32: SPI Mode       : QIO[0m
[0;32mI (52) boot.esp32: SPI Flash Size : 4MB[0m
[0;32mI (57) boot: Enabling RNG early entropy source...[0m
[0;32mI (62) boot: Partition Table:[0m
[0;32mI (66) boot: ## Label            Usage          Type ST Offset   Length[0m
[0;32mI (73) boot:  0 nvs              WiFi data        01 02 00009000 00006000[0m
[0;32mI (81) boot:  1 phy_init         RF data          01 01 0000f000 00001000[0m
[0;32mI (88) boot:  2 factory          factory app      00 00 00010000 00180000[0m
[0;32mI (96) boot: End of partition table[0m
[0;32mI (100) esp_image: segment 0: paddr=00010020 vaddr=3f400020 size=5e72ch (386860) map[0m
[0;32mI (208) esp_image: segment 1: paddr=0006e754 vaddr=3ffb0000 size=018c4h (  6340) load[0m
[0;32mI (210) esp_image: segment 2: paddr=00070020 vaddr=400d0020 size=30fb0h (200624) map[0m
[0;32mI (265) esp_image: segment 3: paddr=000a0fd8 vaddr=3ffb18c4 size=01aa8h (  6824) load[0m
[0;32mI (267) esp_image: segment 4: paddr=000a2a88 vaddr=40080000 size=10cd0h ( 68816) load[0m
[0;32mI (300) boot: Loaded app from partition at offset 0x10000[0m
[0;32mI (300) boot: Disabling RNG early entropy source...[0m
[0;32mI (312) cpu_start: Multicore app[0m
[0;32mI (312) quad_psram: This chip is ESP32-D0WD[0m
[0;32mI (312) esp_psram: Found 8MB PSRAM device[0m
[0;32mI (314) esp_psram: Speed: 80MHz[0m
[0;32mI (318) esp_psram: PSRAM initialized, cache is in low/high (2-core) mode.[0m
[0;33mW (325) esp_psram: Virtual address not enough for PSRAM, map as much as we can. 4MB is mapped[0m
[0;32mI (798) esp_psram: SPI SRAM memory test OK[0m
[0;32mI (806) cpu_start: Pro cpu start user code[0m
[0;32mI (806) cpu_start: cpu freq: 240000000 Hz[0m
[0;32mI (806) app_init: Application information:[0m
[0;32mI (809) app_init: Project name:     person_detection[0m
[0;32mI (815) app_init: App version:      1[0m
[0;32mI (819) app_init: Compile time:     Jun 18 2024 17:51:35[0m
[0;32mI (825) app_init: ELF file SHA256:  53eb62252...[0m
[0;32mI (830) app_init: ESP-IDF:          v5.3-dev-2747-g4f3cd0deb9[0m
[0;32mI (837) efuse_init: Min chip rev:     v0.0[0m
[0;32mI (841) efuse_init: Max chip rev:     v3.99 [0m
[0;32mI (846) efuse_init: Chip rev:         v1.0[0m
[0;32mI (851) heap_init: Initializing. RAM available for dynamic allocation:[0m
[0;32mI (858) heap_init: At 3FFAE6E0 len 00001920 (6 KiB): DRAM[0m
[0;32mI (864) heap_init: At 3FFB40F0 len 0002BF10 (175 KiB): DRAM[0m
[0;32mI (871) heap_init: At 3FFE0440 len 00003AE0 (14 KiB): D/IRAM[0m
[0;32mI (877) heap_init: At 3FFE4350 len 0001BCB0 (111 KiB): D/IRAM[0m
[0;32mI (883) heap_init: At 40090CD0 len 0000F330 (60 KiB): IRAM[0m
[0;32mI (890) esp_psram: Adding pool of 4096K of PSRAM memory to heap allocator[0m
[0;32mI (898) spi_flash: detected chip: generic[0m
[0;32mI (902) spi_flash: flash io: qio[0m
[0;33mW (906) i2c: This driver is an old driver, please migrate your application code to adapt `driver/i2c_master.h`[0m
[0;32mI (917) main_task: Started on CPU0[0m
[0;32mI (927) main_task: Calling app_main()[0m
[0;32mI (927) gpio: GPIO[12]| InputEn: 0| OutputEn: 0| OpenDrain: 0| Pullup: 1| Pulldown: 0| Intr:0 [0m
[0;32mI (927) gpio: GPIO[13]| InputEn: 0| OutputEn: 0| OpenDrain: 0| Pullup: 1| Pulldown: 0| Intr:0 [0m
[0;32mI (937) gpio: GPIO[15]| InputEn: 0| OutputEn: 0| OpenDrain: 0| Pullup: 1| Pulldown: 0| Intr:0 [0m
[0;32mI (967) gpio: GPIO[25]| InputEn: 1| OutputEn: 0| OpenDrain: 0| Pullup: 1| Pulldown: 0| Intr:2 [0m
[0;32mI (967) cam_hal: cam init ok[0m
[0;32mI (967) sccb: pin_sda 26 pin_scl 27[0m
[0;32mI (977) sccb: sccb_i2c_port=1[0m
[0;32mI (977) gpio: GPIO[32]| InputEn: 0| OutputEn: 1| OpenDrain: 0| Pullup: 0| Pulldown: 0| Intr:0 [0m
[0;32mI (1017) camera: Detected camera at address=0x30[0m
[0;32mI (1017) camera: Detected OV2640 camera[0m
[0;32mI (1017) camera: Camera PID=0x26 VER=0x42 MIDL=0x7f MIDH=0xa2[0m
[0;32mI (1087) esp32 ll_cam: node_size: 3072, nodes_per_line: 1, lines_per_node: 4, dma_half_buffer_min:  3072, dma_half_buffer: 12288,lines_per_half_buffer: 16, dma_buffer_size: 24576, image_size: 18432[0m
[0;32mI (1097) cam_hal: buffer_size: 24576, half_buffer_size: 12288, node_buffer_size: 3072, node_cnt: 8, total_cnt: 1[0m
[0;32mI (1107) cam_hal: Allocating 9216 Byte frame buffer in PSRAM[0m
[0;32mI (1117) cam_hal: Allocating 9216 Byte frame buffer in PSRAM[0m
[0;32mI (1117) cam_hal: cam config ok[0m
[0;32mI (1127) ov2640: Set PLL: clk_2x: 0, clk_div: 3, pclk_auto: 1, pclk_div: 8[0m
Camera Initialized

Boton true
Image Captured

Image Captured

Image Captured

Image Captured

Image Captured

Image Captured

Image Captured

Image Captured

Image Captured

Image Captured

Image Captured

[0;31mE (6357) task_wdt: Task watchdog got triggered. The following tasks/users did not reset the watchdog in time:[0m
[0;31mE (6357) task_wdt:  - IDLE0 (CPU 0)[0m
[0;31mE (6357) task_wdt: Tasks currently running:[0m
[0;31mE (6357) task_wdt: CPU 0: tf_main[0m
[0;31mE (6357) task_wdt: CPU 1: IDLE1[0m
[0;31mE (6357) task_wdt: Print CPU 0 (current core) backtrace[0m


Backtrace: 0x400F0903:0x3FFB1110 0x400844F5:0x3FFB1140 0x400E32D3:0x3FFB7280 0x400E341D:0x3FFB7300 0x400DBA92:0x3FFB73D0 0x400D9011:0x3FFB7910 0x400D8CE6:0x3FFB7940 0x400D8342:0x3FFB7960 0x400D7E62:0x3FFB7990

Image Captured

Image Captured

Image Captured

Image Captured

Image Captured

Image Captured

Image Captured

Image Captured

Image Captured

Image Captured

Image Captured

[0;31mE (11357) task_wdt: Task watchdog got triggered. The following tasks/users did not reset the watchdog in time:[0m
[0;31mE (11357) task_wdt:  - IDLE0 (CPU 0)[0m
[0;31mE (11357) task_wdt: Tasks currently running:[0m
[0;31mE (11357) task_wdt: CPU 0: tf_main[0m
[0;31mE (11357) task_wdt: CPU 1: IDLE1[0m
[0;31mE (11357) task_wdt: Print CPU 0 (current core) backtrace[0m


Backtrace: 0x400F0903:0x3FFB1110 0x400844F5:0x3FFB1140 0x400E3939:0x3FFB72A0 0x400E3D46:0x3FFB7380 0x400DCD02:0x3FFB7490 0x400D9011:0x3FFB7910 0x400D8CE6:0x3FFB7940 0x400D8342:0x3FFB7960 0x400D7E62:0x3FFB7990

cam_hal: EV-VSYNC-OVF
person score:61%, no person score 39%
[0;32mI (11777) gpio: GPIO[4]| InputEn: 0| OutputEn: 0| OpenDrain: 0| Pullup: 1| Pulldown: 0| Intr:0 [0m
No hay persona detectada
Boton False
Image Captured

Boton true
Image Captured

Image Captured

Image Captured

Image Captured

Image Captured

Image Captured

Image Captured

Image Captured

Image Captured

Image Captured

[0;31mE (16777) task_wdt: Task watchdog got triggered. The following tasks/users did not reset the watchdog in time:[0m
[0;31mE (16777) task_wdt:  - IDLE0 (CPU 0)[0m
[0;31mE (16777) task_wdt: Tasks currently running:[0m
[0;31mE (16777) task_wdt: CPU 0: tf_main[0m
[0;31mE (16777) task_wdt: CPU 1: IDLE1[0m
[0;31mE (16777) task_wdt: Print CPU 0 (current core) backtrace[0m


Backtrace: 0x400F0903:0x3FFB1110 0x400844F5:0x3FFB1140 0x400E335D:0x3FFB7280 0x400E341D:0x3FFB7300 0x400DBA92:0x3FFB73D0 0x400D9011:0x3FFB7910 0x400D8CE6:0x3FFB7940 0x400D8342:0x3FFB7960 0x400D7E62:0x3FFB7990

Image Captured

Image Captured

Image Captured

Image Captured

Image Captured

Image Captured

Image Captured

Image Captured

Image Captured

Image Captured

person score:75%, no person score 25%
[0;32mI (21677) gpio: GPIO[4]| InputEn: 0| OutputEn: 0| OpenDrain: 0| Pullup: 1| Pulldown: 0| Intr:0 [0m
Persona detectada...LED Prendida
Boton False
Image Captured

Boton true
Image Captured

Image Captured

Image Captured

Image Captured

Image Captured

Image Captured

Image Captured

person score:92%, no person score 8%
[0;32mI (25437) gpio: GPIO[4]| InputEn: 0| OutputEn: 0| OpenDrain: 0| Pullup: 1| Pulldown: 0| Intr:0 [0m
Persona detectada...LED Prendida
Boton False
Image Captured

Boton true
Image Captured

Image Captured

Image Captured

Image Captured

Image Captured

Image Captured

Image Captured

Image Captured

Image Captured

Image Captured

[0;31mE (30437) task_wdt: Task watchdog got triggered. The following tasks/users did not reset the watchdog in time:[0m
[0;31mE (30437) task_wdt:  - IDLE0 (CPU 0)[0m
[0;31mE (30437) task_wdt: Tasks currently running:[0m
[0;31mE (30437) task_wdt: CPU 0: tf_main[0m
[0;31mE (30437) task_wdt: CPU 1: IDLE1[0m
[0;31mE (30437) task_wdt: Print CPU 0 (current core) backtrace[0m


Backtrace: 0x400F0903:0x3FFB1110 0x400844F5:0x3FFB1140 0x400E3381:0x3FFB7280 0x400E341D:0x3FFB7300 0x400DBA92:0x3FFB73D0 0x400D9011:0x3FFB7910 0x400D8CE6:0x3FFB7940 0x400D8342:0x3FFB7960 0x400D7E62:0x3FFB7990

Image Captured

Image Captured

Image Captured

person score:34%, no person score 66%
[0;32mI (32057) gpio: GPIO[4]| InputEn: 0| OutputEn: 0| OpenDrain: 0| Pullup: 1| Pulldown: 0| Intr:0 [0m
No hay persona detectada
Boton False
Image Captured

Boton true
Image Captured

Image Captured

Image Captured

Image Captured

Image Captured

Image Captured

Image Captured

