e×Junï¿½8ï¿½0Lï¿½ï¿½:&&ï¿½ï¿½ï¿½HHï¿½ï¿½ï¿½0xï¿½Bï¿½=]ROï¿½%UMQe,ï¿½ï¿½ï¿½i0ï¿½L&BSï¿½Reï¿½STe1ï¿½SH%=ï¿½T)Cï¿½ï¿½nfZVï¿½p:ï¿½bA%WPï¿½Â•eï¿½,kï¿½Eï¿½v:ï¿½ï¿½ï¿½)}ï¿½rï¿½'ï¿½A0ï¿½ï¿½Eï¿½vï¿½ï¿½ï¿½0,ï¿½.ï¿½ï¿½rï¿½'ï¿½A0ï¿½}ï¿½rï¿½'ï¿½A0,}ï¿½rv'ï¿½ï¿½0ï¿½[ï¿½ï¿½ï¿½Rï¿½	ï¿½ocï¿½"ï¿½v:ï¿½C!ï¿½+ï¿½i0ï¿½&ï¿½ï¿½ï¿½ï¿½0ï¿½+ï¿½i7ï¿½&SHï¿½ï¿½ï¿½dï¿½ï¿½ï¿½007ï¿½ï¿½ï¿½,lYKï¿½ï¿½5Mï¿½Hï¿½ï¿½ï¿½d:ï¿½Ñ°Â‚ï¿½0ï¿½ï¿½ï¿½ï¿½:ï¿½C!ï¿½+ï¿½i0xï¿½ï¿½04ï¿½,ï¿½ï¿½ï¿½43ï¿½SHï¿½ï¿½ï¿½ï¿½y ï¿½ï¿½008ï¿½5ï¿½Hï¿½[0;32mI (28) boot: ESP-IDF v5.3-dev-2747-g4f3cd0deb9 2nd stage bootloader[0m
[0;32mI (28) boot: compile time Jun 25 2024 12:26:26[0m
[0;32mI (30) boot: Multicore bootloader[0m
[0;32mI (34) boot: chip revision: v1.0[0m
[0;32mI (38) qio_mode: Enabling default flash chip QIO[0m
[0;32mI (43) boot.esp32: SPI Speed      : 80MHz[0m
[0;32mI (48) boot.esp32: SPI Mode       : QIO[0m
[0;32mI (52) boot.esp32: SPI Flash Size : 4MB[0m
[0;32mI (57) boot: Enabling RNG early entropy source...[0m
[0;32mI (62) boot: Partition Table:[0m
[0;32mI (66) boot: ## Label            Usage          Type ST Offset   Length[0m
[0;32mI (73) boot:  0 nvs              WiFi data        01 02 00009000 00006000[0m
[0;32mI (81) boot:  1 phy_init         RF data          01 01 0000f000 00001000[0m
[0;32mI (88) boot:  2 factory          factory app      00 00 00010000 00180000[0m
[0;32mI (96) boot: End of partition table[0m
[0;32mI (100) esp_image: segment 0: paddr=00010020 vaddr=3f400020 size=5e71ch (386844) map[0m
[0;32mI (208) esp_image: segment 1: paddr=0006e744 vaddr=3ffb0000 size=018d4h (  6356) load[0m
[0;32mI (210) esp_image: segment 2: paddr=00070020 vaddr=400d0020 size=30fech (200684) map[0m
[0;32mI (265) esp_image: segment 3: paddr=000a1014 vaddr=3ffb18d4 size=01a98h (  6808) load[0m
[0;32mI (267) esp_image: segment 4: paddr=000a2ab4 vaddr=40080000 size=10cd0h ( 68816) load[0m
[0;32mI (300) boot: Loaded app from partition at offset 0x10000[0m
[0;32mI (300) boot: Disabling RNG early entropy source...[0m
[0;32mI (312) cpu_start: Multicore app[0m
[0;32mI (312) quad_psram: This chip is ESP32-D0WD[0m
[0;32mI (312) esp_psram: Found 8MB PSRAM device[0m
[0;32mI (314) esp_psram: Speed: 80MHz[0m
[0;32mI (318) esp_psram: PSRAM initialized, cache is in low/high (2-core) mode.[0m
[0;33mW (325) esp_psram: Virtual address not enough for PSRAM, map as much as we can. 4MB is mapped[0m
[0;32mI (798) esp_psram: SPI SRAM memory test OK[0m
[0;32mI (806) cpu_start: Pro cpu start user code[0m
[0;32mI (806) cpu_start: cpu freq: 240000000 Hz[0m
[0;32mI (806) app_init: Application information:[0m
[0;32mI (809) app_init: Project name:     person_detection[0m
[0;32mI (815) app_init: App version:      3b6d3d3-dirty[0m
[0;32mI (820) app_init: Compile time:     Jun 25 2024 12:26:20[0m
[0;32mI (826) app_init: ELF file SHA256:  084ba73a0...[0m
[0;32mI (831) app_init: ESP-IDF:          v5.3-dev-2747-g4f3cd0deb9[0m
[0;32mI (838) efuse_init: Min chip rev:     v0.0[0m
[0;32mI (842) efuse_init: Max chip rev:     v3.99 [0m
[0;32mI (847) efuse_init: Chip rev:         v1.0[0m
[0;32mI (852) heap_init: Initializing. RAM available for dynamic allocation:[0m
[0;32mI (859) heap_init: At 3FFAE6E0 len 00001920 (6 KiB): DRAM[0m
[0;32mI (865) heap_init: At 3FFB40F0 len 0002BF10 (175 KiB): DRAM[0m
[0;32mI (872) heap_init: At 3FFE0440 len 00003AE0 (14 KiB): D/IRAM[0m
[0;32mI (878) heap_init: At 3FFE4350 len 0001BCB0 (111 KiB): D/IRAM[0m
[0;32mI (884) heap_init: At 40090CD0 len 0000F330 (60 KiB): IRAM[0m
[0;32mI (891) esp_psram: Adding pool of 4096K of PSRAM memory to heap allocator[0m
[0;32mI (899) spi_flash: detected chip: generic[0m
[0;32mI (903) spi_flash: flash io: qio[0m
[0;33mW (907) i2c: This driver is an old driver, please migrate your application code to adapt `driver/i2c_master.h`[0m
[0;32mI (918) main_task: Started on CPU0[0m
[0;32mI (928) main_task: Calling app_main()[0m
[0;32mI (928) gpio: GPIO[13]| InputEn: 0| OutputEn: 0| OpenDrain: 0| Pullup: 1| Pulldown: 0| Intr:0 [0m
[0;32mI (928) gpio: GPIO[12]| InputEn: 0| OutputEn: 0| OpenDrain: 0| Pullup: 1| Pulldown: 0| Intr:0 [0m
[0;32mI (938) gpio: GPIO[4]| InputEn: 0| OutputEn: 0| OpenDrain: 0| Pullup: 1| Pulldown: 0| Intr:0 [0m
[0;32mI (948) gpio: GPIO[15]| InputEn: 0| OutputEn: 0| OpenDrain: 0| Pullup: 1| Pulldown: 0| Intr:0 [0m
[0;32mI (978) gpio: GPIO[25]| InputEn: 1| OutputEn: 0| OpenDrain: 0| Pullup: 1| Pulldown: 0| Intr:2 [0m
[0;32mI (978) cam_hal: cam init ok[0m
[0;32mI (978) sccb: pin_sda 26 pin_scl 27[0m
[0;32mI (988) sccb: sccb_i2c_port=1[0m
[0;32mI (988) gpio: GPIO[32]| InputEn: 0| OutputEn: 1| OpenDrain: 0| Pullup: 0| Pulldown: 0| Intr:0 [0m
[0;32mI (1028) camera: Detected camera at address=0x30[0m
[0;32mI (1028) camera: Detected OV2640 camera[0m
[0;32mI (1028) camera: Camera PID=0x26 VER=0x42 MIDL=0x7f MIDH=0xa2[0m
[0;32mI (1098) esp32 ll_cam: node_size: 3072, nodes_per_line: 1, lines_per_node: 4, dma_half_buffer_min:  3072, dma_half_buffer: 12288,lines_per_half_buffer: 16, dma_buffer_size: 24576, image_size: 18432[0m
[0;32mI (1108) cam_hal: buffer_size: 24576, half_buffer_size: 12288, node_buffer_size: 3072, node_cnt: 8, total_cnt: 1[0m
[0;32mI (1118) cam_hal: Allocating 9216 Byte frame buffer in PSRAM[0m
[0;32mI (1128) cam_hal: Allocating 9216 Byte frame buffer in PSRAM[0m
[0;32mI (1128) cam_hal: cam config ok[0m
[0;32mI (1138) ov2640: Set PLL: clk_2x: 0, clk_div: 3, pclk_auto: 1, pclk_div: 8[0m
Camera Initialized

Boton No presionado
Image Captured

person score:49%, no person score 51%
No person detected
Boton No presionado
Image Captured

person score:48%, no person score 52%
No person detected
Boton No presionado
Image Captured

person score:43%, no person score 57%
No person detected
Boton No presionado
Image Captured

person score:46%, no person score 54%
No person detected
Boton No presionado
Image Captured

person score:41%, no person score 59%
No person detected
Boton No presionado
Image Captured

person score:41%, no person score 59%
No person detected
Boton No presionado
Image Captured

person score:24%, no person score 76%
No person detected
Boton No presionado
Image Captured

person score:14%, no person score 86%
No person detected
Boton No presionado
Image Captured

person score:11%, no person score 89%
No person detected
Boton No presionado
Image Captured

person score:15%, no person score 85%
No person detected
Boton No presionado
Image Captured

person score:25%, no person score 75%
No person detected
Boton No presionado
Image Captured

person score:22%, no person score 78%
No person detected
Boton No presionado
Image Captured

person score:25%, no person score 75%
No person detected
Boton No presionado
Image Captured

person score:37%, no person score 63%
No person detected
Boton No presionado
Image Captured

person score:24%, no person score 76%
No person detected
Boton No presionado
Image Captured

person score:21%, no person score 79%
No person detected
Boton No presionado
Image Captured

person score:18%, no person score 82%
No person detected
Boton No presionado
Image Captured

person score:14%, no person score 86%
No person detected
Boton No presionado
Image Captured

person score:15%, no person score 85%
No person detected
Boton No presionado
Image Captured

person score:15%, no person score 85%
No person detected
Boton No presionado
Image Captured

person score:14%, no person score 86%
No person detected
Boton No presionado
Image Captured

person score:15%, no person score 85%
No person detected
Boton No presionado
Image Captured

person score:14%, no person score 86%
No person detected
Boton No presionado
Image Captured

person score:15%, no person score 85%
No person detected
Boton No presionado
Image Captured

person score:16%, no person score 84%
No person detected
Boton No presionado
Image Captured

person score:17%, no person score 83%
No person detected
Boton No presionado
Image Captured

person score:14%, no person score 86%
No person detected
Boton No presionado
Image Captured

person score:16%, no person score 84%
No person detected
Boton No presionado
Image Captured

person score:16%, no person score 84%
No person detected
Boton No presionado
Image Captured

person score:15%, no person score 85%
No person detected
Boton No presionado
Image Captured

person score:37%, no person score 63%
No person detected
Boton No presionado
Image Captured

person score:19%, no person score 81%
No person detected
Boton No presionado
Image Captured

person score:30%/No yï¿½ï¿½ï¿½ï¿½ï¿½ï¿½ï¿½_Wï¿½ï¿½zo pï¿½ï¿½ï¿½+&ï¿½ï¿½ï¿½ï¿½ï¿½#ï¿½ï¿½ï¿½ï¿½ï¿½ï¿½ï¿½ï¿½Jï¿½ï¿½ï¿½ï¿½ï¿½wï¿½ï¿½ï¿½ï¿½ï¿½ï¿½ï¿½on.ï¿½ï¿½ï¿½ï¿½ï¿½Ù…ï¿½ï¿½ï¿½ï¿½ï¿½ï¿½'ï¿½Yï¿½ï¿½Wï¿½ï¿½9}
person score:25%, no person score 75%
No person detected
Boton No presionado
Image Captured

