ÔøΩ◊ÅJÔøΩÔøΩÔøΩ016ÔøΩ0:2&ÔøΩÔøΩSHÔøΩÔøΩrÔøΩÔøΩÔøΩ (POUÔøΩÔøΩ9}RESEUÔøΩÔøΩÔøΩt:0ÔøΩL&BÔøΩÔøΩI_FP*ÔøΩeÔøΩASHﬂ®ÔøΩQÔøΩ
coÀ•ÔøΩÕ•p: b SPRÔøΩÔøΩ¬ïÔøΩ5ÔøΩ,ÔøΩ}ÔøΩÔøΩv:0A0,qEÔøΩÔøΩÔøΩ0x00ÔøΩÔøΩEÔøΩÔøΩi0x0bcs0EÔøΩÔøΩÔøΩ0x00ÔøΩÔøΩ}ÔøΩÔøΩÔøΩ:0xÔøΩ,wpEÔøΩÔøΩÔøΩ0x00ÔøΩÎëïÔøΩDIOÔøΩÔøΩÔøΩÔøΩÔøΩÔøΩ diÔøΩÔøΩj
ÔøΩ+ÔøΩÔøΩ0x3fÔøΩÔøΩÔøΩÔøΩblenÔøΩSÔøΩj
loXÔøΩÔøΩÔøΩÔøΩ0078ÔøΩ0,ÔøΩYÀäÔøΩÔøΩ52ÔøΩÎÖëÔøΩ0x40ÔøΩ040ÔøΩleÔøΩ'SHÔøΩÔøΩ+ÔøΩÔøΩÔøΩ00ÔøΩ404ÔøΩÔøΩÔøΩÔøΩÔøΩÔøΩj
entr^ÔøΩÔøΩÔøΩ00806MÔøΩHÔøΩ[0;32mI (28) boot: ESP-IDF v5.3-dev-2747-g4f3cd0deb9 2nd stage bootloader[0m
[0;32mI (28) boot: compile time Jun 25 2024 12:26:26[0m
[0;32mI (30) boot: Multicore bootloader[0m
[0;32mI (34) boot: chip revision: v1.0[0m
[0;32mI (38) qio_mode: Enabling default flash chip QIO[0m
[0;32mI (43) boot.esp32: SPI Speed      : 80MHz[0m
[0;32mI (48) boot.esp32: SPI Mode       : QIO[0m
[0;32mI (52) boot.esp32: SPI Flash Size : 4MB[0m
[0;32mI (57) boot: Enabling RNG early entropy source...[0m
[0;32mI (62) boot: Partition Table:[0m
[0;32mI (66) boot: ## Label            Usage          Type ST Offset   Length[0m
[0;32mI (73) boot:  0 nvs              WiFi data        01 02 00009000 00006000[0m
[0;32mI (81) boot:  1 phy_init         RF data          01 01 0000f000 00001000[0m
[0;32mI (88) boot:  2 factory          factory app      00 00 00010000 00180000[0m
[0;32mI (96) boot: End of partition table[0m
[0;32mI (100) esp_image: segment 0: paddr=00010020 vaddr=3f400020 size=5325ch (340572) map[0m
[0;32mI (196) esp_image: segment 1: paddr=00063284 vaddr=3ffb0000 size=0336ch ( 13164) load[0m
[0;32mI (200) esp_image: segment 2: paddr=000665f8 vaddr=40080000 size=09a20h ( 39456) load[0m
[0;32mI (214) esp_image: segment 3: paddr=00070020 vaddr=400d0020 size=30fech (200684) map[0m
[0;32mI (265) esp_image: segment 4: paddr=000a1014 vaddr=40089a20 size=072b0h ( 29360) load[0m
[0;32mI (283) boot: Loaded app from partition at offset 0x10000[0m
[0;32mI (283) boot: Disabling RNG early entropy source...[0m
[0;32mI (295) cpu_start: Multicore app[0m
[0;32mI (295) quad_psram: This chip is ESP32-D0WD[0m
[0;32mI (295) esp_psram: Found 8MB PSRAM device[0m
[0;32mI (297) esp_psram: Speed: 80MHz[0m
[0;32mI (301) esp_psram: PSRAM initialized, cache is in low/high (2-core) mode.[0m
[0;33mW (308) esp_psram: Virtual address not enough for PSRAM, map as much as we can. 4MB is mapped[0m
[0;32mI (781) esp_psram: SPI SRAM memory test OK[0m
[0;32mI (789) cpu_start: Pro cpu start user code[0m
[0;32mI (789) cpu_start: cpu freq: 240000000 Hz[0m
[0;32mI (789) app_init: Application information:[0m
[0;32mI (792) app_init: Project name:     person_detection[0m
[0;32mI (798) app_init: App version:      3b6d3d3-dirty[0m
[0;32mI (803) app_init: Compile time:     Jun 25 2024 12:26:20[0m
[0;32mI (809) app_init: ELF file SHA256:  00ea9d6c2...[0m
[0;32mI (814) app_init: ESP-IDF:          v5.3-dev-2747-g4f3cd0deb9[0m
[0;32mI (821) efuse_init: Min chip rev:     v0.0[0m
[0;32mI (825) efuse_init: Max chip rev:     v3.99 [0m
[0;32mI (830) efuse_init: Chip rev:         v1.0[0m
[0;32mI (835) heap_init: Initializing. RAM available for dynamic allocation:[0m
[0;32mI (842) heap_init: At 3FFAE6E0 len 00001920 (6 KiB): DRAM[0m
[0;32mI (848) heap_init: At 3FFB40F0 len 0002BF10 (175 KiB): DRAM[0m
[0;32mI (855) heap_init: At 3FFE0440 len 00003AE0 (14 KiB): D/IRAM[0m
[0;32mI (861) heap_init: At 3FFE4350 len 0001BCB0 (111 KiB): D/IRAM[0m
[0;32mI (867) heap_init: At 40090CD0 len 0000F330 (60 KiB): IRAM[0m
[0;32mI (874) esp_psram: Adding pool of 4096K of PSRAM memory to heap allocator[0m
[0;32mI (882) spi_flash: detected chip: generic[0m
[0;32mI (886) spi_flash: flash io: qio[0m
[0;33mW (890) i2c: This driver is an old driver, please migrate your application code to adapt `driver/i2c_master.h`[0m
[0;32mI (901) main_task: Started on CPU0[0m
[0;32mI (911) main_task: Calling app_main()[0m
[0;32mI (911) gpio: GPIO[13]| InputEn: 0| OutputEn: 0| OpenDrain: 0| Pullup: 1| Pulldown: 0| Intr:0 [0m
[0;32mI (911) gpio: GPIO[12]| InputEn: 0| OutputEn: 0| OpenDrain: 0| Pullup: 1| Pulldown: 0| Intr:0 [0m
[0;32mI (921) gpio: GPIO[4]| InputEn: 0| OutputEn: 0| OpenDrain: 0| Pullup: 1| Pulldown: 0| Intr:0 [0m
[0;32mI (931) gpio: GPIO[15]| InputEn: 0| OutputEn: 0| OpenDrain: 0| Pullup: 1| Pulldown: 0| Intr:0 [0m
Didn't find op for builtin opcode 'QUANTIZE'
Failed to get registration from op code QUANTIZE
 
AllocateTensors() failed
Boton No presionado
Guru Meditation Error: Core  0 panic'ed (LoadProhibited). Exception was unhandled.

Core  0 register dump:
PC      : 0x400d835c  PS      : 0x00060830  A0      : 0x800d7e65  A1      : 0x3ffb7970  
A2      : 0x00000000  A3      : 0x00000005  A4      : 0x3ffb3ab0  A5      : 0x3ffb3b78  
A6      : 0x3ffb3c38  A7      : 0x3ffb3c40  A8      : 0x00000000  A9      : 0x00000000  
A10     : 0x00000060  A11     : 0x00000060  A12     : 0x00000001  A13     : 0x3ffb39e0  
A14     : 0x3ffb3b20  A15     : 0x3ffb3ab0  SAR     : 0x0000000f  EXCCAUSE: 0x0000001c  
EXCVADDR: 0x00000010  LBEG    : 0x400870ad  LEND    : 0x400870bd  LCOUNT  : 0xfffffffa  


Backtrace: 0x400d8359:0x3ffb7970 0x400d7e62:0x3ffb7990




ELF file SHA256: 00ea9d6c2

Rebooting...
ets Jun  8 2016 00:22:57

rst:0xc (SW_CPU_RESET),boot:0x13 (SPI_FAST_FLASH_BOOT)
configsip: 0, SPIWP:0xee
clk_drv:0x00,q_drv:0x00,d_drv:0x00,cs0_drv:0x00,hd_drv:0x00,wp_drv:0x00
mode:DIO, clock div:1
load:0x3fff0030,len:7524
load:0x40078000,len:16552
load:0x40080400,len:4
load:0x40080404,len:4316
entry 0x4008065c
[0;32mI (29) boot: ESP-IDF v5.3-dev-2747-g4f3cd0deb9 2nd stage bootloader[0m
[0;32mI (29) boot: compile time Jun 25 2024 12:26:26[0m
[0;32mI (31) boot: Multicore bootloader[0m
[0;32mI (35) boot: chip revision: v1.0[0m
[0;32mI (39) qio_mode: Enabling default flash chip QIO[0m
[0;32mI (44) boot.esp32: SPI Speed      : 80MHz[0m
[0;32mI (49) boot.esp32: SPI Mode       : QIO[0m
[0;32mI (53) boot.esp32: SPI Flash Size : 4MB[0m
[0;32mI (58) boot: Enabling RNG early entropy source...[0m
[0;32mI (63) boot: Partition Table:[0m
[0;32mI (67) boot: ## Label            Usage          Type ST Offset   Length[0m
[0;32mI (74) boot:  0 nvs              WiFi data        01 02 00009000 00006000[0m
[0;32mI (82) boot:  1 phy_init         RF data          01 01 0000f000 00001000[0m
[0;32mI (89) boot:  2 factory          factory app      00 00 00010000 00180000[0m
[0;32mI (97) boot: End of partition table[0m
[0;32mI (101) esp_image: segment 0: paddr=00010020 vaddr=3f400020 size=5325ch (340572) map[0m
[0;32mI (197) esp_image: segment 1: paddr=00063284 vaddr=3ffb0000 size=0336ch ( 13164) load[0m
[0;32mI (201) esp_image: segment 2: paddr=000665f8 vaddr=40080000 size=09a20h ( 39456) load[0m
[0;32mI (214) esp_image: segment 3: paddr=00070020 vaddr=400d0020 size=30fech (200684) map[0m
[0;32mI (266) esp_image: segment 4: paddr=000a1014 vaddr=40089a20 size=072b0h ( 29360) load[0m
[0;32mI (284) boot: Loaded app from partition at offset 0x10000[0m
[0;32mI (284) boot: Disabling RNG early entropy source...[0m
[0;32mI (295) cpu_start: Multicore app[0m
[0;32mI (296) quad_psram: This chip is ESP32-D0WD[0m
[0;32mI (296) esp_psram: Found 8MB PSRAM device[0m
[0;32mI (298) esp_psram: Speed: 80MHz[0m
[0;32mI (302) esp_psram: PSRAM initialized, cache is in low/high (2-core) mode.[0m
[0;33mW (309) esp_psram: Virtual address not enough for PSRAM, map as much as we can. 4MB is mapped[0m
[0;32mI (782) esp_psram: SPI SRAM memory test OK[0m
[0;32mI (790) cpu_start: Pro cpu start user code[0m
[0;32mI (790) cpu_start: cpu freq: 240000000 Hz[0m
[0;32mI (790) app_init: Application information:[0m
[0;32mI (793) app_init: Project name:     person_detection[0m
[0;32mI (798) app_init: App version:      3b6d3d3-dirty[0m
[0;32mI (804) app_init: Compile time:     Jun 25 2024 12:26:20[0m
[0;32mI (810) app_init: ELF file SHA256:  00ea9d6c2...[0m
[0;32mI (815) app_init: ESP-IDF:          v5.3-dev-2747-g4f3cd0deb9[0m
[0;32mI (821) efuse_init: Min chip rev:     v0.0[0m
[0;32mI (826) efuse_init: Max chip rev:     v3.99 [0m
[0;32mI (831) efuse_init: Chip rev:         v1.0[0m
[0;32mI (836) heap_init: Initializing. RAM available for dynamic allocation:[0m
[0;32mI (843) heap_init: At 3FFAE6E0 len 00001920 (6 KiB): DRAM[0m
[0;32mI (849) heap_init: At 3FFB40F0 len 0002BF10 (175 KiB): DRAM[0m
[0;32mI (856) heap_init: At 3FFE0440 len 00003AE0 (14 KiB): D/IRAM[0m
[0;32mI (862) heap_init: At 3FFE4350 len 0001BCB0 (111 KiB): D/IRAM[0m
[0;32mI (868) heap_init: At 40090CD0 len 0000F330 (60 KiB): IRAM[0m
[0;32mI (875) esp_psram: Adding pool of 4096K of PSRAM memory to heap allocator[0m
[0;32mI (883) spi_flash: detected chip: generic[0m
[0;32mI (887) spi_flash: flash io: qio[0m
[0;33mW (891) i2c: This driver is an old driver, please migrate your application code to adapt `driver/i2c_master.h`[0m
[0;32mI (902) main_task: Started on CPU0[0m
[0;32mI (912) main_task: Calling app_main()[0m
[0;32mI (912) gpio: GPIO[13]| InputEn: 0| OutputEn: 0| OpenDrain: 0| Pullup: 1| Pulldown: 0| Intr:0 [0m
[0;32mI (912) gpio: GPIO[12]| InputEn: 0| OutputEn: 0| OpenDrain: 0| Pullup: 1| Pulldown: 0| Intr:0 [0m
[0;32mI (922) gpio: GPIO[4]| InputEn: 0| OutputEn: 0| OpenDrain: 0| Pullup: 1| Pulldown: 0| Intr:0 [0m
[0;32mI (932) gpio: GPIO[15]| InputEn: 0| OutputEn: 0| OpenDrain: 0| Pullup: 1| Pulldown: 0| Intr:0 [0m
Didn't find op for builtin opcode 'QUANTIZE'
Failed to get registration from op code QUANTIZE
 
AllocateTensors() failed
Boton No presionado
Guru Meditation Error: Core  0 panic'ed (LoadProhibited). Exception was unhandled.

Core  0 register dump:
PC      : 0x400d835c  PS      : 0x00060830  A0      : 0x800d7e65  A1      : 0x3ffb7970  
A2      : 0x00000000  A3      : 0x00000005  A4      : 0x3ffb3ab0  A5      : 0x3ffb3b78  
A6      : 0x3ffb3c38  A7      : 0x3ffb3c40  A8      : 0x00000000  A9      : 0x00000000  
A10     : 0x00000060  A11     : 0x00000060  A12     : 0x00000001  A13     : 0x3ffb39e0  
A14     : 0x3ffb3b20  A15     : 0x3ffb3ab0  SAR     : 0x0000000f  EXCCAUSE: 0x0000001c  
EXCVADDR: 0x00000010  LBEG    : 0x400870ad  LEND    : 0x400870bd  LCOUNT  : 0xfffffffa  


Backtrace: 0x400d8359:0x3ffb7970 0x400d7e62:0x3ffb7990




ELF file SHA256: 00ea9d6c2

Rebooting...
ets Jun  8 2016 00:22:57

rst:0xc (SW_CPU_RESET),boot:0x13 (SPI_FAST_FLASH_BOOT)
configsip: 0, SPIWP:0xee
clk_drv:0x00,q_drv:0x00,d_drv:0x00,cs0_drv:0x00,hd_drv:0x00,wp_drv:0x00
mode:DIO, clock div:1
load:0x3fff0030,len:7524
load:0x40078000,len:16552
load:0x40080400,len:4
load:0x40080404,len:4316
entry 0x4008065c
[0;32mI (29) boot: ESP-IDF v5.3-dev-2747-g4f3cd0deb9 2nd stage bootloader[0m
[0;32mI (29) boot: compile time Jun 25 2024 12:26:26[0m
[0;32mI (31) boot: Multicore bootloader[0m
[0;32mI (35) boot: chip revision: v1.0[0m
[0;32mI (39) qio_mode: Enabling default flash chip QIO[0m
[0;32mI (44) boot.esp32: SPI Speed      : 80MHz[0m
[0;32mI (49) boot.esp32: SPI Mode       : QIO[0m
[0;32mI (53) boot.esp32: SPI Flash Size : 4MB[0m
[0;32mI (58) boot: Enabling RNG early entropy source...[0m
[0;32mI (63) boot: Partition Table:[0m
[0;32mI (67) boot: ## Label            Usage          Type ST Offset   Length[0m
[0;32mI (74) boot:  0 nvs              WiFi data        01 02 00009000 00006000[0m
[0;32mI (82) boot:  1 phy_init         RF data          01 01 0000f000 00001000[0m
[0;32mI (89) boot:  2 factory          factory app      00 00 00010000 00180000[0m
[0;32mI (97) boot: End of partition table[0m
[0;32mI (101) esp_image: segment 0: paddr=00010020 vaddr=3f400020 size=5325ch (340572) map[0m
[0;32mI (197) esp_image: segment 1: paddr=00063284 vaddr=3ffb0000 size=0336ch ( 13164) load[0m
[0;32mI (201) esp_image: segment 2: paddr=000665f8 vaddr=40080000 size=09a20h ( 39456) load[0m
[0;32mI (214) esp_image: segment 3: paddr=00070020 vaddr=400d0020 size=30fech (200684) map[0m
[0;32mI (266) esp_image: segment 4: paddr=000a1014 vaddr=40089a20 size=072b0h ( 29360) load[0m
[0;32mI (284) boot: Loaded app from partition at offset 0x10000[0m
[0;32mI (284) boot: Disabling RNG early entropy source...[0m
[0;32mI (295) cpu_start: Multicore app[0m
[0;32mI (296) quad_psram: This chip is ESP32-D0WD[0m
[0;32mI (296) esp_psram: Found 8MB PSRAM device[0m
[0;32mI (298) esp_psram: Speed: 80MHz[0m
[0;32mI (302) esp_psram: PSRAM initialized, cache is in low/high (2-core) mode.[0m
[0;33mW (309) esp_psram: Virtual address not enough for PSRAM, map as much as we can. 4MB is mapped[0m
[0;32mI (782) esp_psram: SPI SRAM memory test OK[0m
[0;32mI (790) cpu_start: Pro cpu start user code[0m
[0;32mI (790) cpu_start: cpu freq: 240000000 Hz[0m
[0;32mI (790) app_init: Application information:[0m
[0;32mI (793) app_init: Project name:     person_detection[0m
[0;32mI (798) app_init: App version:      3b6d3d3-dirty[0m
[0;32mI (804) app_init: Compile time:     Jun 25 2024 12:26:20[0m
[0;32mI (810) app_init: ELF file SHA256:  00ea9d6c2...[0m
[0;32mI (815) app_init: ESP-IDF:          v5.3-dev-2747-g4f3cd0deb9[0m
[0;32mI (821) efuse_init: Min chip rev:     v0.0[0m
[0;32mI (826) efuse_init: Max chip rev:     v3.99 [0m
[0;32mI (831) efuse_init: Chip rev:         v1.0[0m
[0;32mI (836) heap_init: Initializing. RAM available for dynamic allocation:[0m
[0;32mI (843) heap_init: At 3FFAE6E0 len 00001920 (6 KiB): DRAM[0m
[0;32mI (849) heap_init: At 3FFB40F0 len 0002BF10 (175 KiB): DRAM[0m
[0;32mI (856) heap_init: At 3FFE0440 len 00003AE0 (14 KiB): D/IRAM[0m
[0;32mI (862) heap_init: At 3FFE4350 len 0001BCB0 (111 KiB): D/IRAM[0m
[0;32mI (868) heap_init: At 40090CD0 len 0000F330 (60 KiB): IRAM[0m
[0;32mI (875) esp_psram: Adding pool of 4096K of PSRAM memory to heap allocator[0m
[0;32mI (883) spi_flash: detected chip: generic[0m
[0;32mI (887) spi_flash: flash io: qio[0m
[0;33mW (891) i2c: This driver is an old driver, please migrate your application code to adapt `driver/i2c_master.h`[0m
[0;32mI (902) main_task: Started on CPU0[0m
[0;32mI (912) main_task: Calling app_main()[0m
[0;32mI (912) gpio: GPIO[13]| InputEn: 0| OutputEn: 0| OpenDrain: 0| Pullup: 1| Pulldown: 0| Intr:0 [0m
[0;32mI (912) gpio: GPIO[12]| InputEn: 0| OutputEn: 0| OpenDrain: 0| Pullup: 1| Pulldown: 0| Intr:0 [0m
[0;32mI (922) gpio: GPIO[4]| InputEn: 0| OutputEn: 0| OpenDrain: 0| Pullup: 1| Pulldown: 0| Intr:0 [0m
[0;32mI (932) gpio: GPIO[15]| InputEn: 0| OutputEn: 0| OpenDrain: 0| Pullup: 1| Pulldown: 0| Intr:0 [0m
Didn't find op for builtin opcode 'QUANTIZE'
Failed to get registration from op code QUANTIZE
 
AllocateTensors() failed
Boton No presionado
Guru Meditation Error: Core  0 panic'ed (LoadProhibited). Exception was unhandled.

Core  0 register dump:
PC      : 0x400d835c  PS      : 0x00060830  A0      : 0x800d7e65  A1      : 0x3ffb7970  
A2      : 0x00000000  A3      : 0x00000005  A4      : 0x3ffb3ab0  A5      : 0x3ffb3b78  
A6      : 0x3ffb3c38  A7      : 0x3ffb3c40  A8      : 0x00000000  A9      : 0x00000000  
A10     : 0x00000060  A11     : 0x00000060  A12     : 0x00000001  A13     : 0x3ffb39e0  
A14     : 0x3ffb3b20  A15     : 0x3ffb3ab0  SAR     : 0x0000000f  EXCCAUSE: 0x0000001c  
EXCVADDR: 0x00000010  LBEG    : 0x400870ad  LEND    : 0x400870bd  LCOUNT  : 0xfffffffa  


Backtrace: 0x400d8359:0x3ffb7970 0x400d7e62:0x3ffb7990




ELF file SHA256: 00ea9d6c2

Rebooting...
ets Jun  8 2016 00:22:57

rst:0xc (SW_CPU_RESET),boot:0x13 (SPI_FAST_FLASH_BOOT)
configsip: 0, SPIWP:0xee
clk_drv:0x00,q_drv:0x00,d_drv:0x00,cs0_drv:0x00,hd_drv:0x00,wp_drv:0x00
mode:DIO, clock div:1
load:0x3fff0030,len:7524
load:0x40078000,len:16552
load:0x40080400,len:4
load:0x40080404,len:4316
entry 0x4008065c
[0;32mI (29) boot: ESP-IDF v5.3-dev-2747-g4f3cd0deb9 2nd stage bootloader[0m
[0;32mI (29) boot: compile time Jun 25 2024 12:26:26[0m
[0;32mI (31) boot: Multicore bootloader[0m
[0;32mI (35) boot: chip revision: v1.0[0m
[0;32mI (39) qio_mode: Enabling default flash chip QIO[0m
[0;32mI (44) boot.esp32: SPI Speed      : 80MHz[0m
[0;32mI (49) boot.esp32: SPI Mode       : QIO[0m
[0;32mI (53) boot.esp32: SPI Flash Size : 4MB[0m
[0;32mI (58) boot: Enabling RNG early entropy source...[0m
[0;32mI (63) boot: Partition Table:[0m
[0;32mI (67) boot: ## Label            Usage          Type ST Offset   Length[0m
[0;32mI (74) boot:  0 nvs              WiFi data        01 02 00009000 00006000[0m
[0;32mI (82) boot:  1 phy_init         RF data          01 01 0000f000 00001000[0m
[0;32mI (89) boot:  2 factory          factory app      00 00 00010000 00180000[0m
[0;32mI (97) boot: End of partition table[0m
[0;32mI (101) esp_image: segment 0: paddr=00010020 vaddr=3f400020 size=5325ch (340572) map[0m
[0;32mI (197) esp_image: segment 1: paddr=00063284 vaddr=3ffb0000 size=0336ch ( 13164) load[0m
[0;32mI (201) esp_image: segment 2: paddr=000665f8 vaddr=40080000 size=09a20h ( 39456) load[0m
[0;32mI (214) esp_image: segment 3: paddr=00070020 vaddr=400d0020 size=30fech (200684) map[0m
[0;32mI (266) esp_image: segment 4: paddr=000a1014 vaddr=40089a20 size=072b0h ( 29360) load[0m
[0;32mI (284) boot: Loaded app from partition at offset 0x10000[0m
[0;32mI (284) boot: Disabling RNG early entropy source...[0m
[0;32mI (295) cpu_start: Multicore app[0m
[0;32mI (296) quad_psram: This chip is ESP32-D0WD[0m
[0;32mI (296) esp_psram: Found 8MB PSRAM device[0m
[0;32mI (298) esp_psram: Speed: 80MHz[0m
[0;32mI (302) esp_psram: PSRAM initialized, cache is in low/high (2-core) mode.[0m
[0;33mW (309) esp_psram: Virtual address not enough for PSRAM, map as much as we can. 4MB is mapped[0m
[0;32mI (782) esp_psram: SPI SRAM memory test OK[0m
[0;32mI (790) cpu_start: Pro cpu start user code[0m
[0;32mI (790) cpu_start: cpu freq: 240000000 Hz[0m
[0;32mI (790) app_init: Application information:[0m
[0;32mI (793) app_init: Project name:     person_detection[0m
[0;32mI (798) app_init: App version:      3b6d3d3-dirty[0m
[0;32mI (804) app_init: Compile time:     Jun 25 2024 12:26:20[0m
[0;32mI (810) app_init: ELF file SHA256:  00ea9d6c2...[0m
[0;32mI (815) app_init: ESP-IDF:          v5.3-dev-2747-g4f3cd0deb9[0m
[0;32mI (821) efuse_init: Min chip rev:     v0.0[0m
[0;32mI (826) efuse_init: Max chip rev:     v3.99 [0m
[0;32mI (831) efuse_init: Chip rev:         v1.0[0m
[0;32mI (836) heap_init: Initializing. RAM available for dynamic allocation:[0m
[0;32mI (843) heap_init: At 3FFAE6E0 len 00001920 (6 KiB): DRAM[0m
[0;32mI (849) heap_init: At 3FFB40F0 len 0002BF10 (175 KiB): DRAM[0m
[0;32mI (856) heap_init: At 3FFE0440 len 00003AE0 (14 KiB): D/IRAM[0m
[0;32mI (862) heap_init: At 3FFE4350 len 0001BCB0 (111 KiB): D/IRAM[0m
[0;32mI (868) heap_init: At 40090CD0 len 0000F330 (60 KiB): IRAM[0m
[0;32mI (875) esp_psram: Adding pool of 4096K of PSRAM memory to heap allocator[0m
[0;32mI (883) spi_flash: detected chip: generic[0m
[0;32mI (887) spi_flash: flash io: qio[0m
[0;33mW (891) i2c: This driver is an old driver, please migrate your application code to adapt `driver/i2c_master.h`[0m
[0;32mI (902) main_task: Started on CPU0[0m
[0;32mI (912) main_task: Calling app_main()[0m
[0;32mI (912) gpio: GPIO[13]| InputEn: 0| OutputEn: 0| OpenDrain: 0| Pullup: 1| Pulldown: 0| Intr:0 [0m
[0;32mI (912) gpio: GPIO[12]| InputEn: 0| OutputEn: 0| OpenDrain: 0| Pullup: 1| Pulldown: 0| Intr:0 [0m
[0;32mI (922) gpio: GPIO[4]| InputEn: 0| OutputEn: 0| OpenDrain: 0| Pullup: 1| Pulldown: 0| Intr:0 [0m
[0;32mI (932) gpio: GPIO[15]| InputEn: 0| OutputEn: 0| OpenDrain: 0| Pullup: 1| Pulldown: 0| Intr:0 [0m
Didn't find op for builtin opcode 'QUANTIZE'
Failed to get registration from op code QUANTIZE
 
AllocateTensors() failed
Boton No presionado
Guru Meditation Error: Core  0 panic'ed (LoadProhibited). Exception was unhandled.

Core  0 register dump:
PC      : 0x400d835c  PS      : 0x00060830  A0      : 0x800d7e65  A1      : 0x3ffb7970  
A2      : 0x00000000  A3      : 0x00000005  A4      : 0x3ffb3ab0  A5      : 0x3ffb3b78  
A6      : 0x3ffb3c38  A7      : 0x3ffb3c40  A8      : 0x00000000  A9      : 0x00000000  
A10     : 0x00000060  A11     : 0x00000060  A12     : 0x00000001  A13     : 0x3ffb39e0  
A14     : 0x3ffb3b20  A15     : 0x3ffb3ab0  SAR     : 0x0000000f  EXCCAUSE: 0x0000001c  
EXCVADDR: 0x00000010  LBEG    : 0x400870ad  LEND    : 0x400870bd  LCOUNT  : 0xfffffffa  


Backtrace: 0x400d8359:0x3ffb7970 0x400d7e62:0x3ffb7990




ELF file SHA256: 00ea9d6c2

Rebooting...
ets Jun  8 2016 00:22:57

rst:0xc (SW_CPU_RESET),boot:0x13 (SPI_FAST_FLASH_BOOT)
configsip: 0, SPIWP:0xee
clk_drv:0x00,q_drv:0x00,d_drv:0x00,cs0_drv:0x00,hd_drv:0x00,wp_drv:0x00
mode:DIO, clock div:1
load:0x3fff0030,len:7524
load:0x40078000,len:16552
load:0x40080400,len:4
load:0x40080404,len:4316
entry 0x4008065c
[0;32mI (29) boot: ESP-IDF v5.3-dev-2747-g4f3cd0deb9 2nd stage bootloader[0m
[0;32mI (29) boot: compile time Jun 25 2024 12:26:26[0m
[0;32mI (31) boot: Multicore bootloader[0m
[0;32mI (35) boot: chip revision: v1.0[0m
[0;32mI (39) qio_mode: Enabling default flash chip QIO[0m
[0;32mI (44) boot.esp32: SPI Speed      : 80MHz[0m
[0;32mI (49) boot.esp32: SPI Mode       : QIO[0m
[0;32mI (53) boot.esp32: SPI Flash Size : 4MB[0m
[0;32mI (58) boot: Enabling RNG early entropy source...[0m
[0;32mI (63) boot: Partition Table:[0m
[0;32mI (67) boot: ## Label            Usage          Type ST Offset   Length[0m
[0;32mI (74) boot:  0 nvs              WiFi data        01 02 00009000 00006000[0m
[0;32mI (82) boot:  1 phy_init         RF data          01 01 0000f000 00001000[0m
[0;32mI (89) boot:  2 factory          factory app      00 00 00010000 00180000[0m
[0;32mI (97) boot: End of partition table[0m
[0;32mI (101) esp_image: segment 0: paddr=00010020 vaddr=3f400020 size=5325ch (340572) map[0m
[0;32mI (197) esp_image: segment 1: paddr=00063284 vaddr=3ffb0000 size=0336ch ( 13164) load[0m
[0;32mI (201) esp_image: segment 2: paddr=000665f8 vaddr=40080000 size=09a20h ( 39456) load[0m
[0;32mI (214) esp_image: segment 3: paddr=00070020 vaddr=400d0020 size=30fech (200684) map[0m
[0;32mI (266) esp_image: segment 4: paddr=000a1014 vaddr=40089a20 size=072b0h ( 29360) load[0m
[0;32mI (284) boot: Loaded app from partition at offset 0x10000[0m
[0;32mI (284) boot: Disabling RNG early entropy source...[0m
[0;32mI (295) cpu_start: Multicore app[0m
[0;32mI (296) quad_psram: This chip is ESP32-D0WD[0m
[0;32mI (296) esp_psram: Found 8MB PSRAM device[0m
[0;32mI (298) esp_psram: Speed: 80MHz[0m
[0;32mI (302) esp_psram: PSRAM initialized, cache is in low/high (2-core) mode.[0m
[0;33mW (309) esp_psram: Virtual address not enough for PSRAM, map as much as we can. 4MB is mapped[0m
[0;32mI (782) esp_psram: SPI SRAM memory test OK[0m
[0;32mI (790) cpu_start: Pro cpu start user code[0m
[0;32mI (790) cpu_start: cpu freq: 240000000 Hz[0m
[0;32mI (790) app_init: Application information:[0m
[0;32mI (793) app_init: Project name:     person_detection[0m
[0;32mI (798) app_init: App version:      3b6d3d3-dirty[0m
[0;32mI (804) app_init: Compile time:     Jun 25 2024 12:26:20[0m
[0;32mI (810) app_init: ELF file SHA256:  00ea9d6c2...[0m
[0;32mI (815) app_init: ESP-IDF:          v5.3-dev-2747-g4f3cd0deb9[0m
[0;32mI (821) efuse_init: Min chip rev:     v0.0[0m
[0;32mI (826) efuse_init: Max chip rev:     v3.99 [0m
[0;32mI (831) efuse_init: Chip rev:         v1.0[0m
[0;32mI (836) heap_init: Initializing. RAM available for dynamic allocation:[0m
[0;32mI (843) heap_init: At 3FFAE6E0 len 00001920 (6 KiB): DRAM[0m
[0;32mI (849) heap_init: At 3FFB40F0 len 0002BF10 (175 KiB): DRAM[0m
[0;32mI (856) heap_init: At 3FFE0440 len 00003AE0 (14 KiB): D/IRAM[0m
[0;32mI (862) heap_init: At 3FFE4350 len 0001BCB0 (111 KiB): D/IRAM[0m
[0;32mI (868) heap_init: At 40090CD0 len 0000F330 (60 KiB): IRAM[0m
[0;32mI (875) esp_psram: Adding pool of 4096K of PSRAM memory to heap allocator[0m
[0;32mI (883) spi_flash: detected chip: generic[0m
[0;32mI (887) spi_flash: flash io: qio[0m
[0;33mW (891) i2c: This driver is an old driver, please migrate your application code to adapt `driver/i2c_master.h`[0m
[0;32mI (902) main_task: Started on CPU0[0m
[0;32mI (912) main_task: Calling app_main()[0m
[0;32mI (912) gpio: GPIO[13]| InputEn: 0| OutputEn: 0| OpenDrain: 0| Pullup: 1| Pulldown: 0| Intr:0 [0m
[0;32mI (912) gpio: GPIO[12]| InputEn: 0| OutputEn: 0| OpenDrain: 0| Pullup: 1| Pulldown: 0| Intr:0 [0m
[0;32mI (922) gpio: GPIO[4]| InputEn: 0| OutputEn: 0| OpenDrain: 0| Pullup: 1| Pulldown: 0| Intr:0 [0m
[0;32mI (932) gpio: GPIO[15]| InputEn: 0| OutputEn: 0| OpenDrain: 0| Pullup: 1| Pulldown: 0| Intr:0 [0m
Didn't find op for builtin opcode 'QUANTIZE'
Failed to get registration from op code QUANTIZE
 
AllocateTensors() failed
Boton No presionado
Guru Meditation Error: Core  0 panic'ed (LoadProhibited). Exception was unhandled.

Core  0 register dump:
PC      : 0x400d835c  PS      : 0x00060830  A0      : 0x800d7e65  A1      : 0x3ffb7970  
A2      : 0x00000000  A3      : 0x00000005  A4      : 0x3ffb3ab0  A5      : 0x3ffb3b78  
A6      : 0x3ffb3c38  A7      : 0x3ffb3c40  A8      : 0x00000000  A9      : 0x00000000  
A10     : 0x00000060  A11     : 0x00000060  A12     : 0x00000001  A13     : 0x3ffb39e0  
A14     : 0x3ffb3b20  A15     : 0x3ffb3ab0  SAR     : 0x0000000f  EXCCAUSE: 0x0000001c  
EXCVADDR: 0x00000010  LBEG    : 0x400870ad  LEND    : 0x400870bd  LCOUNT  : 0xfffffffa  


Backtrace: 0x400d8359:0x3ffb7970 0x400d7e62:0x3ffb7990




ELF file SHA256: 00ea9d6c2

Rebooting...
ets Jun  8 2016 00:22:57

rst:0xc (SW_CPU_RESET),boot:0x13 (SPI_FAST_FLASH_BOOT)
configsip: 0, SPIWP:0xee
clk_drv:0x00,q_drv:0x00,d_drv:0x00,cs0_drv:0x00,hd_drv:0x00,wp_drv:0x00
mode:DIO, clock div:1
load:0x3fff0030,len:7524
load:0x40078000,len:16552
load:0x40080400,len:4
load:0x40080404,len:4316
entry 0x4008065c
[0;32mI (29) boot: ESP-IDF v5.3-dev-2747-g4f3cd0deb9 2nd stage bootloader[0m
[0;32mI (29) boot: compile time Jun 25 2024 12:26:26[0m
[0;32mI (31) boot: Multicore bootloader[0m
[0;32mI (35) boot: chip revision: v1.0[0m
[0;32mI (39) qio_mode: Enabling default flash chip QIO[0m
[0;32mI (44) boot.esp32: SPI Speed      : 80MHz[0m
[0;32mI (49) boot.esp32: SPI Mode       : QIO[0m
[0;32mI (53) boot.esp32: SPI Flash Size : 4MB[0m
[0;32mI (58) boot: Enabling RNG early entropy source...[0m
[0;32mI (63) boot: Partition Table:[0m
[0;32mI (67) boot: ## Label            Usage          Type ST Offset   Length[0m
[0;32mI (74) boot:  0 nvs              WiFi data        01 02 00009000 00006000[0m
[0;32mI (82) boot:  1 phy_init         RF data          01 01 0000f000 00001000[0m
[0;32mI (89) boot:  2 factory          factory app      00 00 00010000 00180000[0m
[0;32mI (97) boot: End of partition table[0m
[0;32mI (101) esp_image: segment 0: paddr=00010020 vaddr=3f400020 size=5325ch (340572) map[0m
[0;32mI (197) esp_image: segment 1: paddr=00063284 vaddr=3ffb0000 size=0336ch ( 13164) load[0m
[0;32mI (201) esp_image: segment 2: paddr=000665f8 vaddr=40080000 size=09a20h ( 39456) load[0m
[0;32mI (214) esp_image: segment 3: paddr=00070020 vaddr=400d0020 size=30fech (200684) map[0m
[0;32mI (266) esp_image: segment 4: paddr=000a1014 vaddr=40089a20 size=072b0h ( 29360) load[0m
[0;32mI (284) boot: Loaded app from partition at offset 0x10000[0m
[0;32mI (284) boot: Disabling RNG early entropy source...[0m
[0;32mI (295) cpu_start: Multicore app[0m
[0;32mI (296) quad_psram: This chip is ESP32-D0WD[0m
[0;32mI (296) esp_psram: Found 8MB PSRAM device[0m
[0;32mI (298) esp_psram: Speed: 80MHz[0m
[0;32mI (302) esp_psram: PSRAM initialized, cache is in low/high (2-core) mode.[0m
[0;33mW (309) esp_psram: Virtual address not enough for PSRAM, map as much as we can. 4MB is mapped[0m
[0;32mI (782) esp_psram: SPI SRAM memory test OK[0m
[0;32mI (790) cpu_start: Pro cpu start user code[0m
[0;32mI (790) cpu_start: cpu freq: 240000000 Hz[0m
[0;32mI (790) app_init: Application information:[0m
[0;32mI (793) app_init: Project name:     person_detection[0m
[0;32mI (798) app_init: App version:      3b6d3d3-dirty[0m
[0;32mI (804) app_init: Compile time:     Jun 25 2024 12:26:20[0m
[0;32mI (810) app_init: ELF file SHA256:  00ea9d6c2...[0m
[0;32mI (815) app_init: ESP-IDF:          v5.3-dev-2747-g4f3cd0deb9[0m
[0;32mI (821) efuse_init: Min chip rev:     v0.0[0m
[0;32mI (826) efuse_init: Max chip rev:     v3.99 [0m
[0;32mI (831) efuse_init: Chip rev:         v1.0[0m
[0;32mI (836) heap_init: Initializing. RAM available for dynamic allocation:[0m
[0;32mI (843) heap_init: At 3FFAE6E0 len 00001920 (6 KiB): DRAM[0m
[0;32mI (849) heap_init: At 3FFB40F0 len 0002BF10 (175 KiB): DRAM[0m
[0;32mI (856) heap_init: At 3FFE0440 len 00003AE0 (14 KiB): D/IRAM[0m
[0;32mI (862) heap_init: At 3FFE4350 len 0001BCB0 (111 KiB): D/IRAM[0m
[0;32mI (868) heap_init: At 40090CD0 len 0000F330 (60 KiB): IRAM[0m
[0;32mI (875) esp_psram: Adding pool of 4096K of PSRAM memory to heap allocator[0m
[0;32mI (883) spi_flash: detected chip: generic[0m
[0;32mI (887) spi_flash: flash io: qio[0m
[0;33mW (891) i2c: This driver is an old driver, please migrate your application code to adapt `driver/i2c_master.h`[0m
[0;32mI (902) main_task: Started on CPU0[0m
[0;32mI (912) main_task: Calling app_main()[0m
[0;32mI (912) gpio: GPIO[13]| InputEn: 0| OutputEn: 0| OpenDrain: 0| Pullup: 1| Pulldown: 0| Intr:0 [0m
[0;32mI (912) gpio: GPIO[12]| InputEn: 0| OutputEn: 0| OpenDrain: 0| Pullup: 1| Pulldown: 0| Intr:0 [0m
[0;32mI (922) gpio: GPIO[4]| InputEn: 0| OutputEn: 0| OpenDrain: 0| Pullup: 1| Pulldown: 0| Intr:0 [0m
[0;32mI (932) gpio: GPIO[15]| InputEn: 0| OutputEn: 0| OpenDrain: 0| Pullup: 1| Pulldown: 0| Intr:0 [0m
Didn't find op for builtin opcode 'QUANTIZE'
Failed to get registration from op code QUANTIZE
 
AllocateTensors() failed
Boton No presionado
Guru Meditation Error: Core  0 panic'ed (LoadProhibited). Exception was unhandled.

Core  0 register dump:
PC      : 0x400d835c  PS      : 0x00060830  A0      : 0x800d7e65  A1      : 0x3ffb7970  
A2      : 0x00000000  A3      : 0x00000005  A4      : 0x3ffb3ab0  A5      : 0x3ffb3b78  
A6      : 0x3ffb3c38  A7      : 0x3ffb3c40  A8      : 0x00000000  A9      : 0x00000000  
A10     : 0x00000060  A11     : 0x00000060  A12     : 0x00000001  A13     : 0x3ffb39e0  
A14     : 0x3ffb3b20  A15     : 0x3ffb3ab0  SAR     : 0x0000000f  EXCCAUSE: 0x0000001c  
EXCVADDR: 0x00000010  LBEG    : 0x400870ad  LEND    : 0x400870bd  LCOUNT  : 0xfffffffa  


Backtrace: 0x400d8359:0x3ffb7970 0x400d7e62:0x3ffb7990




ELF file SHA256: 00ea9d6c2

Rebooting...
ets Jun  8 2016 00:22:57

rst:0xc (SW_CPU_RESET),boot:0x13 (SPI_FAST_FLASH_BOOT)
configsip: 0, SPIWP:0xee
clk_drv:0x00,q_drv:0x00,d_drv:0x00,cs0_drv:0x00,hd_drv:0x00,wp_drv:0x00
mode:DIO, clock div:1
load:0x3fff0030,len:7524
load:0x40078000,len:16552
load:0x40080400,len:4
load:0x40080404,len:4316
entry 0x4008065c
[0;32mI (29) boot: ESP-IDF v5.3-dev-2747-g4f3cd0deb9 2nd stage bootloader[0m
[0;32mI (29) boot: compile time Jun 25 2024 12:26:26[0m
[0;32mI (31) boot: Multicore bootloader[0m
[0;32mI (35) boot: chip revision: v1.0[0m
[0;32mI (39) qio_mode: Enabling default flash chip QIO[0m
[0;32mI (44) boot.esp32: SPI Speed      : 80MHz[0m
[0;32mI (49) boot.esp32: SPI Mode       : QIO[0m
[0;32mI (53) boot.esp32: SPI Flash Size : 4MB[0m
[0;32mI (58) boot: Enabling RNG early entropy source...[0m
[0;32mI (63) boot: Partition Table:[0m
[0;32mI (67) boot: ## Label            Usage          Type ST Offset   Length[0m
[0;32mI (74) boot:  0 nvs              WiFi data        01 02 00009000 00006000[0m
[0;32mI (82) boot:  1 phy_init         RF data          01 01 0000f000 00001000[0m
[0;32mI (89) boot:  2 factory          factory app      00 00 00010000 00180000[0m
[0;32mI (97) boot: End of partition table[0m
[0;32mI (101) esp_image: segment 0: paddr=00010020 vaddr=3f400020 size=5325ch (340572) map[0m
[0;32mI (197) esp_image: segment 1: paddr=00063284 vaddr=3ffb0000 size=0336ch ( 13164) load[0m
[0;32mI (201) esp_image: segment 2: paddr=000665f8 vaddr=40080000 size=09a20h ( 39456) load[0m
[0;32mI (214) esp_image: segment 3: paddr=00070020 vaddr=400d0020 size=30fech (200684) map[0m
[0;32mI (266) esp_image: segment 4: paddr=000a1014 vaddr=40089a20 size=072b0h ( 29360) load[0m
[0;32mI (284) boot: Loaded app from partition at offset 0x10000[0m
[0;32mI (284) boot: Disabling RNG early entropy source...[0m
[0;32mI (295) cpu_start: Multicore app[0m
[0;32mI (296) quad_psram: This chip is ESP32-D0WD[0m
[0;32mI (296) esp_psram: Found 8MB PSRAM device[0m
[0;32mI (298) esp_psram: Speed: 80MHz[0m
[0;32mI (302) esp_psram: PSRAM initialized, cache is in low/high (2-core) mode.[0m
[0;33mW (309) esp_psram: Virtual address not enough for PSRAM, map as much as we can. 4MB is mapped[0m
[0;32mI (782) esp_psram: SPI SRAM memory test OK[0m
[0;32mI (790) cpu_start: Pro cpu start user code[0m
[0;32mI (790) cpu_start: cpu freq: 240000000 Hz[0m
[0;32mI (790) app_init: Application information:[0m
[0;32mI (793) app_init: Project name:     person_detection[0m
[0;32mI (798) app_init: App version:      3b6d3d3-dirty[0m
[0;32mI (804) app_init: Compile time:     Jun 25 2024 12:26:20[0m
[0;32mI (810) app_init: ELF file SHA256:  00ea9d6c2...[0m
[0;32mI (815) app_init: ESP-IDF:          v5.3-dev-2747-g4f3cd0deb9[0m
[0;32mI (821) efuse_init: Min chip rev:     v0.0[0m
[0;32mI (826) efuse_init: Max chip rev:     v3.99 [0m
[0;32mI (831) efuse_init: Chip rev:         v1.0[0m
[0;32mI (836) heap_init: Initializing. RAM available for dynamic allocation:[0m
[0;32mI (843) heap_init: At 3FFAE6E0 len 00001920 (6 KiB): DRAM[0m
[0;32mI (849) heap_init: At 3FFB40F0 len 0002BF10 (175 KiB): DRAM[0m
[0;32mI (856) heap_init: At 3FFE0440 len 00003AE0 (14 KiB): D/IRAM[0m
[0;32mI (862) heap_init: At 3FFE4350 len 0001BCB0 (111 KiB): D/IRAM[0m
[0;32mI (868) heap_init: At 40090CD0 len 0000F330 (60 KiB): IRAM[0m
[0;32mI (875) esp_psram: Adding pool of 4096K of PSRAM memory to heap allocator[0m
[0;32mI (883) spi_flash: detected chip: generic[0m
[0;32mI (887) spi_flash: flash io: qio[0m
[0;33mW (891) i2c: This driver is an old driver, please migrate your application code to adapt `driver/i2c_master.h`[0m
[0;32mI (902) main_task: Started on CPU0[0m
[0;32mI (912) main_task: Calling app_main()[0m
[0;32mI (912) gpio: GPIO[13]| InputEn: 0| OutputEn: 0| OpenDrain: 0| Pullup: 1| Pulldown: 0| Intr:0 [0m
[0;32mI (912) gpio: GPIO[12]| InputEn: 0| OutputEn: 0| OpenDrain: 0| Pullup: 1| Pulldown: 0| Intr:0 [0m
[0;32mI (922) gpio: GPIO[4]| InputEn: 0| OutputEn: 0| OpenDrain: 0| Pullup: 1| Pulldown: 0| Intr:0 [0m
[0;32mI (932) gpio: GPIO[15]| InputEn: 0| OutputEn: 0| OpenDrain: 0| Pullup: 1| Pulldown: 0| Intr:0 [0m
Didn't find op for builtin opcode 'QUANTIZE'
Failed to get registration from op code QUANTIZE
 
AllocateTensors() failed
Boton No presionado
Guru Meditation Error: Core  0 panic'ed (LoadProhibited). Exception was unhandled.

Core  0 register dump:
PC      : 0x400d835c  PS      : 0x00060830  A0      : 0x800d7e65  A1      : 0x3ffb7970  
A2      : 0x00000000  A3      : 0x00000005  A4      : 0x3ffb3ab0  A5      : 0x3ffb3b78  
A6      : 0x3ffb3c38  A7      : 0x3ffb3c40  A8      : 0x00000000  A9      : 0x00000000  
A10     : 0x00000060  A11     : 0x00000060  A12     : 0x00000001  A13     : 0x3ffb39e0  
A14     : 0x3ffb3b20  A15     : 0x3ffb3ab0  SAR     : 0x0000000f  EXCCAUSE: 0x0000001c  
EXCVADDR: 0x00000010  LBEG    : 0x400870ad  LEND    : 0x400870bd  LCOUNT  : 0xfffffffa  


Backtrace: 0x400d8359:0x3ffb7970 0x400d7e62:0x3ffb7990




ELF file SHA256: 00ea9d6c2

Rebooting...
ets Jun  8 2016 00:22:57

rst:0xc (SW_CPU_RESET),boot:0x13 (SPI_FAST_FLASH_BOOT)
configsip: 0, SPIWP:0xee
clk_drv:0x00,q_drv:0x00,d_drv:0x00,cs0_drv:0x00,hd_drv:0x00,wp_drv:0x00
mode:DIO, clock div:1
load:0x3fff0030,len:7524
load:0x40078000,len:16552
load:0x40080400,len:4
load:0x40080404,len:4316
entry 0x4008065c
[0;32mI (29) boot: ESP-IDF v5.3-dev-2747-g4f3cd0deb9 2nd stage bootloader[0m
[0;32mI (29) boot: compile time Jun 25 2024 12:26:26[0m
[0;32mI (31) boot: Multicore bootloader[0m
[0;32mI (35) boot: chip revision: v1.0[0m
[0;32mI (39) qio_mode: Enabling default flash chip QIO[0m
[0;32mI (44) boot.esp32: SPI Speed      : 80MHz[0m
[0;32mI (49) boot.esp32: SPI Mode       : QIO[0m
[0;32mI (53) boot.esp32: SPI Flash Size : 4MB[0m
[0;32mI (58) boot: Enabling RNG early entropy source...[0m
[0;32mI (63) boot: Partition Table:[0m
[0;32mI (67) boot: ## Label            Usage          Type ST Offset   Length[0m
[0;32mI (74) boot:  0 nvs              WiFi data        01 02 00009000 00006000[0m
[0;32mI (82) boot:  1 phy_init         RF data          01 01 0000f000 00001000[0m
[0;32mI (89) boot:  2 factory          factory app      00 00 00010000 00180000[0m
[0;32mI (97) boot: End of partition table[0m
[0;32mI (101) esp_image: segment 0: paddr=00010020 vaddr=3f400020 size=5325ch (340572) map[0m
[0;32mI (197) esp_image: segment 1: paddr=00063284 vaddr=3ffb0000 size=0336ch ( 13164) load[0m
[0;32mI (201) esp_image: segment 2: paddr=000665f8 vaddr=40080000 size=09a20h ( 39456) load[0m
[0;32mI (214) esp_image: segment 3: paddr=00070020 vaddr=400d0020 size=30fech (200684) map[0m
[0;32mI (266) esp_image: segment 4: paddr=000a1014 vaddr=40089a20 size=072b0h ( 29360) load[0m
[0;32mI (284) boot: Loaded app from partition at offset 0x10000[0m
[0;32mI (284) boot: Disabling RNG early entropy source...[0m
[0;32mI (295) cpu_start: Multicore app[0m
[0;32mI (296) quad_psram: This chip is ESP32-D0WD[0m
[0;32mI (296) esp_psram: Found 8MB PSRAM device[0m
[0;32mI (298) esp_psram: Speed: 80MHz[0m
[0;32mI (302) esp_psram: PSRAM initialized, cache is in low/high (2-core) mode.[0m
[0;33mW (309) esp_psram: Virtual address not enough for PSRAM, map as much as we can. 4MB is mapped[0m
[0;32mI (782) esp_psram: SPI SRAM memory test OK[0m
[0;32mI (790) cpu_start: Pro cpu start user code[0m
[0;32mI (790) cpu_start: cpu freq: 240000000 Hz[0m
[0;32mI (790) app_init: Application information:[0m
[0;32mI (793) app_init: Project name:     person_detection[0m
[0;32mI (798) app_init: App version:      3b6d3d3-dirty[0m
[0;32mI (804) app_init: Compile time:     Jun 25 2024 12:26:20[0m
[0;32mI (810) app_init: ELF file SHA256:  00ea9d6c2...[0m
[0;32mI (815) app_init: ESP-IDF:          v5.3-dev-2747-g4f3cd0deb9[0m
[0;32mI (821) efuse_init: Min chip rev:     v0.0[0m
[0;32mI (826) efuse_init: Max chip rev:     v3.99 [0m
[0;32mI (831) efuse_init: Chip rev:         v1.0[0m
[0;32mI (836) heap_init: Initializing. RAM available for dynamic allocation:[0m
[0;32mI (843) heap_init: At 3FFAE6E0 len 00001920 (6 KiB): DRAM[0m
[0;32mI (849) heap_init: At 3FFB40F0 len 0002BF10 (175 KiB): DRAM[0m
[0;32mI (856) heap_init: At 3FFE0440 len 00003AE0 (14 KiB): D/IRAM[0m
[0;32mI (862) heap_init: At 3FFE4350 len 0001BCB0 (111 KiB): D/IRAM[0m
[0;32mI (868) heap_init: At 40090CD0 len 0000F330 (60 KiB): IRAM[0m
[0;32mI (875) esp_psram: Adding pool of 4096K of PSRAM memory to heap allocator[0m
[0;32mI (883) spi_flash: detected chip: generic[0m
[0;32mI (887) spi_flash: flash io: qio[0m
[0;33mW (891) i2c: This driver is an old driver, please migrate your application code to adapt `driver/i2c_master.h`[0m
[0;32mI (902) main_task: Started on CPU0[0m
[0;32mI (912) main_task: Calling app_main()[0m
[0;32mI (912) gpio: GPIO[13]| InputEn: 0| OutputEn: 0| OpenDrain: 0| Pullup: 1| Pulldown: 0| Intr:0 [0m
[0;32mI (912) gpio: GPIO[12]| InputEn: 0| OutputEn: 0| OpenDrain: 0| Pullup: 1| Pulldown: 0| Intr:0 [0m
[0;32mI (922) gpio: GPIO[4]| InputEn: 0| OutputEn: 0| OpenDrain: 0| Pullup: 1| Pulldown: 0| Intr:0 [0m
[0;32mI (932) gpio: GPIO[15]| InputEn: 0| OutputEn: 0| OpenDrain: 0| Pullup: 1| Pulldown: 0| Intr:0 [0m
Didn't find op for builtin opcode 'QUANTIZE'
Failed to get registration from op code QUANTIZE
 
AllocateTensors() failed
Boton No presionado
Guru Meditation Error: Core  0 panic'ed (LoadProhibited). Exception was unhandled.

Core  0 register dump:
PC      : 0x400d835c  PS      : 0x00060830  A0      : 0x800d7e65  A1      : 0x3ffb7970  
A2      : 0x00000000  A3      : 0x00000005  A4      : 0x3ffb3ab0  A5      : 0x3ffb3b78  
A6      : 0x3ffb3c38  A7      : 0x3ffb3c40  A8      : 0x00000000  A9      : 0x00000000  
A10     : 0x00000060  A11     : 0x00000060  A12     : 0x00000001  A13     : 0x3ffb39e0  
A14     : 0x3ffb3b20  A15     : 0x3ffb3ab0  SAR     : 0x0000000f  EXCCAUSE: 0x0000001c  
EXCVADDR: 0x00000010  LBEG    : 0x400870ad  LEND    : 0x400870bd  LCOUNT  : 0xfffffffa  


Backtrace: 0x400d8359:0x3ffb7970 0x400d7e62:0x3ffb7990




ELF file SHA256: 00ea9d6c2

Rebooting...
ets Jun  8 2016 00:22:57

rst:0xc (SW_CPU_RESET),boot:0x13 (SPI_FAST_FLASH_BOOT)
configsip: 0, SPIWP:0xee
clk_drv:0x00,q_drv:0x00,d_drv:0x00,cs0_drv:0x00,hd_drv:0x00,wp_drv:0x00
mode:DIO, clock div:1
load:0x3fff0030,len:7524
load:0x40078000,len:16552
load:0x40080400,len:4
load:0x40080404,len:4316
entry 0x4008065c
[0;32mI (29) boot: ESP-IDF v5.3-dev-2747-g4f3cd0deb9 2nd stage bootloader[0m
[0;32mI (29) boot: compile time Jun 25 2024 12:26:26[0m
[0;32mI (31) boot: Multicore bootloader[0m
[0;32mI (35) boot: chip revision: v1.0[0m
[0;32mI (39) qio_mode: Enabling default flash chip QIO[0m
[0;32mI (44) boot.esp32: SPI Speed      : 80MHz[0m
[0;32mI (49) boot.esp32: SPI Mode       : QIO[0m
[0;32mI (53) boot.esp32: SPI Flash Size : 4MB[0m
[0;32mI (58) boot: Enabling RNG early entropy source...[0m
[0;32mI (63) boot: Partition Table:[0m
[0;32mI (67) boot: ## Label            Usage          Type ST Offset   Length[0m
[0;32mI (74) boot:  0 nvs              WiFi data        01 02 00009000 00006000[0m
[0;32mI (82) boot:  1 phy_init         RF data          01 01 0000f000 00001000[0m
[0;32mI (89) boot:  2 factory          factory app      00 00 00010000 00180000[0m
[0;32mI (97) boot: End of partition table[0m
[0;32mI (101) esp_image: segment 0: paddr=00010020 vaddr=3f400020 size=5325ch (340572) map[0m
[0;32mI (197) esp_image: segment 1: paddr=00063284 vaddr=3ffb0000 size=0336ch ( 13164) load[0m
[0;32mI (201) esp_image: segment 2: paddr=000665f8 vaddr=40080000 size=09a20h ( 39456) load[0m
[0;32mI (214) esp_image: segment 3: paddr=00070020 vaddr=400d0020 size=30fech (200684) map[0m
[0;32mI (266) esp_image: segment 4: paddr=000a1014 vaddr=40089a20 size=072b0h ( 29360) load[0m
[0;32mI (284) boot: Loaded app from partition at offset 0x10000[0m
[0;32mI (284) boot: Disabling RNG early entropy source...[0m
[0;32mI (295) cpu_start: Multicore app[0m
[0;32mI (296) quad_psram: This chip is ESP32-D0WD[0m
[0;32mI (296) esp_psram: Found 8MB PSRAM device[0m
[0;32mI (298) esp_psram: Speed: 80MHz[0m
[0;32mI (302) esp_psram: PSRAM initialized, cache is in low/high (2-core) mode.[0m
[0;33mW (309) esp_psram: Virtual address not enough for PSRAM, map as much as we can. 4MB is mapped[0m
[0;32mI (782) esp_psram: SPI SRAM memory test OK[0m
[0;32mI (790) cpu_start: Pro cpu start user code[0m
[0;32mI (790) cpu_start: cpu freq: 240000000 Hz[0m
[0;32mI (790) app_init: Application information:[0m
[0;32mI (793) app_init: Project name:     person_detection[0m
[0;32mI (798) app_init: App version:      3b6d3d3-dirty[0m
[0;32mI (804) app_init: Compile time:     Jun 25 2024 12:26:20[0m
[0;32mI (810) app_init: ELF file SHA256:  00ea9d6c2...[0m
[0;32mI (815) app_init: ESP-IDF:          v5.3-dev-2747-g4f3cd0deb9[0m
[0;32mI (821) efuse_init: Min chip rev:     v0.0[0m
[0;32mI (826) efuse_init: Max chip rev:     v3.99 [0m
[0;32mI (831) efuse_init: Chip rev:         v1.0[0m
[0;32mI (836) heap_init: Initializing. RAM available for dynamic allocation:[0m
[0;32mI (843) heap_init: At 3FFAE6E0 len 00001920 (6 KiB): DRAM[0m
[0;32mI (849) heap_init: At 3FFB40F0 len 0002BF10 (175 KiB): DRAM[0m
[0;32mI (856) heap_init: At 3FFE0440 len 00003AE0 (14 KiB): D/IRAM[0m
[0;32mI (862) heap_init: At 3FFE4350 len 0001BCB0 (111 KiB): D/IRAM[0m
[0;32mI (868) heap_init: At 40090CD0 len 0000F330 (60 KiB): IRAM[0m
[0;32mI (875) esp_psram: Adding pool of 4096K of PSRAM memory to heap allocator[0m
[0;32mI (883) spi_flash: detected chip: generic[0m
[0;32mI (887) spi_flash: flash io: qio[0m
[0;33mW (891) i2c: This driver is an old driver, please migrate your application code to adapt `driver/i2c_master.h`[0m
[0;32mI (902) main_task: Started on CPU0[0m
[0;32mI (912) main_task: Calling app_main()[0m
[0;32mI (912) gpio: GPIO[13]| InputEn: 0| OutputEn: 0| OpenDrain: 0| Pullup: 1| Pulldown: 0| Intr:0 [0m
[0;32mI (912) gpio: GPIO[12]| InputEn: 0| OutputEn: 0| OpenDrain: 0| Pullup: 1| Pulldown: 0| Intr:0 [0m
[0;32mI (922) gpio: GPIO[4]| InputEn: 0| OutputEn: 0| OpenDrain: 0| Pullup: 1| Pulldown: 0| Intr:0 [0m
[0;32mI (932) gpio: GPIO[15]| InputEn: 0| OutputEn: 0| OpenDrain: 0| Pullup: 1| Pulldown: 0| Intr:0 [0m
Didn't find op for builtin opcode 'QUANTIZE'
Failed to get registration from op code QUANTIZE
 
AllocateTensors() failed
Boton No presionado
Guru Meditation Error: Core  0 panic'ed (LoadProhibited). Exception was unhandled.

Core  0 register dump:
PC      : 0x400d835c  PS      : 0x00060830  A0      : 0x800d7e65  A1      : 0x3ffb7970  
A2      : 0x00000000  A3      : 0x00000005  A4      : 0x3ffb3ab0  A5      : 0x3ffb3b78  
A6      : 0x3ffb3c38  A7      : 0x3ffb3c40  A8      : 0x00000000  A9      : 0x00000000  
A10     : 0x00000060  A11     : 0x00000060  A12     : 0x00000001  A13     : 0x3ffb39e0  
A14     : 0x3ffb3b20  A15     : 0x3ffb3ab0  SAR     : 0x0000000f  EXCCAUSE: 0x0000001c  
EXCVADDR: 0x00000010  LBEG    : 0x400870ad  LEND    : 0x400870bd  LCOUNT  : 0xfffffffa  


Backtrace: 0x400d8359:0x3ffb7970 0x400d7e62:0x3ffb7990




ELF file SHA256: 00ea9d6c2

Rebooting...
ets Jun  8 2016 00:22:57

rst:0xc (SW_CPU_RESET),boot:0x13 (SPI_FAST_FLASH_BOOT)
configsip: 0, SPIWP:0xee
clk_drv:0x00,q_drv:0x00,d_drv:0x00,cs0_drv:0x00,hd_drv:0x00,wp_drv:0x00
mode:DIO, clock div:1
load:0x3fff0030,len:7524
load:0x40078000,len:16552
load:0x40080400,len:4
load:0x40080404,len:4316
entry 0x4008065c
[0;32mI (29) boot: ESP-IDF v5.3-dev-2747-g4f3cd0deb9 2nd stage bootloader[0m
[0;32mI (29) boot: compile time Jun 25 2024 12:26:26[0m
[0;32mI (31) boot: Multicore bootloader[0m
[0;32mI (35) boot: chip revision: v1.0[0m
[0;32mI (39) qio_mode: Enabling default flash chip QIO[0m
[0;32mI (44) boot.esp32: SPI Speed      : 80MHz[0m
[0;32mI (49) boot.esp32: SPI Mode       : QIO[0m
[0;32mI (53) boot.esp32: SPI Flash Size : 4MB[0m
[0;32mI (58) boot: Enabling RNG early entropy source...[0m
[0;32mI (63) boot: Partition Table:[0m
[0;32mI (67) boot: ## Label            Usage          Type ST Offset   Length[0m
[0;32mI (74) boot:  0 nvs              WiFi data        01 02 00009000 00006000[0m
[0;32mI (82) boot:  1 phy_init         RF data          01 01 0000f000 00001000[0m
[0;32mI (89) boot:  2 factory          factory app      00 00 00010000 00180000[0m
[0;32mI (97) boot: End of partition table[0m
[0;32mI (101) esp_image: segment 0: paddr=00010020 vaddr=3f400020 size=5325ch (340572) map[0m
[0;32mI (197) esp_image: segment 1: paddr=00063284 vaddr=3ffb0000 size=0336ch ( 13164) load[0m
[0;32mI (201) esp_image: segment 2: paddr=000665f8 vaddr=40080000 size=09a20h ( 39456) load[0m
[0;32mI (214) esp_image: segment 3: paddr=00070020 vaddr=400d0020 size=30fech (200684) map[0m
[0;32mI (266) esp_image: segment 4: paddr=000a1014 vaddr=40089a20 size=072b0h ( 29360) load[0m
[0;32mI (284) boot: Loaded app from partition at offset 0x10000[0m
[0;32mI (284) boot: Disabling RNG early entropy source...[0m
[0;32mI (295) cpu_start: Multicore app[0m
[0;32mI (296) quad_psram: This chip is ESP32-D0WD[0m
[0;32mI (296) esp_psram: Found 8MB PSRAM device[0m
[0;32mI (298) esp_psram: Speed: 80MHz[0m
[0;32mI (302) esp_psram: PSRAM initialized, cache is in low/high (2-core) mode.[0m
[0;33mW (309) esp_psram: Virtual address not enough for PSRAM, map as much as we can. 4MB is mapped[0m
[0;32mI (782) esp_psram: SPI SRAM memory test OK[0m
[0;32mI (790) cpu_start: Pro cpu start user code[0m
[0;32mI (790) cpu_start: cpu freq: 240000000 Hz[0m
[0;32mI (790) app_init: Application information:[0m
[0;32mI (793) app_init: Project name:     person_detection[0m
[0;32mI (798) app_init: App version:      3b6d3d3-dirty[0m
[0;32mI (804) app_init: Compile time:     Jun 25 2024 12:26:20[0m
[0;32mI (810) app_init: ELF file SHA256:  00ea9d6c2...[0m
[0;32mI (815) app_init: ESP-IDF:          v5.3-dev-2747-g4f3cd0deb9[0m
[0;32mI (821) efuse_init: Min chip rev:     v0.0[0m
[0;32mI (826) efuse_init: Max chip rev:     v3.99 [0m
[0;32mI (831) efuse_init: Chip rev:         v1.0[0m
[0;32mI (836) heap_init: Initializing. RAM available for dynamic allocation:[0m
[0;32mI (843) heap_init: At 3FFAE6E0 len 00001920 (6 KiB): DRAM[0m
[0;32mI (849) heap_init: At 3FFB40F0 len 0002BF10 (175 KiB): DRAM[0m
[0;32mI (856) heap_init: At 3FFE0440 len 00003AE0 (14 KiB): D/IRAM[0m
[0;32mI (862) heap_init: At 3FFE4350 len 0001BCB0 (111 KiB): D/IRAM[0m
[0;32mI (868) heap_init: At 40090CD0 len 0000F330 (60 KiB): IRAM[0m
[0;32mI (875) esp_psram: Adding pool of 4096K of PSRAM memory to heap allocator[0m
[0;32mI (883) spi_flash: detected chip: generic[0m
[0;32mI (887) spi_flash: flash io: qio[0m
[0;33mW (891) i2c: This driver is an old driver, please migrate your application code to adapt `driver/i2c_master.h`[0m
[0;32mI (902) main_task: Started on CPU0[0m
[0;32mI (912) main_task: Calling app_main()[0m
[0;32mI (912) gpio: GPIO[13]| InputEn: 0| OutputEn: 0| OpenDrain: 0| Pullup: 1| Pulldown: 0| Intr:0 [0m
[0;32mI (912) gpio: GPIO[12]| InputEn: 0| OutputEn: 0| OpenDrain: 0| Pullup: 1| Pulldown: 0| Intr:0 [0m
[0;32mI (922) gpio: GPIO[4]| InputEn: 0| OutputEn: 0| OpenDrain: 0| Pullup: 1| Pulldown: 0| Intr:0 [0m
[0;32mI (932) gpio: GPIO[15]| InputEn: 0| OutputEn: 0| OpenDrain: 0| Pullup: 1| Pulldown: 0| Intr:0 [0m
Didn't find op for builtin opcode 'QUANTIZE'
Failed to get registration from op code QUANTIZE
 
AllocateTensors() failed
Boton No presionado
Guru Meditation Error: Core  0 panic'ed (LoadProhibited). Exception was unhandled.

Core  0 register dump:
PC      : 0x400d835c  PS      : 0x00060830  A0      : 0x800d7e65  A1      : 0x3ffb7970  
A2      : 0x00000000  A3      : 0x00000005  A4      : 0x3ffb3ab0  A5      : 0x3ffb3b78  
A6      : 0x3ffb3c38  A7      : 0x3ffb3c40  A8      : 0x00000000  A9      : 0x00000000  
A10     : 0x00000060  A11     : 0x00000060  A12     : 0x00000001  A13     : 0x3ffb39e0  
A14     : 0x3ffb3b20  A15     : 0x3ffb3ab0  SAR     : 0x0000000f  EXCCAUSE: 0x0000001c  
EXCVADDR: 0x00000010  LBEG    : 0x400870ad  LEND    : 0x400870bd  LCOUNT  : 0xfffffffa  


Backtrace: 0x400d8359:0x3ffb7970 0x400d7e62:0x3ffb7990




ELF file SHA256: 00ea9d6c2

Rebooting...
ets Jun  8 2016 00:22:57

rst:0xc (SW_CPU_RESET),boot:0x13 (SPI_FAST_FLASH_BOOT)
configsip: 0, SPIWP:0xee
clk_drv:0x00,q_drv:0x00,d_drv:0x00,cs0_drv:0x00,hd_drv:0x00,wp_drv:0x00
mode:DIO, clock div:1
load:0x3fff0030,len:7524
load:0x40078000,len:16552
load:0x40080400,len:4
load:0x40080404,len:4316
entry 0x4008065c
[0;32mI (29) boot: ESP-IDF v5.3-dev-2747-g4f3cd0deb9 2nd stage bootloader[0m
[0;32mI (29) boot: compile time Jun 25 2024 12:26:26[0m
[0;32mI (31) boot: Multicore bootloader[0m
[0;32mI (35) boot: chip revision: v1.0[0m
[0;32mI (39) qio_mode: Enabling default flash chip QIO[0m
[0;32mI (44) boot.esp32: SPI Speed      : 80MHz[0m
[0;32mI (49) boot.esp32: SPI Mode       : QIO[0m
[0;32mI (53) boot.esp32: SPI Flash Size : 4MB[0m
[0;32mI (58) boot: Enabling RNG early entropy source...[0m
[0;32mI (63) boot: Partition Table:[0m
[0;32mI (67) boot: ## Label            Usage          Type ST Offset   Length[0m
[0;32mI (74) boot:  0 nvs              WiFi data        01 02 00009000 00006000[0m
[0;32mI (82) boot:  1 phy_init         RF data          01 01 0000f000 00001000[0m
[0;32mI (89) boot:  2 factory          factory app      00 00 00010000 00180000[0m
[0;32mI (97) boot: End of partition table[0m
[0;32mI (101) esp_image: segment 0: paddr=00010020 vaddr=3f400020 size=5325ch (340572) map[0m
[0;32mI (197) esp_image: segment 1: paddr=00063284 vaddr=3ffb0000 size=0336ch ( 13164) load[0m
[0;32mI (201) esp_image: segment 2: paddr=000665f8 vaddr=40080000 size=09a20h ( 39456) load[0m
[0;32mI (214) esp_image: segment 3: paddr=00070020 vaddr=400d0020 size=30fech (200684) map[0m
[0;32mI (266) esp_image: segment 4: paddr=000a1014 vaddr=40089a20 size=072b0h ( 29360) load[0m
[0;32mI (284) boot: Loaded app from partition at offset 0x10000[0m
[0;32mI (284) boot: Disabling RNG early entropy source...[0m
[0;32mI (295) cpu_start: Multicore app[0m
[0;32mI (296) quad_psram: This chip is ESP32-D0WD[0m
[0;32mI (296) esp_psram: Found 8MB PSRAM device[0m
[0;32mI (298) esp_psram: Speed: 80MHz[0m
[0;32mI (302) esp_psram: PSRAM initialized, cache is in low/high (2-core) mode.[0m
[0;33mW (309) esp_psram: Virtual address not enough for PSRAM, map as much as we can. 4MB is mapped[0m
[0;32mI (782) esp_psram: SPI SRAM memory test OK[0m
[0;32mI (790) cpu_start: Pro cpu start user code[0m
[0;32mI (790) cpu_start: cpu freq: 240000000 Hz[0m
[0;32mI (790) app_init: Application information:[0m
[0;32mI (793) app_init: Project name:     person_detection[0m
[0;32mI (798) app_init: App version:      3b6d3d3-dirty[0m
[0;32mI (804) app_init: Compile time:     Jun 25 2024 12:26:20[0m
[0;32mI (810) app_init: ELF file SHA256:  00ea9d6c2...[0m
[0;32mI (815) app_init: ESP-IDF:          v5.3-dev-2747-g4f3cd0deb9[0m
[0;32mI (821) efuse_init: Min chip rev:     v0.0[0m
[0;32mI (826) efuse_init: Max chip rev:     v3.99 [0m
[0;32mI (831) efuse_init: Chip rev:         v1.0[0m
[0;32mI (836) heap_init: Initializing. RAM available for dynamic allocation:[0m
[0;32mI (843) heap_init: At 3FFAE6E0 len 00001920 (6 KiB): DRAM[0m
[0;32mI (849) heap_init: At 3FFB40F0 len 0002BF10 (175 KiB): DRAM[0m
[0;32mI (856) heap_init: At 3FFE0440 len 00003AE0 (14 KiB): D/IRAM[0m
[0;32mI (862) heap_init: At 3FFE4350 len 0001BCB0 (111 KiB): D/IRAM[0m
[0;32mI (868) heap_init: At 40090CD0 len 0000F330 (60 KiB): IRAM[0m
[0;32mI (875) esp_psram: Adding pool of 4096K of PSRAM memory to heap allocator[0m
[0;32mI (883) spi_flash: detected chip: generic[0m
[0;32mI (887) spi_flash: flash io: qio[0m
[0;33mW (891) i2c: This driver is an old driver, please migrate your application code to adapt `driver/i2c_master.h`[0m
[0;32mI (902) main_task: Started on CPU0[0m
[0;32mI (912) main_task: Calling app_main()[0m
[0;32mI (912) gpio: GPIO[13]| InputEn: 0| OutputEn: 0| OpenDrain: 0| Pullup: 1| Pulldown: 0| Intr:0 [0m
[0;32mI (912) gpio: GPIO[12]| InputEn: 0| OutputEn: 0| OpenDrain: 0| Pullup: 1| Pulldown: 0| Intr:0 [0m
[0;32mI (922) gpio: GPIO[4]| InputEn: 0| OutputEn: 0| OpenDrain: 0| Pullup: 1| Pulldown: 0| Intr:0 [0m
[0;32mI (932) gpio: GPIO[15]| InputEn: 0| OutputEn: 0| OpenDrain: 0| Pullup: 1| Pulldown: 0| Intr:0 [0m
Didn't find op for builtin opcode 'QUANTIZE'
Failed to get registration from op code QUANTIZE
 
AllocateTensors() failed
Boton presionado
Guru Meditation Error: Core  0 panic'ed (LoadProhibited). Exception was unhandled.

Core  0 register dump:
PC      : 0x400d835c  PS      : 0x00060b30  A0      : 0x800d7e65  A1      : 0x3ffb7970  
A2      : 0x00000000  A3      : 0x00000005  A4      : 0x3ffb3ab0  A5      : 0x00000000  
A6      : 0x3ffb3c49  A7      : 0x00000001  A8      : 0x00000000  A9      : 0x3ffb7950  
A10     : 0x00000060  A11     : 0x00000060  A12     : 0x00000001  A13     : 0x3ffb39e0  
A14     : 0x3ffb3b20  A15     : 0x3ffb3ab0  SAR     : 0x00000013  EXCCAUSE: 0x0000001c  
EXCVADDR: 0x00000010  LBEG    : 0x400870ad  LEND    : 0x400870bd  LCOUNT  : 0xfffffffb  


Backtrace: 0x400d8359:0x3ffb7970 0x400d7e62:0x3ffb7990




ELF file SHA256: 00ea9d6c2

Rebooting...
ets Jun  8 2016 00:22:57

rst:0xc (SW_CPU_RESET),boot:0x13 (SPI_FAST_FLASH_BOOT)
configsip: 0, SPIWP:0xee
clk_drv:0x00,q_drv:0x00,d_drv:0x00,cs0_drv:0x00,hd_drv:0x00,wp_drv:0x00
mode:DIO, clock div:1
load:0x3fff0030,len:7524
load:0x40078000,len:16552
load:0x40080400,len:4
load:0x40080404,len:4316
entry 0x4008065c
[0;32mI (29) boot: ESP-IDF v5.3-dev-2747-g4f3cd0deb9 2nd stage bootloader[0m
[0;32mI (29) boot: compile time Jun 25 2024 12:26:26[0m
[0;32mI (31) boot: Multicore bootloader[0m
[0;32mI (35) boot: chip revision: v1.0[0m
[0;32mI (39) qio_mode: Enabling default flash chip QIO[0m
[0;32mI (44) boot.esp32: SPI Speed      : 80MHz[0m
[0;32mI (49) boot.esp32: SPI Mode       : QIO[0m
[0;32mI (53) boot.esp32: SPI Flash Size : 4MB[0m
[0;32mI (58) boot: Enabling RNG early entropy source...[0m
[0;32mI (63) boot: Partition Table:[0m
[0;32mI (67) boot: ## Label            Usage          Type ST Offset   Length[0m
[0;32mI (74) boot:  0 nvs              WiFi data        01 02 00009000 00006000[0m
[0;32mI (82) boot:  1 phy_init         RF data          01 01 0000f000 00001000[0m
[0;32mI (89) boot:  2 factory          factory app      00 00 00010000 00180000[0m
[0;32mI (97) boot: End of partition table[0m
[0;32mI (101) esp_image: segment 0: paddr=00010020 vaddr=3f400020 size=5325ch (340572) map[0m
[0;32mI (197) esp_image: segment 1: paddr=00063284 vaddr=3ffb0000 size=0336ch ( 13164) load[0m
[0;32mI (201) esp_image: segment 2: paddr=000665f8 vaddr=40080000 size=09a20h ( 39456) load[0m
[0;32mI (214) esp_image: segment 3: paddr=00070020 vaddr=400d0020 size=30fech (200684) map[0m
[0;32mI (266) esp_image: segment 4: paddr=000a1014 vaddr=40089a20 size=072b0h ( 29360) load[0m
[0;32mI (284) boot: Loaded app from partition at offset 0x10000[0m
[0;32mI (284) boot: Disabling RNG early entropy source...[0m
[0;32mI (295) cpu_start: Multicore app[0m
[0;32mI (296) quad_psram: This chip is ESP32-D0WD[0m
[0;32mI (296) esp_psram: Found 8MB PSRAM device[0m
[0;32mI (298) esp_psram: Speed: 80MHz[0m
[0;32mI (302) esp_psram: PSRAM initialized, cache is in low/high (2-core) mode.[0m
[0;33mW (309) esp_psram: Virtual address not enough for PSRAM, map as much as we can. 4MB is mapped[0m
[0;32mI (782) esp_psram: SPI SRAM memory test OK[0m
[0;32mI (790) cpu_start: Pro cpu start user code[0m
[0;32mI (790) cpu_start: cpu freq: 240000000 Hz[0m
[0;32mI (790) app_init: Application information:[0m
[0;32mI (793) app_init: Project name:     person_detection[0m
[0;32mI (798) app_init: App version:      3b6d3d3-dirty[0m
[0;32mI (804) app_init: Compile time:     Jun 25 2024 12:26:20[0m
[0;32mI (810) app_init: ELF file SHA256:  00ea9d6c2...[0m
[0;32mI (815) app_init: ESP-IDF:          v5.3-dev-2747-g4f3cd0deb9[0m
[0;32mI (821) efuse_init: Min chip rev:     v0.0[0m
[0;32mI (826) efuse_init: Max chip rev:     v3.99 [0m
[0;32mI (831) efuse_init: Chip rev:         v1.0[0m
[0;32mI (836) heap_init: Initializing. RAM available for dynamic allocation:[0m
[0;32mI (843) heap_init: At 3FFAE6E0 len 00001920 (6 KiB): DRAM[0m
[0;32mI (849) heap_init: At 3FFB40F0 len 0002BF10 (175 KiB): DRAM[0m
[0;32mI (856) heap_init: At 3FFE0440 len 00003AE0 (14 KiB): D/IRAM[0m
[0;32mI (862) heap_init: At 3FFE4350 len 0001BCB0 (111 KiB): D/IRAM[0m
[0;32mI (868) heap_init: At 40090CD0 len 0000F330 (60 KiB): IRAM[0m
[0;32mI (875) esp_psram: Adding pool of 4096K of PSRAM memory to heap allocator[0m
[0;32mI (883) spi_flash: detected chip: generic[0m
[0;32mI (887) spi_flash: flash io: qio[0m
[0;33mW (891) i2c: This driver is an old driver, please migrate your application code to adapt `driver/i2c_master.h`[0m
[0;32mI (902) main_task: Started on CPU0[0m
[0;32mI (912) main_task: Calling app_main()[0m
[0;32mI (912) gpio: GPIO[13]| InputEn: 0| OutputEn: 0| OpenDrain: 0| Pullup: 1| Pulldown: 0| Intr:0 [0m
[0;32mI (912) gpio: GPIO[12]| InputEn: 0| OutputEn: 0| OpenDrain: 0| Pullup: 1| Pulldown: 0| Intr:0 [0m
[0;32mI (922) gpio: GPIO[4]| InputEn: 0| OutputEn: 0| OpenDrain: 0| Pullup: 1| Pulldown: 0| Intr:0 [0m
[0;32mI (932) gpio: GPIO[15]| InputEn: 0| OutputEn: 0| OpenDrain: 0| Pullup: 1| Pulldown: 0| Intr:0 [0m
Didn't find op for builtin opcode 'QUANTIZE'
Failed to get registration from op code QUANTIZE
 
AllocateTensors() failed
Boton No presionado
Guru Meditation Error: Core  0 panic'ed (LoadProhibited). Exception was unhandled.

Core  0 register dump:
PC      : 0x400d835c  PS      : 0x00060830  A0      : 0x800d7e65  A1      : 0x3ffb7970  
A2      : 0x00000000  A3      : 0x00000005  A4      : 0x3ffb3ab0  A5      : 0x3ffb3b78  
A6      : 0x3ffb3c38  A7      : 0x3ffb3c40  A8      : 0x00000000  A9      : 0x00000000  
A10     : 0x00000060  A11     : 0x00000060  A12     : 0x00000001  A13     : 0x3ffb39e0  
A14     : 0x3ffb3b20  A15     : 0x3ffb3ab0  SAR     : 0x0000000f  EXCCAUSE: 0x0000001c  
EXCVADDR: 0x00000010  LBEG    : 0x400870ad  LEND    : 0x400870bd  LCOUNT  : 0xfffffffa  


Backtrace: 0x400d8359:0x3ffb7970 0x400d7e62:0x3ffb7990




ELF file SHA256: 00ea9d6c2

Rebooting...
ets Jun  8 2016 00:22:57

rst:0xc (SW_CPU_RESET),boot:0x13 (SPI_FAST_FLASH_BOOT)
configsip: 0, SPIWP:0xee
clk_drv:0x00,q_drv:0x00,d_drv:0x00,cs0_drv:0x00,hd_drv:0x00,wp_drv:0x00
mode:DIO, clock div:1
load:0x3fff0030,len:7524
load:0x40078000,len:16552
load:0x40080400,len:4
load:0x40080404,len:4316
entry 0x4008065c
[0;32mI (29) boot: ESP-IDF v5.3-dev-2747-g4f3cd0deb9 2nd stage bootloader[0m
[0;32mI (29) boot: compile time Jun 25 2024 12:26:26[0m
[0;32mI (31) boot: Multicore bootloader[0m
[0;32mI (35) boot: chip revision: v1.0[0m
[0;32mI (39) qio_mode: Enabling default flash chip QIO[0m
[0;32mI (44) boot.esp32: SPI Speed      : 80MHz[0m
[0;32mI (49) boot.esp32: SPI Mode       : QIO[0m
[0;32mI (53) boot.esp32: SPI Flash Size : 4MB[0m
[0;32mI (58) boot: Enabling RNG early entropy source...[0m
[0;32mI (63) boot: Partition Table:[0m
[0;32mI (67) boot: ## Label            Usage          Type ST Offset   Length[0m
[0;32mI (74) boot:  0 nvs              WiFi data        01 02 00009000 00006000[0m
[0;32mI (82) boot:  1 phy_init         RF data          01 01 0000f000 00001000[0m
[0;32mI (89) boot:  2 factory          factory app      00 00 00010000 00180000[0m
[0;32mI (97) boot: End of partition table[0m
[0;32mI (101) esp_image: segment 0: paddr=00010020 vaddr=3f400020 size=5325ch (340572) map[0m
[0;32mI (197) esp_image: segment 1: paddr=00063284 vaddr=3ffb0000 size=0336ch ( 13164) load[0m
[0;32mI (201) esp_image: segment 2: paddr=000665f8 vaddr=40080000 size=09a20h ( 39456) load[0m
[0;32mI (214) esp_image: segment 3: paddr=00070020 vaddr=400d0020 size=30fech (200684) map[0m
[0;32mI (266) esp_image: segment 4: paddr=000a1014 vaddr=40089a20 size=072b0h ( 29360) load[0m
[0;32mI (284) boot: Loaded app from partition at offset 0x10000[0m
[0;32mI (284) boot: Disabling RNG early entropy source...[0m
[0;32mI (295) cpu_start: Multicore app[0m
[0;32mI (296) quad_psram: This chip is ESP32-D0WD[0m
[0;32mI (296) esp_psram: Found 8MB PSRAM device[0m
[0;32mI (298) esp_psram: Speed: 80MHz[0m
[0;32mI (302) esp_psram: PSRAM initialized, cache is in low/high (2-core) mode.[0m
[0;33mW (309) esp_psram: Virtual address not enough for PSRAM, map as much as we can. 4MB is mapped[0m
[0;32mI (782) esp_psram: SPI SRAM memory test OK[0m
[0;32mI (790) cpu_start: Pro cpu start user code[0m
[0;32mI (790) cpu_start: cpu freq: 240000000 Hz[0m
[0;32mI (790) app_init: Application information:[0m
[0;32mI (793) app_init: Project name:     person_detection[0m
[0;32mI (798) app_init: App version:      3b6d3d3-dirty[0m
[0;32mI (804) app_init: Compile time:     Jun 25 2024 12:26:20[0m
[0;32mI (810) app_init: ELF file SHA256:  00ea9d6c2...[0m
[0;32mI (815) app_init: ESP-IDF:          v5.3-dev-2747-g4f3cd0deb9[0m
[0;32mI (821) efuse_init: Min chip rev:     v0.0[0m
[0;32mI (826) efuse_init: Max chip rev:     v3.99 [0m
[0;32mI (831) efuse_init: Chip rev:         v1.0[0m
[0;32mI (836) heap_init: Initializing. RAM available for dynamic allocation:[0m
[0;32mI (843) heap_init: At 3FFAE6E0 len 00001920 (6 KiB): DRAM[0m
[0;32mI (849) heap_init: At 3FFB40F0 len 0002BF10 (175 KiB): DRAM[0m
[0;32mI (856) heap_init: At 3FFE0440 len 00003AE0 (14 KiB): D/IRAM[0m
[0;32mI (862) heap_init: At 3FFE4350 len 0001BCB0 (111 KiB): D/IRAM[0m
[0;32mI (868) heap_init: At 40090CD0 len 0000F330 (60 KiB): IRAM[0m
[0;32mI (875) esp_psram: Adding pool of 4096K of PSRAM memory to heap allocator[0m
[0;32mI (883) spi_flash: detected chip: generic[0m
[0;32mI (887) spi_flash: flash io: qio[0m
[0;33mW (891) i2c: This driver is an old driver, please migrate your application code to adapt `driver/i2c_master.h`[0m
[0;32mI (902) main_task: Started on CPU0[0m
[0;32mI (912) main_task: Calling app_main()[0m
[0;32mI (912) gpio: GPIO[13]| InputEn: 0| OutputEn: 0| OpenDrain: 0| Pullup: 1| Pulldown: 0| Intr:0 [0m
[0;32mI (912) gpio: GPIO[12]| InputEn: 0| OutputEn: 0| OpenDrain: 0| Pullup: 1| Pulldown: 0| Intr:0 [0m
[0;32mI (922) gpio: GPIO[4]| InputEn: 0| OutputEn: 0| OpenDrain: 0| Pullup: 1| Pulldown: 0| Intr:0 [0m
[0;32mI (932) gpio: GPIO[15]| InputEn: 0| OutputEn: 0| OpenDrain: 0| Pullup: 1| Pulldown: 0| Intr:0 [0m
Didn't find op for builtin opcode 'QUANTIZE'
Failed to get registration from op code QUANTIZE
 
AllocateTensors() failed
Boton No presionado
Guru Meditation Error: Core  0 panic'ed (LoadProhibited). Exception was unhandled.

Core  0 register dump:
PC      : 0x400d835c  PS      : 0x00060830  A0      : 0x800d7e65  A1      : 0x3ffb7970  
A2      : 0x00000000  A3      : 0x00000005  A4      : 0x3ffb3ab0  A5      : 0x3ffb3b78  
A6      : 0x3ffb3c38  A7      : 0x3ffb3c40  A8      : 0x00000000  A9      : 0x00000000  
A10     : 0x00000060  A11     : 0x00000060  A12     : 0x00000001  A13     : 0x3ffb39e0  
A14     : 0x3ffb3b20  A15     : 0x3ffb3ab0  SAR     : 0x0000000f  EXCCAUSE: 0x0000001c  
EXCVADDR: 0x00000010  LBEG    : 0x400870ad  LEND    : 0x400870bd  LCOUNT  : 0xfffffffa  


Backtrace: 0x400d8359:0x3ffb7970 0x400d7e62:0x3ffb7990




ELF file SHA256: 00ea9d6c2

Rebooting...
ets Jun  8 2016 00:22:57

rst:0xc (SW_CPU_RESET),boot:0x13 (SPI_FAST_FLASH_BOOT)
configsip: 0, SPIWP:0xee
clk_drv:0x00,q_drv:0x00,d_drv:0x00,cs0_drv:0x00,hd_drv:0x00,wp_drv:0x00
mode:DIO, clock div:1
load:0x3fff0030,len:7524
load:0x40078000,len:16552
load:0x40080400,len:4
load:0x40080404,len:4316
entry 0x4008065c
[0;32mI (29) boot: ESP-IDF v5.3-dev-2747-g4f3cd0deb9 2nd stage bootloader[0m
[0;32mI (29) boot: compile time Jun 25 2024 12:26:26[0m
[0;32mI (31) boot: Multicore bootloader[0m
[0;32mI (35) boot: chip revision: v1.0[0m
[0;32mI (39) qio_mode: Enabling default flash chip QIO[0m
[0;32mI (44) boot.esp32: SPI Speed      : 80MHz[0m
[0;32mI (49) boot.esp32: SPI Mode       : QIO[0m
[0;32mI (53) boot.esp32: SPI Flash Size : 4MB[0m
[0;32mI (58) boot: Enabling RNG early entropy source...[0m
[0;32mI (63) boot: Partition Table:[0m
[0;32mI (67) boot: ## Label            Usage          Type ST Offset   Length[0m
[0;32mI (74) boot:  0 nvs              WiFi data        01 02 00009000 00006000[0m
[0;32mI (82) boot:  1 phy_init         RF data          01 01 0000f000 00001000[0m
[0;32mI (89) boot:  2 factory          factory app      00 00 00010000 00180000[0m
[0;32mI (97) boot: End of partition table[0m
[0;32mI (101) esp_image: segment 0: paddr=00010020 vaddr=3f400020 size=5325ch (340572) map[0m
[0;32mI (197) esp_image: segment 1: paddr=00063284 vaddr=3ffb0000 size=0336ch ( 13164) load[0m
[0;32mI (201) esp_image: segment 2: paddr=000665f8 vaddr=40080000 size=09a20h ( 39456) load[0m
[0;32mI (214) esp_image: segment 3: paddr=00070020 vaddr=400d0020 size=30fech (200684) map[0m
[0;32mI (266) esp_image: segment 4: paddr=000a1014 vaddr=40089a20 size=072b0h ( 29360) load[0m
[0;32mI (284) boot: Loaded app from partition at offset 0x10000[0m
[0;32mI (284) boot: Disabling RNG early entropy source...[0m
[0;32mI (295) cpu_start: Multicore app[0m
[0;32mI (296) quad_psram: This chip is ESP32-D0WD[0m
[0;32mI (296) esp_psram: Found 8MB PSRAM device[0m
[0;32mI (298) esp_psram: Speed: 80MHz[0m
[0;32mI (302) esp_psram: PSRAM initialized, cache is in low/high (2-core) mode.[0m
[0;33mW (309) esp_psram: Virtual address not enough for PSRAM, map as much as we can. 4MB is mapped[0m
[0;32mI (782) esp_psram: SPI SRAM memory test OK[0m
[0;32mI (790) cpu_start: Pro cpu start user code[0m
[0;32mI (790) cpu_start: cpu freq: 240000000 Hz[0m
[0;32mI (790) app_init: Application information:[0m
[0;32mI (793) app_init: Project name:     person_detection[0m
[0;32mI (798) app_init: App version:      3b6d3d3-dirty[0m
[0;32mI (804) app_init: Compile time:     Jun 25 2024 12:26:20[0m
[0;32mI (810) app_init: ELF file SHA256:  00ea9d6c2...[0m
[0;32mI (815) app_init: ESP-IDF:          v5.3-dev-2747-g4f3cd0deb9[0m
[0;32mI (821) efuse_init: Min chip rev:     v0.0[0m
[0;32mI (826) efuse_init: Max chip rev:     v3.99 [0m
[0;32mI (831) efuse_init: Chip rev:         v1.0[0m
[0;32mI (836) heap_init: Initializing. RAM available for dynamic allocation:[0m
[0;32mI (843) heap_init: At 3FFAE6E0 len 00001920 (6 KiB): DRAM[0m
[0;32mI (849) heap_init: At 3FFB40F0 len 0002BF10 (175 KiB): DRAM[0m
[0;32mI (856) heap_init: At 3FFE0440 len 00003AE0 (14 KiB): D/IRAM[0m
[0;32mI (862) heap_init: At 3FFE4350 len 0001BCB0 (111 KiB): D/IRAM[0m
[0;32mI (868) heap_init: At 40090CD0 len 0000F330 (60 KiB): IRAM[0m
[0;32mI (875) esp_psram: Adding pool of 4096K of PSRAM memory to heap allocator[0m
[0;32mI (883) spi_flash: detected chip: generic[0m
[0;32mI (887) spi_flash: flash io: qio[0m
[0;33mW (891) i2c: This driver is an old driver, please migrate your application code to adapt `driver/i2c_master.h`[0m
[0;32mI (902) main_task: Started on CPU0[0m
[0;32mI (912) main_task: Calling app_main()[0m
[0;32mI (912) gpio: GPIO[13]| InputEn: 0| OutputEn: 0| OpenDrain: 0| Pullup: 1| Pulldown: 0| Intr:0 [0m
[0;32mI (912) gpio: GPIO[12]| InputEn: 0| OutputEn: 0| OpenDrain: 0| Pullup: 1| Pulldown: 0| Intr:0 [0m
[0;32mI (922) gpio: GPIO[4]| InputEn: 0| OutputEn: 0| OpenDrain: 0| Pullup: 1| Pulldown: 0| Intr:0 [0m
[0;32mI (932) gpio: GPIO[15]| InputEn: 0| OutputEn: 0| OpenDrain: 0| Pullup: 1| Pulldown: 0| Intr:0 [0m
Didn't find op for builtin opcode 'QUANTIZE'
Failed to get registration from op code QUANTIZE
 
AllocateTensors() failed
Boton No presionado
Guru Meditation Error: Core  0 panic'ed (LoadProhibited). Exception was unhandled.

Core  0 register dump:
PC      : 0x400d835c  PS      : 0x00060830  A0      : 0x800d7e65  A1      : 0x3ffb7970  
A2      : 0x00000000  A3      : 0x00000005  A4      : 0x3ffb3ab0  A5      : 0x3ffb3b78  
A6      : 0x3ffb3c38  A7      : 0x3ffb3c40  A8      : 0x00000000  A9      : 0x00000000  
A10     : 0x00000060  A11     : 0x00000060  A12     : 0x00000001  A13     : 0x3ffb39e0  
A14     : 0x3ffb3b20  A15     : 0x3ffb3ab0  SAR     : 0x0000000f  EXCCAUSE: 0x0000001c  
EXCVADDR: 0x00000010  LBEG    : 0x400870ad  LEND    : 0x400870bd  LCOUNT  : 0xfffffffa  


Backtrace: 0x400d8359:0x3ffb7970 0x400d7e62:0x3ffb7990




ELF file SHA256: 00ea9d6c2

Rebooting...
ets Jun  8 2016 00:22:57

rst:0xc (SW_CPU_RESET),boot:0x13 (SPI_FAST_FLASH_BOOT)
configsip: 0, SPIWP:0xee
clk_drv:0x00,q_drv:0x00,d_drv:0x00,cs0_drv:0x00,hd_drv:0x00,wp_drv:0x00
mode:DIO, clock div:1
load:0x3fff0030,len:7524
load:0x40078000,len:16552
load:0x40080400,len:4
load:0x40080404,len:4316
entry 0x4008065c
[0;32mI (29) boot: ESP-IDF v5.3-dev-2747-g4f3cd0deb9 2nd stage bootloader[0m
[0;32mI (29) boot: compile time Jun 25 2024 12:26:26[0m
[0;32mI (31) boot: Multicore bootloader[0m
[0;32mI (35) boot: chip revision: v1.0[0m
[0;32mI (39) qio_mode: Enabling default flash chip QIO[0m
[0;32mI (44) boot.esp32: SPI Speed      : 80MHz[0m
[0;32mI (49) boot.esp32: SPI Mode       : QIO[0m
[0;32mI (53) boot.esp32: SPI Flash Size : 4MB[0m
[0;32mI (58) boot: Enabling RNG early entropy source...[0m
[0;32mI (63) boot: Partition Table:[0m
[0;32mI (67) boot: ## Label            Usage          Type ST Offset   Length[0m
[0;32mI (74) boot:  0 nvs              WiFi data        01 02 00009000 00006000[0m
[0;32mI (82) boot:  1 phy_init         RF data          01 01 0000f000 00001000[0m
[0;32mI (89) boot:  2 factory          factory app      00 00 00010000 00180000[0m
[0;32mI (97) boot: End of partition table[0m
[0;32mI (101) esp_image: segment 0: paddr=00010020 vaddr=3f400020 size=5325ch (340572) map[0m
[0;32mI (197) esp_image: segment 1: paddr=00063284 vaddr=3ffb0000 size=0336ch ( 13164) load[0m
[0;32mI (201) esp_image: segment 2: paddr=000665f8 vaddr=40080000 size=09a20h ( 39456) load[0m
[0;32mI (214) esp_image: segment 3: paddr=00070020 vaddr=400d0020 size=30fech (200684) map[0m
[0;32mI (266) esp_image: segment 4: paddr=000a1014 vaddr=40089a20 size=072b0h ( 29360) load[0m
[0;32mI (284) boot: Loaded app from partition at offset 0x10000[0m
[0;32mI (284) boot: Disabling RNG early entropy source...[0m
[0;32mI (295) cpu_start: Multicore app[0m
[0;32mI (296) quad_psram: This chip is ESP32-D0WD[0m
[0;32mI (296) esp_psram: Found 8MB PSRAM device[0m
[0;32mI (298) esp_psram: Speed: 80MHz[0m
[0;32mI (302) esp_psram: PSRAM initialized, cache is in low/high (2-core) mode.[0m
[0;33mW (309) esp_psram: Virtual address not enough for PSRAM, map as much as we can. 4MB is mapped[0m
[0;32mI (782) esp_psram: SPI SRAM memory test OK[0m
[0;32mI (790) cpu_start: Pro cpu start user code[0m
[0;32mI (790) cpu_start: cpu freq: 240000000 Hz[0m
[0;32mI (790) app_init: Application information:[0m
[0;32mI (793) app_init: Project name:     person_detection[0m
[0;32mI (798) app_init: App version:      3b6d3d3-dirty[0m
[0;32mI (804) app_init: Compile time:     Jun 25 2024 12:26:20[0m
[0;32mI (810) app_init: ELF file SHA256:  00ea9d6c2...[0m
[0;32mI (815) app_init: ESP-IDF:          v5.3-dev-2747-g4f3cd0deb9[0m
[0;32mI (821) efuse_init: Min chip rev:     v0.0[0m
[0;32mI (826) efuse_init: Max chip rev:     v3.99 [0m
[0;32mI (831) efuse_init: Chip rev:         v1.0[0m
[0;32mI (836) heap_init: Initializing. RAM available for dynamic allocation:[0m
[0;32mI (843) heap_init: At 3FFAE6E0 len 00001920 (6 KiB): DRAM[0m
[0;32mI (849) heap_init: At 3FFB40F0 len 0002BF10 (175 KiB): DRAM[0m
[0;32mI (856) heap_init: At 3FFE0440 len 00003AE0 (14 KiB): D/IRAM[0m
[0;32mI (862) heap_init: At 3FFE4350 len 0001BCB0 (111 KiB): D/IRAM[0m
[0;32mI (868) heap_init: At 40090CD0 len 0000F330 (60 KiB): IRAM[0m
[0;32mI (875) esp_psram: Adding pool of 4096K of PSRAM memory to heap allocator[0m
[0;32mI (883) spi_flash: detected chip: generic[0m
[0;32mI (887) spi_flash: flash io: qio[0m
[0;33mW (891) i2c: This driver is an old driver, please migrate your application code to adapt `driver/i2c_master.h`[0m
[0;32mI (902) main_task: Started on CPU0[0m
[0;32mI (912) main_task: Calling app_main()[0m
[0;32mI (912) gpio: GPIO[13]| InputEn: 0| OutputEn: 0| OpenDrain: 0| Pullup: 1| Pulldown: 0| Intr:0 [0m
[0;32mI (912) gpio: GPIO[12]| InputEn: 0| OutputEn: 0| OpenDrain: 0| Pullup: 1| Pulldown: 0| Intr:0 [0m
[0;32mI (922) gpio: GPIO[4]| InputEn: 0| OutputEn: 0| OpenDrain: 0| Pullup: 1| Pulldown: 0| Intr:0 [0m
[0;32mI (932) gpio: GPIO[15]| InputEn: 0| OutputEn: 0| OpenDrain: 0| Pullup: 1| Pulldown: 0| Intr:0 [0m
Didn't find op for builtin opcode 'QUANTIZE'
Failed to get registration from op code QUANTIZE
 
AllocateTensors() failed
Boton No presionado
Guru Meditation Error: Core  0 panic'ed (LoadProhibited). Exception was unhandled.

Core  0 register dump:
PC      : 0x400d835c  PS      : 0x00060830  A0      : 0x800d7e65  A1      : 0x3ffb7970  
A2      : 0x00000000  A3      : 0x00000005  A4      : 0x3ffb3ab0  A5      : 0x3ffb3b78  
A6      : 0x3ffb3c38  A7      : 0x3ffb3c40  A8      : 0x00000000  A9      : 0x00000000  
A10     : 0x00000060  A11     : 0x00000060  A12     : 0x00000001  A13     : 0x3ffb39e0  
A14     : 0x3ffb3b20  A15     : 0x3ffb3ab0  SAR     : 0x0000000f  EXCCAUSE: 0x0000001c  
EXCVADDR: 0x00000010  LBEG    : 0x400870ad  LEND    : 0x400870bd  LCOUNT  : 0xfffffffa  


Backtrace: 0x400d8359:0x3ffb7970 0x400d7e62:0x3ffb7990




ELF file SHA256: 00ea9d6c2

Rebooting...
ets Jun  8 2016 00:22:57

rst:0xc (SW_CPU_RESET),boot:0x13 (SPI_FAST_FLASH_BOOT)
configsip: 0, SPIWP:0xee
clk_drv:0x00,q_drv:0x00,d_drv:0x00,cs0_drv:0x00,hd_drv:0x00,wp_drv:0x00
mode:DIO, clock div:1
load:0x3fff0030,len:7524
load:0x40078000,len:16552
load:0x40080400,len:4
load:0x40080404,len:4316
entry 0x4008065c
[0;32mI (29) boot: ESP-IDF v5.3-dev-2747-g4f3cd0deb9 2nd stage bootloader[0m
[0;32mI (29) boot: compile time Jun 25 2024 12:26:26[0m
[0;32mI (31) boot: Multicore bootloader[0m
[0;32mI (35) boot: chip revision: v1.0[0m
[0;32mI (39) qio_mode: Enabling default flash chip QIO[0m
[0;32mI (44) boot.esp32: SPI Speed      : 80MHz[0m
[0;32mI (49) boot.esp32: SPI Mode       : QIO[0m
[0;32mI (53) boot.esp32: SPI Flash Size : 4MB[0m
[0;32mI (58) boot: Enabling RNG early entropy source...[0m
[0;32mI (63) boot: Partition Table:[0m
[0;32mI (67) boot: ## Label            Usage          Type ST Offset   Length[0m
[0;32mI (74) boot:  0 nvs              WiFi data        01 02 00009000 00006000[0m
[0;32mI (82) boot:  1 phy_init         RF data          01 01 0000f000 00001000[0m
[0;32mI (89) boot:  2 factory          factory app      00 00 00010000 00180000[0m
[0;32mI (97) boot: End of partition table[0m
[0;32mI (101) esp_image: segment 0: paddr=00010020 vaddr=3f400020 size=5325ch (340572) map[0m
[0;32mI (197) esp_image: segment 1: paddr=00063284 vaddr=3ffb0000 size=0336ch ( 13164) load[0m
[0;32mI (201) esp_image: segment 2: paddr=000665f8 vaddr=40080000 size=09a20h ( 39456) load[0m
[0;32mI (214) esp_image: segment 3: paddr=00070020 vaddr=400d0020 size=30fech (200684) map[0m
[0;32mI (266) esp_image: segment 4: paddr=000a1014 vaddr=40089a20 size=072b0h ( 29360) load[0m
[0;32mI (284) boot: Loaded app from partition at offset 0x10000[0m
[0;32mI (284) boot: Disabling RNG early entropy source...[0m
[0;32mI (295) cpu_start: Multicore app[0m
[0;32mI (296) quad_psram: This chip is ESP32-D0WD[0m
[0;32mI (296) esp_psram: Found 8MB PSRAM device[0m
[0;32mI (298) esp_psram: Speed: 80MHz[0m
[0;32mI (302) esp_psram: PSRAM initialized, cache is in low/high (2-core) mode.[0m
[0;33mW (309) esp_psram: Virtual address not enough for PSRAM, map as much as we can. 4MB is mapped[0m
[0;32mI (782) esp_psram: SPI SRAM memory test OK[0m
[0;32mI (790) cpu_start: Pro cpu start user code[0m
[0;32mI (790) cpu_start: cpu freq: 240000000 Hz[0m
[0;32mI (790) app_init: Application information:[0m
[0;32mI (793) app_init: Project name:     person_detection[0m
[0;32mI (798) app_init: App version:      3b6d3d3-dirty[0m
[0;32mI (804) app_init: Compile time:     Jun 25 2024 12:26:20[0m
[0;32mI (810) app_init: ELF file SHA256:  00ea9d6c2...[0m
[0;32mI (815) app_init: ESP-IDF:          v5.3-dev-2747-g4f3cd0deb9[0m
[0;32mI (821) efuse_init: Min chip rev:     v0.0[0m
[0;32mI (826) efuse_init: Max chip rev:     v3.99 [0m
[0;32mI (831) efuse_init: Chip rev:         v1.0[0m
[0;32mI (836) heap_init: Initializing. RAM available for dynamic allocation:[0m
[0;32mI (843) heap_init: At 3FFAE6E0 len 00001920 (6 KiB): DRAM[0m
[0;32mI (849) heap_init: At 3FFB40F0 len 0002BF10 (175 KiB): DRAM[0m
[0;32mI (856) heap_init: At 3FFE0440 len 00003AE0 (14 KiB): D/IRAM[0m
[0;32mI (862) heap_init: At 3FFE4350 len 0001BCB0 (111 KiB): D/IRAM[0m
[0;32mI (868) heap_init: At 40090CD0 len 0000F330 (60 KiB): IRAM[0m
[0;32mI (875) esp_psram: Adding pool of 4096K of PSRAM memory to heap allocator[0m
[0;32mI (883) spi_flash: detected chip: generic[0m
[0;32mI (887) spi_flash: flash io: qio[0m
[0;33mW (891) i2c: This driver is an old driver, please migrate your application code to adapt `driver/i2c_master.h`[0m
[0;32mI (902) main_task: Started on CPU0[0m
[0;32mI (912) main_task: Calling app_main()[0m
[0;32mI (912) gpio: GPIO[13]| InputEn: 0| OutputEn: 0| OpenDrain: 0| Pullup: 1| Pulldown: 0| Intr:0 [0m
[0;32mI (912) gpio: GPIO[12]| InputEn: 0| OutputEn: 0| OpenDrain: 0| Pullup: 1| Pulldown: 0| Intr:0 [0m
[0;32mI (922) gpio: GPIO[4]| InputEn: 0| OutputEn: 0| OpenDrain: 0| Pullup: 1| Pulldown: 0| Intr:0 [0m
[0;32mI (932) gpio: GPIO[15]| InputEn: 0| OutputEn: 0| OpenDrain: 0| Pullup: 1| Pulldown: 0| Intr:0 [0m
Didn't find op for builtin opcode 'QUANTIZE'
Failed to get registration from op code QUANTIZE
 
AllocateTensors() failed
Boton No presionado
Guru Meditation Error: Core  0 panic'ed (LoadProhibited). Exception was unhandled.

Core  0 register dump:
PC      : 0x400d835c  PS      : 0x00060830  A0      : 0x800d7e65  A1      : 0x3ffb7970  
A2      : 0x00000000  A3      : 0x00000005  A4      : 0x3ffb3ab0  A5      : 0x3ffb3b78  
A6      : 0x3ffb3c38  A7      : 0x3ffb3c40  A8      : 0x00000000  A9      : 0x00000000  
A10     : 0x00000060  A11     : 0x00000060  A12     : 0x00000001  A13     : 0x3ffb39e0  
A14     : 0x3ffb3b20  A15     : 0x3ffb3ab0  SAR     : 0x0000000f  EXCCAUSE: 0x0000001c  
EXCVADDR: 0x00000010  LBEG    : 0x400870ad  LEND    : 0x400870bd  LCOUNT  : 0xfffffffa  


Backtrace: 0x400d8359:0x3ffb7970 0x400d7e62:0x3ffb7990




ELF file SHA256: 00ea9d6c2

Rebooting...
ets Jun  8 2016 00:22:57

rst:0xc (SW_CPU_RESET),boot:0x13 (SPI_FAST_FLASH_BOOT)
configsip: 0, SPIWP:0xee
clk_drv:0x00,q_drv:0x00,d_drv:0x00,cs0_drv:0x00,hd_drv:0x00,wp_drv:0x00
mode:DIO, clock div:1
load:0x3fff0030,len:7524
load:0x40078000,len:16552
load:0x40080400,len:4
load:0x40080404,len:4316
entry 0x4008065c
[0;32mI (29) boot: ESP-IDF v5.3-dev-2747-g4f3cd0deb9 2nd stage bootloader[0m
[0;32mI (29) boot: compile time Jun 25 2024 12:26:26[0m
[0;32mI (31) boot: Multicore bootloader[0m
[0;32mI (35) boot: chip revision: v1.0[0m
[0;32mI (39) qio_mode: Enabling default flash chip QIO[0m
[0;32mI (44) boot.esp32: SPI Speed      : 80MHz[0m
[0;32mI (49) boot.esp32: SPI Mode       : QIO[0m
[0;32mI (53) boot.esp32: SPI Flash Size : 4MB[0m
[0;32mI (58) boot: Enabling RNG early entropy source...[0m
[0;32mI (63) boot: Partition Table:[0m
[0;32mI (67) boot: ## Label            Usage          Type ST Offset   Length[0m
[0;32mI (74) boot:  0 nvs              WiFi data        01 02 00009000 00006000[0m
[0;32mI (82) boot:  1 phy_init         RF data          01 01 0000f000 00001000[0m
[0;32mI (89) boot:  2 factory          factory app      00 00 00010000 00180000[0m
[0;32mI (97) boot: End of partition table[0m
[0;32mI (101) esp_image: segment 0: paddr=00010020 vaddr=3f400020 size=5325ch (340572) map[0m
[0;32mI (197) esp_image: segment 1: paddr=00063284 vaddr=3ffb0000 size=0336ch ( 13164) load[0m
[0;32mI (201) esp_image: segment 2: paddr=000665f8 vaddr=40080000 size=09a20h ( 39456) load[0m
[0;32mI (214) esp_image: segment 3: paddr=00070020 vaddr=400d0020 size=30fech (200684) map[0m
[0;32mI (266) esp_image: segment 4: paddr=000a1014 vaddr=40089a20 size=072b0h ( 29360) load[0m
[0;32mI (284) boot: Loaded app from partition at offset 0x10000[0m
[0;32mI (284) boot: Disabling RNG early entropy source...[0m
[0;32mI (295) cpu_start: Multicore app[0m
[0;32mI (296) quad_psram: This chip is ESP32-D0WD[0m
[0;32mI (296) esp_psram: Found 8MB PSRAM device[0m
[0;32mI (298) esp_psram: Speed: 80MHz[0m
[0;32mI (302) esp_psram: PSRAM initialized, cache is in low/high (2-core) mode.[0m
[0;33mW (309) esp_psram: Virtual address not enough for PSRAM, map as much as we can. 4MB is mapped[0m
[0;32mI (782) esp_psram: SPI SRAM memory test OK[0m
[0;32mI (790) cpu_start: Pro cpu start user code[0m
[0;32mI (790) cpu_start: cpu freq: 240000000 Hz[0m
[0;32mI (790) app_init: Application information:[0m
[0;32mI (793) app_init: Project name:     person_detection[0m
[0;32mI (798) app_init: App version:      3b6d3d3-dirty[0m
[0;32mI (804) app_init: Compile time:     Jun 25 2024 12:26:20[0m
[0;32mI (810) app_init: ELF file SHA256:  00ea9d6c2...[0m
[0;32mI (815) app_init: ESP-IDF:          v5.3-dev-2747-g4f3cd0deb9[0m
[0;32mI (821) efuse_init: Min chip rev:     v0.0[0m
[0;32mI (826) efuse_init: Max chip rev:     v3.99 [0m
[0;32mI (831) efuse_init: Chip rev:         v1.0[0m
[0;32mI (836) heap_init: Initializing. RAM available for dynamic allocation:[0m
[0;32mI (843) heap_init: At 3FFAE6E0 len 00001920 (6 KiB): DRAM[0m
[0;32mI (849) heap_init: At 3FFB40F0 len 0002BF10 (175 KiB): DRAM[0m
[0;32mI (856) heap_init: At 3FFE0440 len 00003AE0 (14 KiB): D/IRAM[0m
[0;32mI (862) heap_init: At 3FFE4350 len 0001BCB0 (111 KiB): D/IRAM[0m
[0;32mI (868) heap_init: At 40090CD0 len 0000F330 (60 KiB): IRAM[0m
[0;32mI (875) esp_psram: Adding pool of 4096K of PSRAM memory to heap allocator[0m
[0;32mI (883) spi_flash: detected chip: generic[0m
[0;32mI (887) spi_flash: flash io: qio[0m
[0;33mW (891) i2c: This driver is an old driver, please migrate your application code to adapt `driver/i2c_master.h`[0m
[0;32mI (902) main_task: Started on CPU0[0m
[0;32mI (912) main_task: Calling app_main()[0m
[0;32mI (912) gpio: GPIO[13]| InputEn: 0| OutputEn: 0| OpenDrain: 0| Pullup: 1| Pulldown: 0| Intr:0 [0m
[0;32mI (912) gpio: GPIO[12]| InputEn: 0| OutputEn: 0| OpenDrain: 0| Pullup: 1| Pulldown: 0| Intr:0 [0m
[0;32mI (922) gpio: GPIO[4]| InputEn: 0| OutputEn: 0| OpenDrain: 0| Pullup: 1| Pulldown: 0| Intr:0 [0m
[0;32mI (932) gpio: GPIO[15]| InputEn: 0| OutputEn: 0| OpenDrain: 0| Pullup: 1| Pulldown: 0| Intr:0 [0m
Didn't find op for builtin opcode 'QUANTIZE'
Failed to get registration from op code QUANTIZE
 
AllocateTensors() failed
Boton No presionado
Guru Meditation Error: Core  0 panic'ed (LoadProhibited). Exception was unhandled.

Core  0 register dump:
PC      : 0x400d835c  PS      : 0x00060830  A0      : 0x800d7e65  A1      : 0x3ffb7970  
A2      : 0x00000000  A3      : 0x00000005  A4      : 0x3ffb3ab0  A5      : 0x3ffb3b78  
A6      : 0x3ffb3c38  A7      : 0x3ffb3c40  A8      : 0x00000000  A9      : 0x00000000  
A10     : 0x00000060  A11     : 0x00000060  A12     : 0x00000001  A13     : 0x3ffb39e0  
A14     : 0x3ffb3b20  A15     : 0x3ffb3ab0  SAR     : 0x0000000f  EXCCAUSE: 0x0000001c  
EXCVADDR: 0x00000010  LBEG    : 0x400870ad  LEND    : 0x400870bd  LCOUNT  : 0xfffffffa  


Backtrace: 0x400d8359:0x3ffb7970 0x400d7e62:0x3ffb7990




ELF file SHA256: 00ea9d6c2

Rebooting...
ets Jun  8 2016 00:22:57

rst:0xc (SW_CPU_RESET),boot:0x13 (SPI_FAST_FLASH_BOOT)
configsip: 0, SPIWP:0xee
clk_drv:0x00,q_drv:0x00,d_drv:0x00,cs0_drv:0x00,hd_drv:0x00,wp_drv:0x00
mode:DIO, clock div:1
load:0x3fff0030,len:7524
load:0x40078000,len:16552
load:0x40080400,len:4
load:0x40080404,len:4316
entry 0x4008065c
[0;32mI (29) boot: ESP-IDF v5.3-dev-2747-g4f3cd0deb9 2nd stage bootloader[0m
[0;32mI (29) boot: compile time Jun 25 2024 12:26:26[0m
[0;32mI (31) boot: Multicore bootloader[0m
[0;32mI (35) boot: chip revision: v1.0[0m
[0;32mI (39) qio_mode: Enabling default flash chip QIO[0m
[0;32mI (44) boot.esp32: SPI Speed      : 80MHz[0m
[0;32mI (49) boot.esp32: SPI Mode       : QIO[0m
[0;32mI (53) boot.esp32: SPI Flash Size : 4MB[0m
[0;32mI (58) boot: Enabling RNG early entropy source...[0m
[0;32mI (63) boot: Partition Table:[0m
[0;32mI (67) boot: ## Label            Usage          Type ST Offset   Length[0m
[0;32mI (74) boot:  0 nvs              WiFi data        01 02 00009000 00006000[0m
[0;32mI (82) boot:  1 phy_init         RF data          01 01 0000f000 00001000[0m
[0;32mI (89) boot:  2 factory          factory app      00 00 00010000 00180000[0m
[0;32mI (97) boot: End of partition table[0m
[0;32mI (101) esp_image: segment 0: paddr=00010020 vaddr=3f400020 size=5325ch (340572) map[0m
[0;32mI (197) esp_image: segment 1: paddr=00063284 vaddr=3ffb0000 size=0336ch ( 13164) load[0m
[0;32mI (201) esp_image: segment 2: paddr=000665f8 vaddr=40080000 size=09a20h ( 39456) load[0m
[0;32mI (214) esp_image: segment 3: paddr=00070020 vaddr=400d0020 size=30fech (200684) map[0m
[0;32mI (266) esp_image: segment 4: paddr=000a1014 vaddr=40089a20 size=072b0h ( 29360) load[0m
[0;32mI (284) boot: Loaded app from partition at offset 0x10000[0m
[0;32mI (284) boot: Disabling RNG early entropy source...[0m
[0;32mI (295) cpu_start: Multicore app[0m
[0;32mI (296) quad_psram: This chip is ESP32-D0WD[0m
[0;32mI (296) esp_psram: Found 8MB PSRAM device[0m
[0;32mI (298) esp_psram: Speed: 80MHz[0m
[0;32mI (302) esp_psram: PSRAM initialized, cache is in low/high (2-core) mode.[0m
[0;33mW (309) esp_psram: Virtual address not enough for PSRAM, map as much as we can. 4MB is mapped[0m
[0;32mI (782) esp_psram: SPI SRAM memory test OK[0m
[0;32mI (790) cpu_start: Pro cpu start user code[0m
[0;32mI (790) cpu_start: cpu freq: 240000000 Hz[0m
[0;32mI (790) app_init: Application information:[0m
[0;32mI (793) app_init: Project name:     person_detection[0m
[0;32mI (798) app_init: App version:      3b6d3d3-dirty[0m
[0;32mI (804) app_init: Compile time:     Jun 25 2024 12:26:20[0m
[0;32mI (810) app_init: ELF file SHA256:  00ea9d6c2...[0m
[0;32mI (815) app_init: ESP-IDF:          v5.3-dev-2747-g4f3cd0deb9[0m
[0;32mI (821) efuse_init: Min chip rev:     v0.0[0m
[0;32mI (826) efuse_init: Max chip rev:     v3.99 [0m
[0;32mI (831) efuse_init: Chip rev:         v1.0[0m
[0;32mI (836) heap_init: Initializing. RAM available for dynamic allocation:[0m
[0;32mI (843) heap_init: At 3FFAE6E0 len 00001920 (6 KiB): DRAM[0m
[0;32mI (849) heap_init: At 3FFB40F0 len 0002BF10 (175 KiB): DRAM[0m
[0;32mI (856) heap_init: At 3FFE0440 len 00003AE0 (14 KiB): D/IRAM[0m
[0;32mI (862) heap_init: At 3FFE4350 len 0001BCB0 (111 KiB): D/IRAM[0m
[0;32mI (868) heap_init: At 40090CD0 len 0000F330 (60 KiB): IRAM[0m
[0;32mI (875) esp_psram: Adding pool of 4096K of PSRAM memory to heap allocator[0m
[0;32mI (883) spi_flash: detected chip: generic[0m
[0;32mI (887) spi_flash: flash io: qio[0m
[0;33mW (891) i2c: This driver is an old driver, please migrate your application code to adapt `driver/i2c_master.h`[0m
[0;32mI (902) main_task: Started on CPU0[0m
[0;32mI (912) main_task: Calling app_main()[0m
[0;32mI (912) gpio: GPIO[13]| InputEn: 0| OutputEn: 0| OpenDrain: 0| Pullup: 1| Pulldown: 0| Intr:0 [0m
[0;32mI (912) gpio: GPIO[12]| InputEn: 0| OutputEn: 0| OpenDrain: 0| Pullup: 1| Pulldown: 0| Intr:0 [0m
[0;32mI (922) gpio: GPIO[4]| InputEn: 0| OutputEn: 0| OpenDrain: 0| Pullup: 1| Pulldown: 0| Intr:0 [0m
[0;32mI (932) gpio: GPIO[15]| InputEn: 0| OutputEn: 0| OpenDrain: 0| Pullup: 1| Pulldown: 0| Intr:0 [0m
Didn't find op for builtin opcode 'QUANTIZE'
Failed to get registration from op code QUANTIZE
 
AllocateTensors() failed
Boton No presionado
Guru Meditation Error: Core  0 panic'ed (LoadProhibited). Exception was unhandled.

Core  0 register dump:
PC      : 0x400d835c  PS      : 0x00060830  A0      : 0x800d7e65  A1      : 0x3ffb7970  
A2      : 0x00000000  A3      : 0x00000005  A4      : 0x3ffb3ab0  A5      : 0x3ffb3b78  
A6      : 0x3ffb3c38  A7      : 0x3ffb3c40  A8      : 0x00000000  A9      : 0x00000000  
A10     : 0x00000060  A11     : 0x00000060  A12     : 0x00000001  A13     : 0x3ffb39e0  
A14     : 0x3ffb3b20  A15     : 0x3ffb3ab0  SAR     : 0x0000000f  EXCCAUSE: 0x0000001c  
EXCVADDR: 0x00000010  LBEG    : 0x400870ad  LEND    : 0x400870bd  LCOUNT  : 0xfffffffa  


Backtrace: 0x400d8359:0x3ffb7970 0x400d7e62:0x3ffb7990




ELF file SHA256: 00ea9d6c2

Rebooting...
ets Jun  8 2016 00:22:57

rst:0xc (SW_CPU_RESET),boot:0x13 (SPI_FAST_FLASH_BOOT)
configsip: 0, SPIWP:0xee
clk_drv:0x00,q_drv:0x00,d_drv:0x00,cs0_drv:0x00,hd_drv:0x00,wp_drv:0x00
mode:DIO, clock div:1
load:0x3fff0030,len:7524
load:0x40078000,len:16552
load:0x40080400,len:4
load:0x40080404,len:4316
entry 0x4008065c
[0;32mI (29) boot: ESP-IDF v5.3-dev-2747-g4f3cd0deb9 2nd stage bootloader[0m
[0;32mI (29) boot: compile time Jun 25 2024 12:26:26[0m
[0;32mI (31) boot: Multicore bootloader[0m
[0;32mI (35) boot: chip revision: v1.0[0m
[0;32mI (39) qio_mode: Enabling default flash chip QIO[0m
[0;32mI (44) boot.esp32: SPI Speed      : 80MHz[0m
[0;32mI (49) boot.esp32: SPI Mode       : QIO[0m
[0;32mI (53) boot.esp32: SPI Flash Size : 4MB[0m
[0;32mI (58) boot: Enabling RNG early entropy source...[0m
[0;32mI (63) boot: Partition Table:[0m
[0;32mI (67) boot: ## Label            Usage          Type ST Offset   Length[0m
[0;32mI (74) boot:  0 nvs              WiFi data        01 02 00009000 00006000[0m
[0;32mI (82) boot:  1 phy_init         RF data          01 01 0000f000 00001000[0m
[0;32mI (89) boot:  2 factory          factory app      00 00 00010000 00180000[0m
[0;32mI (97) boot: End of partition table[0m
[0;32mI (101) esp_image: segment 0: paddr=00010020 vaddr=3f400020 size=5325ch (340572) map[0m
[0;32mI (197) esp_image: segment 1: paddr=00063284 vaddr=3ffb0000 size=0336ch ( 13164) load[0m
[0;32mI (201) esp_image: segment 2: paddr=000665f8 vaddr=40080000 size=09a20h ( 39456) load[0m
[0;32mI (214) esp_image: segment 3: paddr=00070020 vaddr=400d0020 size=30fech (200684) map[0m
[0;32mI (266) esp_image: segment 4: paddr=000a1014 vaddr=40089a20 size=072b0h ( 29360) load[0m
[0;32mI (284) boot: Loaded app from partition at offset 0x10000[0m
[0;32mI (284) boot: Disabling RNG early entropy source...[0m
[0;32mI (295) cpu_start: Multicore app[0m
[0;32mI (296) quad_psram: This chip is ESP32-D0WD[0m
[0;32mI (296) esp_psram: Found 8MB PSRAM device[0m
[0;32mI (298) esp_psram: Speed: 80MHz[0m
[0;32mI (302) esp_psram: PSRAM initialized, cache is in low/high (2-core) mode.[0m
[0;33mW (309) esp_psram: Virtual address not enough for PSRAM, map as much as we can. 4MB is mapped[0m
[0;32mI (782) esp_psram: SPI SRAM memory test OK[0m
[0;32mI (790) cpu_start: Pro cpu start user code[0m
[0;32mI (790) cpu_start: cpu freq: 240000000 Hz[0m
[0;32mI (790) app_init: Application information:[0m
[0;32mI (793) app_init: Project name:     person_detection[0m
[0;32mI (798) app_init: App version:      3b6d3d3-dirty[0m
[0;32mI (804) app_init: Compile time:     Jun 25 2024 12:26:20[0m
[0;32mI (810) app_init: ELF file SHA256:  00ea9d6c2...[0m
[0;32mI (815) app_init: ESP-IDF:          v5.3-dev-2747-g4f3cd0deb9[0m
[0;32mI (821) efuse_init: Min chip rev:     v0.0[0m
[0;32mI (826) efuse_init: Max chip rev:     v3.99 [0m
[0;32mI (831) efuse_init: Chip rev:         v1.0[0m
[0;32mI (836) heap_init: Initializing. RAM available for dynamic allocation:[0m
[0;32mI (843) heap_init: At 3FFAE6E0 len 00001920 (6 KiB): DRAM[0m
[0;32mI (849) heap_init: At 3FFB40F0 len 0002BF10 (175 KiB): DRAM[0m
[0;32mI (856) heap_init: At 3FFE0440 len 00003AE0 (14 KiB): D/IRAM[0m
[0;32mI (862) heap_init: At 3FFE4350 len 0001BCB0 (111 KiB): D/IRAM[0m
[0;32mI (868) heap_init: At 40090CD0 len 0000F330 (60 KiB): IRAM[0m
[0;32mI (875) esp_psram: Adding pool of 4096K of PSRAM memory to heap allocator[0m
[0;32mI (883) spi_flash: detected chip: generic[0m
[0;32mI (887) spi_flash: flash io: qio[0m
[0;33mW (891) i2c: This driver is an old driver, please migrate your application code to adapt `driver/i2c_master.h`[0m
[0;32mI (902) main_task: Started on CPU0[0m
[0;32mI (912) main_task: Calling app_main()[0m
[0;32mI (912) gpio: GPIO[13]| InputEn: 0| OutputEn: 0| OpenDrain: 0| Pullup: 1| Pulldown: 0| Intr:0 [0m
[0;32mI (912) gpio: GPIO[12]| InputEn: 0| OutputEn: 0| OpenDrain: 0| Pullup: 1| Pulldown: 0| Intr:0 [0m
[0;32mI (922) gpio: GPIO[4]| InputEn: 0| OutputEn: 0| OpenDrain: 0| Pullup: 1| Pulldown: 0| Intr:0 [0m
[0;32mI (932) gpio: GPIO[15]| InputEn: 0| OutputEn: 0| OpenDrain: 0| Pullup: 1| Pulldown: 0| Intr:0 [0m
Didn't find op for builtin opcode 'QUANTIZE'
Failed to get registration from op code QUANTIZE
 
AllocateTensors() failed
Boton No presionado
Guru Meditation Error: Core  0 panic'ed (LoadProhibited). Exception was unhandled.

Core  0 register dump:
PC      : 0x400d835c  PS      : 0x00060830  A0      : 0x800d7e65  A1      : 0x3ffb7970  
A2      : 0x00000000  A3      : 0x00000005  A4      : 0x3ffb3ab0  A5      : 0x3ffb3b78  
A6      : 0x3ffb3c38  A7      : 0x3ffb3c40  A8      : 0x00000000  A9      : 0x00000000  
A10     : 0x00000060  A11     : 0x00000060  A12     : 0x00000001  A13     : 0x3ffb39e0  
A14     : 0x3ffb3b20  A15     : 0x3ffb3ab0  SAR     : 0x0000000f  EXCCAUSE: 0x0000001c  
EXCVADDR: 0x00000010  LBEG    : 0x400870ad  LEND    : 0x400870bd  LCOUNT  : 0xfffffffa  


Backtrace: 0x400d8359:0x3ffb7970 0x400d7e62:0x3ffb7990




ELF file SHA256: 00ea9d6c2

Rebooting...
ets Jun  8 2016 00:22:57

rst:0xc (SW_CPU_RESET),boot:0x13 (SPI_FAST_FLASH_BOOT)
configsip: 0, SPIWP:0xee
clk_drv:0x00,q_drv:0x00,d_drv:0x00,cs0_drv:0x00,hd_drv:0x00,wp_drv:0x00
mode:DIO, clock div:1
load:0x3fff0030,len:7524
load:0x40078000,len:16552
load:0x40080400,len:4
load:0x40080404,len:4316
entry 0x4008065c
[0;32mI (29) boot: ESP-IDF v5.3-dev-2747-g4f3cd0deb9 2nd stage bootloader[0m
[0;32mI (29) boot: compile time Jun 25 2024 12:26:26[0m
[0;32mI (31) boot: Multicore bootloader[0m
[0;32mI (35) boot: chip revision: v1.0[0m
[0;32mI (39) qio_mode: Enabling default flash chip QIO[0m
[0;32mI (44) boot.esp32: SPI Speed      : 80MHz[0m
[0;32mI (49) boot.esp32: SPI Mode       : QIO[0m
[0;32mI (53) boot.esp32: SPI Flash Size : 4MB[0m
[0;32mI (58) boot: Enabling RNG early entropy source...[0m
[0;32mI (63) boot: Partition Table:[0m
[0;32mI (67) boot: ## Label            Usage          Type ST Offset   Length[0m
[0;32mI (74) boot:  0 nvs              WiFi data        01 02 00009000 00006000[0m
[0;32mI (82) boot:  1 phy_init         RF data          01 01 0000f000 00001000[0m
[0;32mI (89) boot:  2 factory          factory app      00 00 00010000 00180000[0m
[0;32mI (97) boot: End of partition table[0m
