ÔøΩ◊ÅJunÔøΩÔøΩÔøΩ01ÔøΩÔøΩÔøΩ22ÔøΩÔøΩj

ÔøΩ.ÔøΩÔøΩxÔøΩBÔøΩ=WEÔøΩÔøΩ}ÔøΩESQUÔøΩIÔøΩÔøΩÔøΩ:0ÔøΩ2ÔøΩiÔøΩ}STÔøΩ*MH_ÔøΩÔøΩQ%
ÔøΩÀôÔøΩgsZÔøΩbÔøΩA%]P:ÔøΩÔøΩÔøΩ5
cÔøΩÔøΩEÔøΩv:ÔøΩÔøΩÔøΩ)}ÔøΩrvÔøΩÔøΩÔøΩ0,dÔøΩÔøΩÔøΩÔøΩ0xÔøΩbÔøΩ0_ÔøΩ.ÔøΩÔøΩÔøΩÔøΩÔøΩÔøΩÔøΩÔøΩdrÔøΩÔøΩÔøΩA0,}ÔøΩÔøΩv:ÔøΩÔøΩÔøΩC!ÔøΩÔøΩÔøΩÔøΩDIÔøΩ	ÔøΩocÔøΩ"ÔøΩÔøΩ:1C!ÔøΩ+ÔøΩÔøΩ0x3ÔøΩÔøΩÔøΩ030ÔøΩkÔøΩi75&ÔøΩHÔøΩÔøΩÔøΩ:0ÔøΩ0ÔøΩÔøΩÔøΩ0,ÔøΩÔøΩÔøΩ16ÔøΩMÔøΩHÔøΩÎÖë:0ÔøΩ0ÔøΩÔøΩÔøΩÔøΩ0,ÔøΩYKÔøΩ
ÔøΩ+ÔøΩi0xÔøΩ¬Ç4ÔøΩÔøΩÔøΩÔøΩÔøΩÔøΩÔøΩj
eÔøΩÔøΩÔøΩ0xÔøΩ¬Ç65ÔøΩÔøΩ[0;32mI (28) boot: ESP-IDF v5.3-dev-2747-g4f3cd0deb9 2nd stage bootloader[0m
[0;32mI (28) boot: compile time Jun 25 2024 12:26:26[0m
[0;32mI (30) boot: Multicore bootloader[0m
[0;32mI (34) boot: chip revision: v1.0[0m
[0;32mI (38) qio_mode: Enabling default flash chip QIO[0m
[0;32mI (43) boot.esp32: SPI Speed      : 80MHz[0m
[0;32mI (48) boot.esp32: SPI Mode       : QIO[0m
[0;32mI (52) boot.esp32: SPI Flash Size : 4MB[0m
[0;32mI (57) boot: Enabling RNG early entropy source...[0m
[0;32mI (62) boot: Partition Table:[0m
[0;32mI (66) boot: ## Label            Usage          Type ST Offset   Length[0m
[0;32mI (73) boot:  0 nvs              WiFi data        01 02 00009000 00006000[0m
[0;32mI (81) boot:  1 phy_init         RF data          01 01 0000f000 00001000[0m
[0;32mI (88) boot:  2 factory          factory app      00 00 00010000 00180000[0m
[0;32mI (96) boot: End of partition table[0m
[0;32mI (100) esp_image: segment 0: paddr=00010020 vaddr=3f400020 size=5e71ch (386844) map[0m
[0;32mI (208) esp_image: segment 1: paddr=0006e744 vaddr=3ffb0000 size=018d4h (  6356) load[0m
[0;32mI (210) esp_image: segment 2: paddr=00070020 vaddr=400d0020 size=30fech (200684) map[0m
[0;32mI (265) esp_image: segment 3: paddr=000a1014 vaddr=3ffb18d4 size=01a98h (  6808) load[0m
[0;32mI (267) esp_image: segment 4: paddr=000a2ab4 vaddr=40080000 size=10cd0h ( 68816) load[0m
[0;32mI (300) boot: Loaded app from partition at offset 0x10000[0m
[0;32mI (300) boot: Disabling RNG early entropy source...[0m
[0;32mI (312) cpu_start: Multicore app[0m
[0;32mI (312) quad_psram: This chip is ESP32-D0WD[0m
[0;32mI (312) esp_psram: Found 8MB PSRAM device[0m
[0;32mI (314) esp_psram: Speed: 80MHz[0m
[0;32mI (318) esp_psram: PSRAM initialized, cache is in low/high (2-core) mode.[0m
[0;33mW (325) esp_psram: Virtual address not enough for PSRAM, map as much as we can. 4MB is mapped[0m
[0;32mI (798) esp_psram: SPI SRAM memory test OK[0m
[0;32mI (806) cpu_start: Pro cpu start user code[0m
[0;32mI (806) cpu_start: cpu freq: 240000000 Hz[0m
[0;32mI (806) app_init: Application information:[0m
[0;32mI (809) app_init: Project name:     person_detection[0m
[0;32mI (815) app_init: App version:      3b6d3d3-dirty[0m
[0;32mI (820) app_init: Compile time:     Jun 25 2024 12:26:20[0m
[0;32mI (826) app_init: ELF file SHA256:  084ba73a0...[0m
[0;32mI (831) app_init: ESP-IDF:          v5.3-dev-2747-g4f3cd0deb9[0m
[0;32mI (838) efuse_init: Min chip rev:     v0.0[0m
[0;32mI (842) efuse_init: Max chip rev:     v3.99 [0m
[0;32mI (847) efuse_init: Chip rev:         v1.0[0m
[0;32mI (852) heap_init: Initializing. RAM available for dynamic allocation:[0m
[0;32mI (859) heap_init: At 3FFAE6E0 len 00001920 (6 KiB): DRAM[0m
[0;32mI (865) heap_init: At 3FFB40F0 len 0002BF10 (175 KiB): DRAM[0m
[0;32mI (872) heap_init: At 3FFE0440 len 00003AE0 (14 KiB): D/IRAM[0m
[0;32mI (878) heap_init: At 3FFE4350 len 0001BCB0 (111 KiB): D/IRAM[0m
[0;32mI (884) heap_init: At 40090CD0 len 0000F330 (60 KiB): IRAM[0m
[0;32mI (891) esp_psram: Adding pool of 4096K of PSRAM memory to heap allocator[0m
[0;32mI (899) spi_flash: detected chip: generic[0m
[0;32mI (903) spi_flash: flash io: qio[0m
[0;33mW (907) i2c: This driver is an old driver, please migrate your application code to adapt `driver/i2c_master.h`[0m
[0;32mI (918) main_task: Started on CPU0[0m
[0;32mI (928) main_task: Calling app_main()[0m
[0;32mI (928) gpio: GPIO[13]| InputEn: 0| OutputEn: 0| OpenDrain: 0| Pullup: 1| Pulldown: 0| Intr:0 [0m
[0;32mI (928) gpio: GPIO[12]| InputEn: 0| OutputEn: 0| OpenDrain: 0| Pullup: 1| Pulldown: 0| Intr:0 [0m
[0;32mI (938) gpio: GPIO[4]| InputEn: 0| OutputEn: 0| OpenDrain: 0| Pullup: 1| Pulldown: 0| Intr:0 [0m
[0;32mI (948) gpio: GPIO[15]| InputEn: 0| OutputEn: 0| OpenDrain: 0| Pullup: 1| Pulldown: 0| Intr:0 [0m
[0;32mI (978) gpio: GPIO[25]| InputEn: 1| OutputEn: 0| OpenDrain: 0| Pullup: 1| Pulldown: 0| Intr:2 [0m
[0;32mI (978) cam_hal: cam init ok[0m
[0;32mI (978) sccb: pin_sda 26 pin_scl 27[0m
[0;32mI (988) sccb: sccb_i2c_port=1[0m
[0;32mI (988) gpio: GPIO[32]| InputEn: 0| OutputEn: 1| OpenDrain: 0| Pullup: 0| Pulldown: 0| Intr:0 [0m
[0;32mI (1028) camera: Detected camera at address=0x30[0m
[0;32mI (1028) camera: Detected OV2640 camera[0m
[0;32mI (1028) camera: Camera PID=0x26 VER=0x42 MIDL=0x7f MIDH=0xa2[0m
[0;32mI (1098) esp32 ll_cam: node_size: 3072, nodes_per_line: 1, lines_per_node: 4, dma_half_buffer_min:  3072, dma_half_buffer: 12288,lines_per_half_buffer: 16, dma_buffer_size: 24576, image_size: 18432[0m
[0;32mI (1108) cam_hal: buffer_size: 24576, half_buffer_size: 12288, node_buffer_size: 3072, node_cnt: 8, total_cnt: 1[0m
[0;32mI (1118) cam_hal: Allocating 9216 Byte frame buffer in PSRAM[0m
[0;32mI (1128) cam_hal: Allocating 9216 Byte frame buffer in PSRAM[0m
[0;32mI (1128) cam_hal: cam config ok[0m
[0;32mI (1138) ov2640: Set PLL: clk_2x: 0, clk_div: 3, pclk_auto: 1, pclk_div: 8[0m
Camera Initialized

Boton No presionado
Image Captured

person score:49%, no person score 51%
No person detected
Boton No presionado
Image Captured

person score:21%, no person score 79%
No person detected
Boton No presionado
Image Captured

person score:18%, no person score 82%
No person detected
Boton No presionado
Image Captured

person score:23%, no person score 77%
No person detected
Boton No presionado
Image Captured

person score:20%, no person score 80%
No person detected
Boton No presionado
Image Captured

person score:63%, no person score 37%
No person detected
Boton No presionado
Image Captured

person score:26%, no person score 74%
No person detected
Boton No presionado
Image Captured

person score:68%, no person score 32%
No person detected
Boton No presionado
Image Captured

person score:49%, no person score 51%
No person detected
Boton No presionado
Image Captured

person score:71%, no person score 29%
No person detected
Boton No presionado
Image Captured

person score:16%, no person score 84%
No person detected
Boton No presionado
Image Captured

person score:32%, no person score 68%
No person detected
Boton No presionado
Image Captured

person score:31%, no person score 69%
No person detected
Boton No presionado
Image Captured

person score:38%, no person score 62%
No person detected
Boton No presionado
Image Captured

person score:32%, no person score 68%
No person detected
Boton No presionado
Image Captured

person score:43%, no person score 57%
No person detected
Boton No presionado
Image Captured

person score:54%, no person score 46%
No person detected
Boton No presionado
Image Captured

person score:42%, no person score 58%
No person detected
Boton No presionado
Image Captured

person score:34%, no person score 66%
No person detected
Boton No presionado
Image Captured

person score:79%, no person score 21%
No person detected
Boton No presionado
Image Captured

person score:75%, no person score 25%
No person detected
Boton No presionado
Image Captured

person score:71%, no person score 29%
No person detected
Boton No presionado
Image Captured

person score:75%, no person score 25%
No person detected
Boton No presionado
Image Captured

person score:75%, no person score 25%
No person detected
Boton No presionado
Image Captured

person score:66%, no person score 34%
No person detected
Boton No presionado
Image Captured

person score:57%, no person score 43%
No person detected
Boton No presionado
Image Captured

person score:78%, no person score 22%
No person detected
Boton No presionado
Image Captured

person score:91%, no person score 9%
No person detected
Boton No presionado
Image Captured

person score:93%, no person score 7%
No person detected
Boton No presionado
Image Captured

person score:78%, no person score 22%
No person detected
Boton No presionado
Image Captured

person score:70%, no person score 30%
No person detected
Boton No presionado
Image Captured

person score:36%, no person score 64%
No person detected
Boton No presionado
Image Captured

person score:34%, no person score 66%
No person detected
Boton No presionado
Image Captured

person score:29%, no person score 71%
No person detected
Boton No presionado
Image Captured

person score:20%, no person score 80%
No person detected
Boton No presionado
Image Captured

person score:36%, no person score 64%
No person detected
Boton No presionado
Image Captured

person score:42%, no person score 58%
No person detected
Boton No presionado
Image Captured

person score:38%, no person score 62%
No person detected
Boton No presionado
Image Captured

person score:29%, no person score 71%
No person detected
Boton No presionado
Image Captured

person score:48%, no person score 52%
No person detected
Boton No presionado
Image Captured

person score:34%, no person score 66%
No person detected
Boton No presionado
Image Captured

person score:28%, no person score 72%
No person detected
Boton No presionado
Image Captured

person score:21%, no person score 79%
No person detected
Boton No presionado
Image Captured

person score:20%, no person score 80%
No person detected
Boton No presionado
Image Captured

person score:28%, no person score 72%
No person detected
Boton No presionado
Image Captured

person score:20%, no person score 80%
No person detected
Boton No presionado
Image Captured

person score:22%, no person score 78%
No person detected
Boton No presionado
Image Captured

person score:23%, no person score 77%
No person detected
Boton No presionado
Image Captured

person score:25%, no person score 75%
No person detected
Boton No presionado
Image Captured

person score:23%, no person score 77%
No person detected
Boton No presionado
Image Captured

person score:20%, no person score 80%
No person detected
Boton No presionado
Image Captured

person score:18%, no person score 82%
No person detected
Boton No presionado
Image Captured

person score:21%, no person score 79%
No person detected
Boton No presionado
Image Captured

person score:20%, no person score 80%
No person detected
Boton No presionado
Image Captured

person score:44%, no person score 56%
No person detected
Boton No presionado
Image Captured

person score:26%, no person score 74%
No person detected
Boton No presionado
Image Captured

person score:25%, no person score 75%
No person detected
Boton No presionado
Image Captured

person score:18%, no person score 82%
No person detected
Boton No presionado
Image Captured

person score:23%, no person score 77%
No person detected
Boton No presionado
Image Captured

person score:19%, no person score 81%
No person detected
Boton No presionado
Image Captured

person score:21%, no person score 79%
No person detected
Boton No presionado
Image Captured

person score:21%, no person score 79%
No person detected
Boton No presionado
Image Captured

person score:48%, no person score 52%
No person detected
Boton No presionado
Image Captured

person score:26%, no person score 74%
No person detected
Boton No presionado
Image Captured

person score:46%, no person score 54%
No person detected
Boton No presionado
Image Captured

person score:38%, no person score 62%
No person detected
Boton No presionado
Image Captured

person score:36%, no person score 64%
No person detected
Boton No presionado
Image Captured

person score:37%, no person score 63%
No person detected
Boton No presionado
Image Captured

person score:47%, no person score 53%
No person detected
Boton presionado
Image Captured

person score:61%, no person score 39%
No person detected
Boton No presionado
Image Captured

person score:38%, no person score 62%
No person detected
Boton No presionado
Image Captured

person score:34%, no person score 66%
No person detected
Boton No presionado
Image Captured

person score:29%, no person score 71%
No person detected
Boton No presionado
Image Captured

person score:27%, no person score 73%
No person detected
Boton No presionado
Image Captured

person score:51%, no person score 49%
No person detected
Boton No presionado
Image Captured

person score:63%, no person score 37%
No person detected
Boton No presionado
Image Captured

person score:64%, no person score 36%
No person detected
Boton No presionado
Image Captured

person score:87%, no person score 13%
----Person Detected----
Boton No presionado
Image Captured

person score:41%, no person score 59%
No person detected
Boton No presionado
Image Captured

person score:45%, no person score 55%
No person detected
Boton No presionado
Image Captured

person score:51%, no person score 49%
No person detected
Boton No presionado
Image Captured

person score:89%, no person score 11%
----Person Detected----
Boton No presionado
Image Captured

person score:60%, no person score 40%
No person detected
Boton No presionado
Image Captured

person score:61%, no person score 39%
No person detected
Boton No presionado
Image Captured

person score:27%, no person score 73%
No person detected
Boton No presionado
Image Captured

person score:86%, no person score 14%
----Person Detected----
Boton No presionado
Image Captured

person score:61%, no person score 39%
No person detected
Boton No presionado
Image Captured

person score:64%, no person score 36%
No person detected
Boton No presionado
Image Captured

person score:95%, no person score 5%
----Person Detected----
Boton No presionado
Image Captured

person score:95%, no person score 5%
----Person Detected----
Boton No presionado
Image Captured

person score:95%, no person score 5%
----Person Detected----
Boton No presionado
Image Captured

person score:89%, no person score 11%
----Person Detected----
Boton No presionado
Image Captured

person score:38%, no person score 62%
No person detected
Boton No presionado
Image Captured

person score:28%, no person score 72%
No person detected
Boton No presionado
Image Captured

person score:36%, no person score 64%
No person detected
Boton No presionado
Image Captured

person score:32%, no person score 68%
No person detected
Boton No presionado
Image Captured

person score:34%, no person score 66%
No person detected
Boton No presionado
Image Captured

person score:63%, no person score 37%
No person detected
Boton No presionado
Image Captured

person score:31%, no person score 69%
No person detected
Boton No presionado
Image Captured

person score:57%, no person score 43%
No person detected
Boton No presionado
Image Captured

person score:55%, no person score 45%
No person detected
Boton No presionado
Image Captured

person score:47%, no person score 53%
No person detected
Boton No presionado
Image Captured

person score:49%, no person score 51%
No person detected
Boton No presionado
Image Captured

person score:31%, no person score 69%
No person detected
Boton No presionado
Image Captured

person score:62%, no person score 38%
No person detected
Boton No presionado
Image Captured

person score:49%, no person score 51%
No person detected
Boton No presionado
Image Captured

person score:30%, no person score 70%
No person detected
Boton No presionado
Image Captured

person score:21%, no person score 79%
No person detected
Boton No presionado
Image Captured

person score:40%, no person score 60%
No person detected
Boton No presionado
Image Captured

person score:34%, no person score 66%
No person detected
Boton No presionado
Image Captured

person score:23%, no person score 77%
No person detected
Boton No presionado
Image Captured

person score:17%, no person score 83%
No person detected
Boton No presionado
Image Captured

person score:11%, no person score 89%
No person detected
Boton No presionado
Image Captured

I BOD: Brownout detector was triggered


ets Jun  8 2016 00:22:57

rst:0xc (SW_CPU_RESET),boot:0x12 (SPI_FAST_FLASH_BOOT)
configsip: 0, SPIWP:0xee
clk_drv:0x00,q_drv:0x00,d_drv:0x00,cs0_drv:0x00,hd_drv:0x00,wp_drv:0x00
mode:DIO, clock div:1
load:0x3fff0030,len:7524
load:0x40078000,len:16552
load:0x40080400,len:4
load:0x40080404,len:4316
entry 0x4008065c
[0;32mI (29) boot: ESP-IDF v5.3-dev-2747-g4f3cd0deb9 2nd stage bootloader[0m
[0;32mI (29)  ÔøΩÔøΩÔøΩÔøΩÔøΩJun 25 2024 12:26:26[0m
[0;32mI (31) boot: Multicore bootloader[0m  ÔøΩ+
BÔøΩÔøΩJÔøΩÔøΩÔøΩÔøΩ chip revision: v1.0[0m
etsÔøΩÔøΩÔøΩÔøΩ8 &ÔøΩÔøΩÔøΩ0:&&'ÔøΩSHÔøΩHHÔøΩÔøΩi0xÔøΩBÔøΩÔøΩCWÔøΩÔøΩ%E5}IÔøΩETÔøΩIÔøΩÔøΩÔøΩ:0ÔøΩL&BÔøΩA%}ÔøΩASÔøΩe1SH_ÔøΩÔøΩQÔøΩ
cÔøΩKÔøΩÔøΩsip'ÔøΩbA%]P:0ÔøΩÔøΩ5
clkEÔøΩÔøΩÔøΩ0x0ÔøΩq_ÔøΩÔøΩÔøΩ0x00ÔøΩ}ÔøΩÔøΩv:0ÔøΩ0,ÔøΩ.ÔøΩÔøΩrv:ÔøΩÔøΩ0	}ÔøΩrv:ÔøΩÔøΩ0ÔøΩ}ÔøΩrv:ÔøΩÔøΩ0CÔøΩÔøΩÔøΩÔøΩÔøΩDRÔøΩÔøΩÔøΩÔøΩÔøΩ dÔøΩÔøΩÔøΩj
lo·ñÇÔøΩMffÔøΩÔøΩÔøΩÔøΩleKÔøΩÔøΩÔøΩÔøΩ
ÔøΩ+ÔøΩÔøΩ0x4ÔøΩ78ÔøΩ0,ÔøΩÔøΩÔøΩ165ÔøΩÔøΩHÔøΩÔøΩ+ÔøΩÔøΩ0x4ÔøΩ¬ÇÔøΩÔøΩ0,ÔøΩÔøΩÔøΩ4
l+ÔøΩÔøΩ0x40ÔøΩ04ÔøΩ,lYÀ¢ÔøΩÔøΩ6ÔøΩÔøΩÔøΩÔøΩy ÔøΩÔøΩ0ÔøΩÔøΩÔøΩÔøΩ5
[0;32mI (29) boot: ESP-IDF v5.3-dev-2747-g4f3cd0deb9 2nd stage bootloader[0m
[0;32mI (29) boot: compile time Jun 25 2024 12:26:26[0m
[0;32mI (30) boot: Multicore bootloader[0m
[0;32mI (34) boot: chip revision: v1.0[0m
[0;32mI (38) qio_mode: Enabling default flash chip QIO[0m
[0;32mI (44) boot.esp32: SPI Speed      : 80MHz[0m
[0;32mI (48) boot.esp32: SPI Mode       : QIO[0m
[0;32mI (53) boot.esp32: SPI Flash Size : 4MB[0m
[0;32mI (57) boot: Enabling RNG early entropy source...[0m
[0;32mI (63) boot: Partition Table:[0m
[0;32mI (66) boot: ## Label            Usage          Type ST Offset   Length[0m
[0;32mI (74) boot:  0 nvs              WiFi data        01 02 00009000 00006000[0m
[0;32mI (81) boot:  1 phy_init         RF data          01 01 0000f000 00001000[0m
[0;32mI (88) boot:  2 factory          factory app      00 00 00010000 00180000[0m
[0;32mI (96) boot: End of partition table[0m
[0;32mI (100) esp_image: segment 0: paddr=00010020 vaddr=3f400020 size=5e71ch (386844) map[0m
[0;32mI (208) esp_image: segment 1: paddr=0006e744 vaddr=3ffb0000 size=018d4h (  6356) load[0m
[0;32mI (210) esp_image: segment 2: paddr=00070020 vaddr=400d0020 size=30fech (200684) map[0m
[0;32mI (265) esp_image: segment 3: paddr=000a1014 vaddr=3ffb18d4 size=01a98h (  6808) load[0m
[0;32mI (267) esp_image: segment 4: paddr=000a2ab4 vaddr=40080000 size=10cd0h ( 68816) load[0m
[0;32mI (300) boot: Loaded app from partition at offset 0x10000[0m
[0;32mI (301) boot: Disabling RNG early entropy source...[0m
[0;32mI (312) cpu_start: Multicore app[0m
[0;32mI (312) quad_psram: This chip is ESP32-D0WD[0m
[0;32mI (312) esp_psram: Found 8MB PSRAM device[0m
[0;32mI (314) esp_psram: Speed: 80MHz[0m
[0;32mI (318) esp_psram: PSRAM initialized, cache is in low/high (2-core) mode.[0m
[0;33mW (326) esp_psram: Virtual address not enough for PSRAM, map as much as we can. 4MB is mapped[0m
[0;32mI (798) esp_psram: SPI SRAM memory test OK[0m
[0;32mI (806) cpu_start: Pro cpu start user code[0m
[0;32mI (806) cpu_start: cpu freq: 240000000 Hz[0m
[0;32mI (806) app_init: Application information:[0m
[0;32mI (809) app_init: Project name:     person_detection[0m
[0;32mI (815) app_init: App version:      3b6d3d3-dirty[0m
[0;32mI (820) app_init: Compile time:     Jun 25 2024 12:26:20[0m
[0;32mI (826) app_init: ELF file SHA256:  084ba73a0...[0m
[0;32mI (832) app_init: ESP-IDF:          v5.3-dev-2747-g4f3cd0deb9[0m
[0;32mI (838) efuse_init: Min chip rev:     v0.0[0m
[0;32mI (843) efuse_init: Max chip rev:     v3.99 [0m
[0;32mI (848) efuse_init: Chip rev:         v1.0[0m
[0;32mI (853) heap_init: Initializing. RAM available for dynamic allocation:[0m
[0;32mI (860) heap_init: At 3FFAE6E0 len 00001920 (6 KiB): DRAM[0m
[0;32mI (866) heap_init: At 3FFB40F0 len 0002BF10 (175 KiB): DRAM[0m
[0;32mI (872) heap_init: At 3FFE0440 len 00003AE0 (14 KiB): D/IRAM[0m
[0;32mI (878) heap_init: At 3FFE4350 len 0001BCB0 (111 KiB): D/IRAM[0m
[0;32mI (885) heap_init: At 40090CD0 len 0000F330 (60 KiB): IRAM[0m
[0;32mI (891) esp_psram: Adding pool of 4096K of PSRAM memory to heap allocator[0m
[0;32mI (899) spi_flash: detected chip: generic[0m
[0;32mI (903) spi_flash: flash io: qio[0m
[0;33mW (907) i2c: This driver is an old driver, please migrate your application code to adapt `driver/i2c_master.h`[0m
[0;32mI (918) main_task: Started on CPU0[0m
[0;32mI (928) main_task: Calling app_main()[0m
[0;32mI (928) gpio: GPIO[13]| InputEn: 0| OutputEn: 0| OpenDrain: 0| Pullup: 1| Pulldown: 0| Intr:0 [0m
[0;32mI (928) gpio: GPIO[12]| InputEn: 0| OutputEn: 0| OpenDrain: 0| Pullup: 1| Pulldown: 0| Intr:0 [0m
[0;32mI (938) gpio: GPIO[4]| InputEn: 0| OutputEn: 0| OpenDrain: 0| Pullup: 1| Pulldown: 0| Intr:0 [0m
[0;32mI (948) gpio: GPIO[15]| InputEn: 0| OutputEn: 0| OpenDrain: 0| Pullup: 1| Pulldown: 0| Intr:0 [0m
[0;32mI (978) gpio: GPIO[25]| InputEn: 1| OutputEn: 0| OpenDrain: 0| Pullup: 1| Pulldown: 0| Intr:2 [0m
[0;32mI (978) cam_hal: cam init ok[0m
[0;32mI (978) sccb: pin_sda 26 pin_scl 27[0m
[0;32mI (988) sccb: sccb_i2c_port=1[0m
[0;32mI (988) gpio: GPIO[32]| InputEn: 0| OutputEn: 1| OpenDrain: 0| Pullup: 0| Pulldown: 0| Intr:0 [0m
[0;32mI (1028) camera: Detected camera at address=0x30[0m
[0;32mI (1028) camera: Detected OV2640 camera[0m
[0;32mI (1028) camera: Camera PID=0x26 VER=0x42 MIDL=0x7f MIDH=0xa2[0m
[0;32mI (1098) esp32 ll_cam: node_size: 3072, nodes_per_line: 1, lines_per_node: 4, dma_half_buffer_min:  3072, dma_half_buffer: 12288,lines_per_half_buffer: 16, dma_buffer_size: 24576, image_size: 18432[0m
[0;32mI (1108) cam_hal: buffer_size: 24576, half_buffer_size: 12288, node_buffer_size: 3072, node_cnt: 8, total_cnt: 1[0m
[0;32mI (1118) cam_hal: Allocating 9216 Byte frame buffer in PSRAM[0m
[0;32mI (1128) cam_hal: Allocating 9216 Byte frame buffer in PSRAM[0m
[0;32mI (1128) cam_hal: cam config ok[0m
[0;32mI (1138) ov2640: Set PLL: clk_2x: 0, clk_div: 3, pclk_auto: 1, pclk_div: 8[0m
Camera Initialized

Boton No presionado
Image Captured

person score:80%, no person score 20%
No person detected
Boton No presionado
Image Captured

person score:84%, no person score 16%
No person detected
Boton No presionado
Image Captured

person score:94%, no person score 6%
No person detected
Boton No presionado
Image Captured

person score:94%, no person score 6%
No person detected
Boton No presionado
Image Captured

person score:94%, no person score 6%
No person detected
Boton No presionado
Image Captured

I BOD: Brownout ÔøΩ'| ÔøΩÔøΩÔøΩÔøΩÔøΩ<#ÔøΩÔøΩÔøΩ#ÔøΩÔøΩÔøΩ ;$s$eÔøΩ.RÔøΩn ÔøΩÔøΩÔøΩÔøΩ6ÔøΩÔøΩ“íÔøΩ:5SÔøΩ!ÔøΩ.ÔøΩÔøΩxÔøΩBÔøΩÔøΩCWÔøΩ%E5}IESEUÔøΩIÔøΩÔøΩÔøΩÔøΩ0xÔøΩ&BÔøΩA%}ÔøΩASÔøΩe1SHﬂ®Íäïj
ÔøΩÀôÔøΩgsZÔøΩbÔøΩA%]ÔøΩ:0ÔøΩYYHhÔøΩÔøΩÔøΩdrÔøΩ'ÔøΩÔøΩ0,qEÔøΩÔøΩi0xÔøΩb"}drÔøΩ'ÔøΩÔøΩ0,c.ÔøΩÔøΩÔøΩv:ÔøΩÔøΩ0	ÔøΩ}ÔøΩrv'ÔøΩÔøΩ0,wÔøΩEÔøΩÔøΩ:0xÔøΩÔøΩ[ÔøΩÔøΩ:DIÔøΩÔøΩoc-"ÔøΩÔøΩ:1ÔøΩ!ÔøΩ+ÔøΩÔøΩ0ÔøΩfÔøΩÔøΩÔøΩÔøΩ,lYKÔøΩÔøΩ24C!ÔøΩ+ÔøΩÔøΩÔøΩ0ÔøΩ8ÔøΩÔøΩbbÔøΩn:L”™ÔøΩ
ÔøΩ+ÔøΩÔøΩ0xÔøΩÔøΩ¬ÇÔøΩ0ÔøΩÔøΩÔøΩÔøΩi4!ÔøΩ+ÔøΩ:0ÔøΩ00ÔøΩÔøΩÔøΩÔøΩ,lÔøΩÀ¢ÔøΩÔøΩ6ÔøΩÔøΩÔøΩÔøΩÔøΩy ÔøΩÔøΩ0ÔøΩ0ÔøΩMÔøΩHÔøΩ[0;32mI (29) boot: ESP-IDF v5.3-dev-2747-g4f3cd0deb9 2nd stage bootloader[0m
[0;32mI (29) boot: compile time Jun 25 2024 12:26:26[0m
[0;32mI (30) boot: Multicore bootloader[0m
[0;32mI (34) boot: chip revision: v1.0[0m
[0;32mI (38) qio_mode: Enabling default flash chip QIO[0m
[0;32mI (44) boot.esp32: SPI Speed      : 80MHz[0m
[0;32mI (48) boot.esp32: SPI Mode       : QIO[0m
[0;32mI (53) boot.esp32: SPI Flash Size : 4MB[0m
[0;32mI (57) boot: Enabling RNG early entropy source...[0m
[0;32mI (63) boot: Partition Table:[0m
[0;32mI (66) boot: ## Label            Usage          Type ST Offset   Length[0m
[0;32mI (74) boot:  0 nvs              WiFi data        01 02 00009000 00006000[0m
[0;32mI (81) boot:  1 phy_init         RF data          01 01 0000f000 00001000[0m
[0;32mI (88) boot:  2 factory          factory app      00 00 00010000 00180000[0m
[0;32mI (96) boot: End of partition table[0m
[0;32mI (100) esp_image: segment 0: paddr=00010020 vaddr=3f400020 size=5e71ch (386844) map[0m
[0;32mI (208) esp_image: segment 1: paddr=0006e744 vaddr=3ffb0000 size=018d4h (  6356) load[0m
[0;32mI (210) esp_image: segment 2: paddr=00070020 vaddr=400d0020 size=30fech (200684) map[0m
[0;32mI (265) esp_image: segment 3: paddr=000a1014 vaddr=3ffb18d4 size=01a98h (  6808) load[0m
[0;32mI (267) esp_image: segment 4: paddr=000a2ab4 vaddr=40080000 size=10cd0h ( 68816) load[0m
[0;32mI (300) boot: Loaded app from partition at offset 0x10000[0m
[0;32mI (301) boot: Disabling RNG early entropy source...[0m
[0;32mI (312) cpu_start: Multicore app[0m
[0;32mI (312) quad_psram: This chip is ESP32-D0WD[0m
[0;32mI (312) esp_psram: Found 8MB PSRAM device[0m
[0;32mI (314) esp_psram: Speed: 80MHz[0m
[0;32mI (318) esp_psram: PSRAM initialized, cache is in low/high (2-core) mode.[0m
[0;33mW (326) esp_psram: Virtual address not enough for PSRAM, map as much as we can. 4MB is mapped[0m
[0;32mI (798) esp_psram: SPI SRAM memory test OK[0m
[0;32mI (806) cpu_start: Pro cpu start user code[0m
[0;32mI (806) cpu_start: cpu freq: 240000000 Hz[0m
[0;32mI (806) app_init: Application information:[0m
[0;32mI (809) app_init: Project name:     person_detection[0m
[0;32mI (815) app_init: App version:      3b6d3d3-dirty[0m
[0;32mI (820) app_init: Compile time:     Jun 25 2024 12:26:20[0m
[0;32mI (826) app_init: ELF file SHA256:  084ba73a0...[0m
[0;32mI (832) app_init: ESP-IDF:          v5.3-dev-2747-g4f3cd0deb9[0m
[0;32mI (838) efuse_init: Min chip rev:     v0.0[0m
[0;32mI (843) efuse_init: Max chip rev:     v3.99 [0m
[0;32mI (848) efuse_init: Chip rev:         v1.0[0m
[0;32mI (853) heap_init: Initializing. RAM available for dynamic allocation:[0m
[0;32mI (860) heap_init: At 3FFAE6E0 len 00001920 (6 KiB): DRAM[0m
[0;32mI (866) heap_init: At 3FFB40F0 len 0002BF10 (175 KiB): DRAM[0m
[0;32mI (872) heap_init: At 3FFE0440 len 00003AE0 (14 KiB): D/IRAM[0m
[0;32mI (878) heap_init: At 3FFE4350 len 0001BCB0 (111 KiB): D/IRAM[0m
[0;32mI (885) heap_init: At 40090CD0 len 0000F330 (60 KiB): IRAM[0m
[0;32mI (891) esp_psram: Adding pool of 4096K of PSRAM memory to heap allocator[0m
[0;32mI (899) spi_flash: detected chip: generic[0m
[0;32mI (903) spi_flash: flash io: qio[0m
[0;33mW (907) i2c: This driver is an old driver, please migrate your application code to adapt `driver/i2c_master.h`[0m
[0;32mI (918) main_task: Started on CPU0[0m
[0;32mI (928) main_task: Calling app_main()[0m
[0;32mI (928) gpio: GPIO[13]| InputEn: 0| OutputEn: 0| OpenDrain: 0| Pullup: 1| Pulldown: 0| Intr:0 [0m
[0;32mI (928) gpio: GPIO[12]| InputEn: 0| OutputEn: 0| OpenDrain: 0| Pullup: 1| Pulldown: 0| Intr:0 [0m
[0;32mI (938) gpio: GPIO[4]| InputEn: 0| OutputEn: 0| OpenDrain: 0| Pullup: 1| Pulldown: 0| Intr:0 [0m
[0;32mI (948) gpio: GPIO[15]| InputEn: 0| OutputEn: 0| OpenDrain: 0| Pullup: 1| Pulldown: 0| Intr:0 [0m
[0;32mI (978) gpio: GPIO[25]| InputEn: 1| OutputEn: 0| OpenDrain: 0| Pullup: 1| Pulldown: 0| Intr:2 [0m
[0;32mI (978) cam_hal: cam init ok[0m
[0;32mI (978) sccb: pin_sda 26 pin_scl 27[0m
[0;32mI (988) sccb: sccb_i2c_port=1[0m
[0;32mI (988) gpio: GPIO[32]| InputEn: 0| OutputEn: 1| OpenDrain: 0| Pullup: 0| Pulldown: 0| Intr:0 [0m
[0;32mI (1028) camera: Detected camera at address=0x30[0m
[0;32mI (1028) camera: Detected OV2640 camera[0m
[0;32mI (1028) camera: Camera PID=0x26 VER=0x42 MIDL=0x7f MIDH=0xa2[0m
I BOD: BrownoetÔøΩR’π  ÔøΩÔøΩÔøΩÔøΩÔøΩ 0ÔøΩ'ÔøΩ“™7ÔøΩHHÔøΩt:ÔøΩÔøΩ ÔøΩu]ÔøΩONﬂ™ÔøΩUQÔøΩ,ÔøΩÔøΩÔøΩÔøΩ0x1&BÔøΩÔøΩI_ÔøΩP*ÔøΩe1MÔøΩ_BÔøΩ
ÔøΩj
coÀ•ÔøΩÔøΩipÔøΩÔøΩbÔøΩA%]P:0ÔøΩÔøΩ5
clÔøΩÔøΩÔøΩ:0xÔøΩbÔøΩÔøΩdrÔøΩÔøΩÔøΩÔøΩ0,ÔøΩEÔøΩÔøΩi0xÔøΩ,ÔøΩ.ÔøΩÔøΩrvÔøΩÔøΩÔøΩÔøΩ	ÔøΩ}drv'ÔøΩÔøΩ0,wÔøΩEÔøΩÔøΩ:0xÔøΩÔøΩ[ÔøΩÔøΩiDIÔøΩ	ÔøΩockÔøΩÔøΩÔøΩÔøΩ1
ÎÖëi0xÔøΩÔøΩÔøΩÔøΩ030ÔøΩ+ÔøΩÔøΩ75ÔøΩSHÔøΩÔøΩ+ÔøΩÔøΩ0x4ÔøΩ78ÔøΩ0ÔøΩÔøΩÔøΩÔøΩ165MÔøΩHÔøΩÔøΩÔøΩi0xÔøΩÔøΩ¬ÇÔøΩ0ÔøΩÔøΩÔøΩÔøΩi4!ÎÖë:0ÔøΩÔøΩ¬Ç40ÔøΩÔøΩÔøΩ:4ÔøΩÔøΩj
enÔøΩÔøΩÔøΩÔøΩÔøΩ0ÔøΩÔøΩÔøΩÔøΩÔøΩ5ÔøΩ[0;32mI (28) boot: ESP-IDF v5.3-dev-2747-g4f3cd0deb9 2nd stage bootloader[0m
[0;32mI (28) boot: compile time Jun 25 2024 12:26:26[0m
[0;32mI (30) boot:etÔøΩR’πÔøΩ 8 &ÔøΩÔøΩÔøΩ0:ÔøΩ&ÔøΩÔøΩSHÔøΩÔøΩ.ÔøΩÔøΩx1 	ÔøΩ]ÔøΩONﬂ™TUÔøΩ),ÔøΩÔøΩÔøΩÔøΩ0x12ÔøΩSPReMT_F*M!}BOOÔøΩJCÔøΩÔøΩÀôÔøΩÔøΩsiÔøΩ'ÔøΩbSPIÔøΩÔøΩ¬ïÔøΩ5
clkﬂñÔøΩÔøΩ0x00)}ÔøΩÔøΩv:0ÔøΩ0,ÔøΩEÔøΩÔøΩi0xÔøΩbÔøΩA_drÔøΩÔøΩÔøΩÔøΩ0,hÔøΩEÔøΩÔøΩi0xÔøΩbÔøΩÔøΩ}drv'ÔøΩÔøΩ0
mÔøΩV"ÔøΩO, ,Îç≠ diÔøΩÔøΩjÔøΩÔøΩÔøΩÔøΩÔøΩ0x3ÔøΩÔøΩÔøΩ030,ÔøΩÔøΩÔøΩM&SHÔøΩÔøΩÔøΩÔøΩ:0ÔøΩÔøΩÔøΩÔøΩÔøΩ00ÔøΩÔøΩÔøΩÔøΩ165ÔøΩÔøΩÔøΩl+ÔøΩÔøΩ0x40ÔøΩÔøΩÔøΩÔøΩÔøΩ,leKÔøΩj
loaÔøΩÔøΩÔøΩÔøΩ008ÔøΩÔøΩbbÔøΩÔøΩÔøΩ4316CÔøΩÔøΩÔøΩÔøΩy ÔøΩÔøΩ0ÔøΩÔøΩÔøΩÔøΩ5
[0;32mI (28) boot: ESP-IDF v5.3-dev-2747-g4f3cd0deb9 2nd stage bootloader[0m
[0;32mI (28) boot: compile time Jun 25 2024 12:26:26[0m
[0;32mI (30) boot: Multicore bootloader[0m
[0;32mI (34) boot: chip revision: v1.0[0m
[0;32mI (38) qio_mode: Enabling default flash chip QIO[0m
[0;32mI (43) boot.esp32: SPI Speed      : 80MHz[0m
[0;32mI (48) boot.esp32: SPI Mode       : QIO[0m
[0;32mI (52) boot.esp32: SPI Flash Size : 4MB[0m
[0;32mI (57) boot: Enabling RNG early entropy source...[0m
[0;32mI (62) boot: Partition Table:[0m
[0;32mI (66) boot: ## Label            Usage          Type ST Offset   Length[0m
[0;32mI (73) boot:  0 nvs              WiFi data        01 02 00009000 00006000[0m
[0;32mI (81) boot:  1 phy_init         RF data          01 01 0000f000 00001000[0m
[0;32mI (88) boot:  2 factory          factory app      00 00 00010000 00180000[0m
[0;32mI (96) boot: End of partition table[0m
[0;32mI (100) esp_image: segment 0: paddr=00010020 vaddr=3f400020 size=5e71ch (386844) map[0m
[0;32mI (208) esp_image: segment 1: paddr=0006e744 vaddr=3ffb0000 size=018d4h (  6356) load[0m
[0;32mI (210) esp_image: segment 2: paddr=00070020 vaddr=400d0020 size=30fech (200684) map[0m
[0;32mI (265) esp_image: segment 3: paddr=000a1014 vaddr=3ffb18d4 size=01a98h (  6808) load[0m
[0;32mI (267) esp_image: segment 4: paddr=000a2ab4 vaddr=40080000 size=10cd0h ( 68816) load[0m
[0;32mI (300) boot: Loaded app from partition at offset 0x10000[0m
[0;32mI (300) boot: Disabling RNG early entropy source...[0m
[0;32mI (312) cpu_start: Multicore app[0m
[0;32mI (312) quad_psram: This chip is ESP32-D0WD[0m
[0;32mI (312) esp_psram: Found 8MB PSRAM device[0m
[0;32mI (314) esp_psram: Speed: 80MHz[0m
[0;32mI (318) esp_psram: PSRAM initialized, cache is in low/high (2-core) mode.[0m
[0;33mW (325) esp_psram: Virtual address not enough for PSRAM, map as much as we can. 4MB is mapped[0m
[0;32mI (798) esp_psram: SPI SRAM memory test OK[0m
[0;32mI (806) cpu_start: Pro cpu start user code[0m
[0;32mI (806) cpu_start: cpu freq: 240000000 Hz[0m
[0;32mI (806) app_init: Application information:[0m
[0;32mI (809) app_init: Project name:     person_detection[0m
[0;32mI (815) app_init: App version:      3b6d3d3-dirty[0m
[0;32mI (820) app_init: Compile time:     Jun 25 2024 12:26:20[0m
[0;32mI (826) app_init: ELF file SHA256:  084ba73a0...[0m
[0;32mI (831) app_init: ESP-IDF:          v5.3-dev-2747-g4f3cd0deb9[0m
[0;32mI (838) efuse_init: Min chip rev:     v0.0[0m
[0;32mI (842) efuse_init: Max chip rev:     v3.99 [0m
[0;32mI (847) efuse_init: Chip rev:         v1.0[0m
[0;32mI (852) heap_init: Initializing. RAM available for dynamic allocation:[0m
[0;32mI (859) heap_init: At 3FFAE6E0 len 00001920 (6 KiB): DRAM[0m
[0;32mI (865) heap_init: At 3FFB40F0 len 0002BF10 (175 KiB): DRAM[0m
[0;32mI (872) heap_init: At 3FFE0440 len 00003AE0 (14 KiB): D/IRAM[0m
[0;32mI (878) heap_init: At 3FFE4350 len 0001BCB0 (111 KiB): D/IRAM[0m
[0;32mI (884) heap_init: At 40090CD0 len 0000F330 (60 KiB): IRAM[0m
[0;32mI (891) esp_psram: Adding pool of 4096K of PSRAM memory to heap allocator[0m
[0;32mI (899) spi_flash: detected chip: generic[0m
[0;32mI (903) spi_flash: flash io: qio[0m
[0;33mW (907) i2c: This driver is an old driver, please migrate your application code to adapt `driver/i2c_master.h`[0m
[0;32mI (918) main_task: Started on CPU0[0m
[0;32mI (928) main_task: Calling app_main()[0m
[0;32mI (928) gpio: GPIO[13]| InputEn: 0| OutputEn: 0| OpenDrain: 0| Pullup: 1| Pulldown: 0| Intr:0 [0m
[0;32mI (928) gpio: GPIO[12]| InputEn: 0| OutputEn: 0| OpenDrain: 0| Pullup: 1| Pulldown: 0| Intr:0 [0m
[0;32mI (938) gpio: GPIO[4]| InputEn: 0| OutputEn: 0| OpenDrain: 0| Pullup: 1| Pulldown: 0| Intr:0 [0m
[0;32mI (948) gpio: GPIO[15]| InputEn: 0| OutputEn: 0| OpenDrain: 0| Pullup: 1| Pulldown: 0| Intr:0 [0m
[0;32mI (978) gpio: GPIO[25]| InputEn: 1| OutputEn: 0| OpenDrain: 0| Pullup: 1| Pulldown: 0| Intr:2 [0m
[0;32mI (978) cam_hal: cam init ok[0m
[0;32mI (978) sccb: pin_sda 26 pin_scl 27[0m
[0;32mI (988) sccb: sccb_i2c_port=1[0m
[0;32mI (988) gpio: GPIO[32]| InputEn: 0| OutputEn: 1| OpenDrain: 0| Pullup: 0| Pulldown: 0| Intr:0 [0m
[0;32mI (1028) camera: Detected camera at address=0x30[0m
[0;32mI (1028) camera: Detected OV2640 camera[0m
[0;32mI (1028) camera: Camera PID=0x26 VER=0x42 MIDL=0x7f MIDH=0xa2[0m
[0;32mI (1098) esp32 ll_cam: node_size: 3072, nodes_per_line: 1, lines_per_node: 4, dma_half_buffer_min:  3072, dma_half_buffer: 12288,lines_per_half_buffer: 16, dma_buffer_size: 24576, image_size: 18432[0m
[0;32mI (1108) cam_hal: buffer_size: 24576, half_buffer_size: 12288, node_buffer_size: 3072, node_cnt: 8, total_cnt: 1[0m
[0;32mI (1118) cam_hal: Allocating 9216 Byte frame buffer in PSRAM[0m
[0;32mI (1128) cam_hal: Allocating 9216 Byte frame buffer in PSRAM[0m
[0;32mI (1128) cam_hal: cam config ok[0m
[0;32mI (1138) ov2640: Set PLL: clk_2x: 0, clk_div: 3, pclk_auto: 1, pclk_div: 8[0m
Camera Initialized

Boton No presionado
Image Captured

person score:83%, no person score 17%
No person detected
Boton No presionado
Image Captured

person score:42%, no person score 58%
No person detected
Boton No presionado
Image Captured

person score:71%, no person score 29%
No person detected
Boton No presionado
Image Captured

person score:30%, no person score 70%
No person detected
Boton No presionado
Image Captured

person score:41%, no person score 59%
No person detected
Boton No presionado
Image Captured

person score:29%, no person score 71%
No person detected
Boton No presionado
Image Captured

person score:48%, no person score 52%
No person detected
Boton No presionado
Image Captured

person score:21%, no person score 79%
No person detected
Boton No presionado
Image Captured

person score:88%, no person score 12%
No person detected
Boton No presionado
Image Captured

person score:17%, no person score 83%
No person detected
Boton No presionado
Image Captured

person score:8%, no person score 92%
No person detected
Boton No presionado
Image Captured

I BOD: Brownout etsÔøΩÔøΩÔøΩ8 ÔøΩÔøΩÔøΩÔøΩ0:ÔøΩ&ÔøΩÔøΩSHÔøΩÔøΩ.ÔøΩÔøΩx1ÔøΩ	ÔøΩ]EROÔøΩ%UMET)IÔøΩÔøΩÔøΩ:0xL&BÔøΩA%}ÔøΩASÔøΩe1ÔøΩH_ÔøΩÔøΩQÔøΩ
cÔøΩKÔøΩÔøΩsiÔøΩ'ÔøΩbSPRÔøΩÔøΩxeÔøΩCÔøΩÔøΩÔøΩ_d.ÔøΩÔøΩÔøΩÔøΩ0,\EÔøΩÔøΩ:0ÔøΩÔøΩb"}ÔøΩÔøΩÔøΩ:0ÔøΩÔøΩbÔøΩ0_ÔøΩ.ÔøΩÔøΩÔøΩÔøΩ0	K}ÔøΩrvÔøΩÔøΩÔøΩÔøΩiÔøΩ}drv'ÔøΩÔøΩ0
ÌãïÔøΩDIOÔøΩÔøΩÔøΩck VÔøΩÔøΩ1
ÔøΩ+ÔøΩÔøΩ0x3ÔøΩÔøΩÔøΩ030ÔøΩÔøΩÔøΩÔøΩ752SÔøΩÔøΩ+ÔøΩÔøΩ0x4ÔøΩÔøΩ¬ÇÔøΩ0,ÔøΩÔøΩÔøΩ1655ÔøΩC!ÔøΩ+ÔøΩÔøΩÔøΩ0ÔøΩÔøΩÔøΩÔøΩÔøΩ,lYÀ¢j
loXÔøΩÔøΩÔøΩ0ÔøΩÔøΩÔøΩÔøΩÔøΩ,lYÀ¢ÔøΩÔøΩ6ÔøΩÔøΩÔøΩÔøΩÔøΩy ÔøΩ—∞¬ÇÔøΩÔøΩcÔøΩ[0;32mI (28) boot: ESP-IDF v5.3-dev-2747-g4f3cd0deb9 2nd stage bootloader[0m
[0;32mI (28) boot: compile time Jun 25 2024 12:26:26[0m
[0;32mI (30) boot: Multicore bootloader[0m
[0;32mI (34) boot: chip revision: v1.0[0m
[0;32mI (38) qio_mode: Enabling default flash chip QIO[0m
[0;32mI (43) boot.esp32: SPI Speed      : 80MHz[0m
[0;32mI (48) boot.esp32: SPI Mode       : QIO[0m
[0;32mI (52) boot.esp32: SPI Flash Size : 4MB[0m
[0;32mI (57) boot: Enabling RNG early entropy source...[0m
[0;32mI (62) boot: Partition Table:[0m
[0;32mI (66) boot: ## Label            Usage          Type ST Offset   Length[0m
[0;32mI (73) boot:  0 nvs              WiFi data        01 02 00009000 00006000[0m
[0;32mI (81) boot:  1 phy_init         RF data          01 01 0000f000 00001000[0m
[0;32mI (88) boot:  2 factory          factory app      00 00 00010000 00180000[0m
[0;32mI (96) boot: End of partition table[0m
[0;32mI (100) esp_image: segment 0: paddr=00010020 vaddr=3f400020 size=5e71ch (386844) map[0m
[0;32mI (208) esp_image: segment 1: paddr=0006e744 vaddr=3ffb0000 size=018d4h (  6356) load[0m
[0;32mI (210) esp_image: segment 2: paddr=00070020 vaddr=400d0020 size=30fech (200684) map[0m
[0;32mI (265) esp_image: segment 3: paddr=000a1014 vaddr=3ffb18d4 size=01a98h (  6808) load[0m
[0;32mI (267) esp_image: segment 4: paddr=000a2ab4 vaddr=40080000 size=10cd0h ( 68816) load[0m
[0;32mI (300) boot: Loaded app from partition at offset 0x10000[0m
[0;32mI (300) boot: Disabling RNG early entropy source...[0m
[0;32mI (312) cpu_start: Multicore app[0m
[0;32mI (312) quad_psram: This chip is ESP32-D0WD[0m
[0;32mI (312) esp_psram: Found 8MB PSRAM device[0m
[0;32mI (314) esp_psram: Speed: 80MHz[0m
[0;32mI (318) esp_psram: PSRAM initialized, cache is in low/high (2-core) mode.[0m
[0;33mW (325) esp_psram: Virtual address not enough for PSRAM, map as much as we can. 4MB is mapped[0m
[0;32mI (798) esp_psram: SPI SRAM memory test OK[0m
[0;32mI (806) cpu_start: Pro cpu start user code[0m
[0;32mI (806) cpu_start: cpu freq: 240000000 Hz[0m
[0;32mI (806) app_init: Application information:[0m
[0;32mI (809) app_init: Project name:     person_detection[0m
[0;32mI (815) app_init: App version:      3b6d3d3-dirty[0m
[0;32mI (820) app_init: Compile time:     Jun 25 2024 12:26:20[0m
[0;32mI (826) app_init: ELF file SHA256:  084ba73a0...[0m
[0;32mI (831) app_init: ESP-IDF:          v5.3-dev-2747-g4f3cd0deb9[0m
[0;32mI (838) efuse_init: Min chip rev:     v0.0[0m
[0;32mI (842) efuse_init: Max chip rev:     v3.99 [0m
[0;32mI (847) efuse_init: Chip rev:         v1.0[0m
[0;32mI (852) heap_init: Initializing. RAM available for dynamic allocation:[0m
[0;32mI (859) heap_init: At 3FFAE6E0 len 00001920 (6 KiB): DRAM[0m
[0;32mI (865) heap_init: At 3FFB40F0 len 0002BF10 (175 KiB): DRAM[0m
[0;32mI (872) heap_init: At 3FFE0440 len 00003AE0 (14 KiB): D/IRAM[0m
[0;32mI (878) heap_init: At 3FFE4350 len 0001BCB0 (111 KiB): D/IRAM[0m
[0;32mI (884) heap_init: At 40090CD0 len 0000F330 (60 KiB): IRAM[0m
[0;32mI (891) esp_psram: Adding pool of 4096K of PSRAM memory to heap allocator[0m
[0;32mI (899) spi_flash: detected chip: generic[0m
[0;32mI (903) spi_flash: flash io: qio[0m
[0;33mW (907) i2c: This driver is an old driver, please migrate your application code to adapt `driver/i2c_master.h`[0m
[0;32mI (918) main_task: Started on CPU0[0m
[0;32mI (928) main_task: Calling app_main()[0m
[0;32mI (928) gpio: GPIO[13]| InputEn: 0| OutputEn: 0| OpenDrain: 0| Pullup: 1| Pulldown: 0| Intr:0 [0m
[0;32mI (928) gpio: GPIO[12]| InputEn: 0| OutputEn: 0| OpenDrain: 0| Pullup: 1| Pulldown: 0| Intr:0 [0m
[0;32mI (938) gpio: GPIO[4]| InputEn: 0| OutputEn: 0| OpenDrain: 0| Pullup: 1| Pulldown: 0| Intr:0 [0m
[0;32mI (948) gpio: GPIO[15]| InputEn: 0| OutputEn: 0| OpenDrain: 0| Pullup: 1| Pulldown: 0| Intr:0 [0m
[0;32mI (978) gpio: GPIO[25]| InputEn: 1| OutputEn: 0| OpenDrain: 0| Pullup: 1| Pulldown: 0| Intr:2 [0m
[0;32mI (978) cam_hal: cam init ok[0m
[0;32mI (978) sccb: pin_sda 26 pin_scl 27[0m
[0;32mI (988) sccb: sccb_i2c_port=1[0m
[0;32mI (988) gpio: GPIO[32]| InputEn: 0| OutputEn: 1| OpenDrain: 0| Pullup: 0| Pulldown: 0| Intr:0 [0m
[0;32mI (1028) camera: Detected camera at address=0x30[0m
[0;32mI (1028) camera: Detected OV2640 camera[0m
[0;32mI (1028) camera: Camera PID=0x26 VER=0x42 MIDL=0x7f MIDH=0xa2[0m
[0;32mI (1098) esp32 ll_cam: node_size: 3072, nodes_per_line: 1, lines_per_node: 4, dma_half_buffer_min:  3072, dma_half_buffer: 12288,lines_per_half_buffer: 16, dma_buffer_size: 24576, image_size: 18432[0m
[0;32mI (1108) cam_hal: buffer_size: 24576, half_buffer_size: 12288, node_buffer_size: 3072, node_cnt: 8, total_cnt: 1[0m
[0;32mI (1118) cam_hal: Allocating 9216 Byte frame buffer in PSRAM[0m
[0;32mI (1128) cam_hal: Allocating 9216 Byte frame buffer in PSRAM[0m
[0;32mI (1128) cam_hal: cam config ok[0m
[0;32mI (1138) ov2640: Set PLL: clk_2x: 0, clk_div: 3, pclk_auto: 1, pclk_div: 8[0m
Camera Initialized

Boton No presionado
Image Captured

person score:28%, no person score 72%
No person detected
Boton No presionado
Image Captured

person score:69%, no person score 31%
No person detected
Boton No presionado
Image Captured

person score:43%, no person score 57%
No person detected
Boton No presionado
Image Captured

person score:54%, no person score 46%
No person detected
Boton No presionado
Image Captured

person score:30%, no person score 70%
No person detected
Boton No presionado
Image Captured

I BOD: Brownout detector was triggered


ets Jun  8 2016 00:22:57

rst:0xc (SW_CPU_RESET),boot:0x13 (SPI_FAST_FLASH_BOOT)
configsip: 0, SPIWP:0xee
clk_drv:0x00,q_drv:0x00,d_drv:0x00,cs0_drv:0x00,hd_drv:0x00,wp_drv:0x00
mode:DIO, clock div:1
load:0x3fff0030,len:7524
load:0x40078000,len:16552
load:0x40080400,len:4
load:0x40080404,len:4316
entry 0x4008065c
[0;32mI (29) boot: ESP-IDF v5.3-dev-2747-g4f3cd0deb9 2nd stage bootloader[0m
[0;32mI (29) boot: compile time Jun 25 2024 12:26:26[0m
[0;32mI (31) boot: Multicore bootloader[0m
[0;32mI (35) boot: chip revision: v1.0[0m
[0;32mI (39) qio_mode: Enabling default flash chip QIO[0m
[0;32mI (44) boot.esp32: SPI Speed      : 80MHz[0m
[0;32mI (49) boot.esp32: SPI Mode       : QIO[0m
[0;32mI (53) boot.esp32: SPI Flash Size : 4MB[0m
[0;32mI (58) boot: Enabling RNG early entropy source...[0m
[0;32mI (63) boot: Partition Table:[0m
[0;32mI (67) boot: ## Label            Usage          Type ST Offset   Length[0m
[0;32mI (74) boot:  0 nvs              WiFi data        01 02 00009000 00006000[0m
[0;32mI (82) boot:  1 phy_init         RF data          01 01 0000f000 00001000[0m
[0;32mI (89) boot:  2 factory          factory app      00 00 00010000 00180000[0m
[0;32mI (97) boot: End of partition table[0m
[0;32mI (101) esp_image: segment 0: paddr=00010020 vaddr=3f400020 size=5e71ch (386844) map[0m
[0;32mI (208) esp_image: segment 1: paddr=0006e744 vaddr=3ffb0000 size=018d4h (  6356) load[0m
[0;32mI (211) esp_image: segment 2: paddr=00070020 vaddr=400d0020 size=30fech (200684) map[0m
[0;32mI (266) esp_image: segment 3: paddr=000a1014 vaddr=3ffb18d4 size=01a98h (  6808) load[0m
[0;32mI (268) esp_image: segment 4: paddr=000a2ab4 vaddr=40080000 size=10cd0h ( 68816) load[0m
[0;32mI (301) boot: Loaded app from partition at offset 0x10000[0m
[0;32mI (301) boot: Disabling RNG early entropy source...[0m
[0;32mI (312) cpu_start: Multicore app[0m
[0;32mI (313) quad_psram: This chip is ESP32-D0WD[0m
[0;32mI (313) esp_psram: Found 8MB PSRAM device[0m
[0;32mI (315) esp_psram: Speed: 80MHz[0m
[0;32mI (319) esp_psram: PSRAM initialized, cache is in low/high (2-core) mode.[0m
[0;33mW (326) esp_psram: Virtual address not enough for PSRAM, map as much as we can. 4MB is mapped[0m
[0;32mI (799) esp_psram: SPI SRAM memory test OK[0m
[0;32mI (807) cpu_start: Pro cpu start user code[0m
[0;32mI (807) cpu_start: cpu freq: 240000000 Hz[0m
[0;32mI (807) app_init: Application information:[0m
[0;32mI (810) app_init: Project name:     person_detection[0m
[0;32mI (815) app_init: App version:      3b6d3d3-dirty[0m
[0;32mI (821) app_init: Compile time:     Jun 25 2024 12:26:20[0m
[0;32mI (827) app_init: ELF file SHA256:  084ba73a0...[0m
[0;32mI (832) app_init: ESP-IDF:          v5.3-dev-2747-g4f3cd0deb9[0m
[0;32mI (839) efuse_init: Min chip rev:     v0.0[0m
[0;32mI (843) efuse_init: Max chip rev:     v3.99 [0m
[0;32mI (848) efuse_init: Chip rev:         v1.0[0m
[0;32mI (853) heap_init: Initializing. RAM available for dynamic allocation:[0m
[0;32mI (860) heap_init: At 3FFAE6E0 len 00001920 (6 KiB): DRAM[0m
[0;32mI (866) heap_init: At 3FFB40F0 len 0002BF10 (175 KiB): DRAM[0m
[0;32mI (873) heap_init: At 3FFE0440 len 00003AE0 (14 KiB): D/IRAM[0m
[0;32mI (879) heap_init: At 3FFE4350 len 0001BCB0 (111 KiB): D/IRAM[0m
[0;32mI (885) heap_init: At 40090CD0 len 0000F330 (60 KiB): IRAM[0m
[0;32mI (892) esp_psram: Adding pool of 4096K of PSRAM memory to heap allocator[0m
[0;32mI (900) spi_flash: detected chip: generic[0m
[0;32mI (904) spi_flash: flash io: qio[0m
[0;33mW (908) i2c: This driver is an old driver, please migrate your application code to adapt `driver/i2c_master.h`[0m
[0;32mI (919) main_task: Started on CPU0[0m
[0;32mI (929) main_task: Calling app_main()[0m
[0;32mI (929) gpio: GPIO[13]| InputEn: 0| OutputEn: 0| OpenDrain: 0| Pullup: 1| Pulldown: 0| Intr:0 [0m
[0;32mI (929) gpio: GPIO[12]| InputEn: 0| OutputEn: 0| OpenDrain: 0| Pullup: 1| Pulldown: 0| Intr:0 [0m
[0;32mI (939) gpio: GPIO[4]| InputEn: 0| OutputEn: 0| OpenDrain: 0| Pullup: 1| Pulldown: 0| Intr:0 [0m
[0;32mI (949) gpio: GPIO[15]| InputEn: 0| OutputEn: 0| OpenDrain: 0| Pullup: 1| Pulldown: 0| Intr:0 [0m
[0;32mI (979) gpio: GPIO[25]| InputEn: 1| OutputEn: 0| OpenDrain: 0| Pullup: 1| Pulldown: 0| Intr:2 [0m
[0;32mI (979) cam_hal: cam init ok[0m
[0;32mI (979) sccb: pin_sda 26 pin_scl 27[0m
[0;32mI (989) sccb: sccb_i2c_port=1[0m
[0;32mI (989) gpio: GPIO[32]| InputEn: 0| OutputEn: 1| OpenDrain: 0| Pullup: 0| Pulldown: 0| Intr:0 [0m
[0;32mI (1029) camera: Detected camera at address=0x30[0m
[0;32mI (1029) camera: Detected OV2640 camera[0m
[0;32mI (1029) camera: Camera PID=0x26 VER=0x42 MIDL=0x7f MIDH=0xa2[0m
[0;32mI (1099) esp32 ll_cam: node_size: 3072, nodes_per_line: 1, lines_per_node: 4, dma_half_buffer_min:  3072, dma_half_buffer: 12288,lines_per_half_buffer: 16, dma_buffer_size: 24576, image_size: 18432[0m
[0;32mI (1109) cam_hal: buffer_size: 24576, half_buffer_size: 12288, node_buffer_size: 3072, node_cnt: 8, total_cnt: 1[0m
[0;32mI (1119) cam_hal: Allocating 9216 Byte frame buffer in PSRAM[0m
[0;32mI (1129) cam_hal: Allocating 9216 Byte frame buffer in PSRAM[0m
[0;32mI (1129) cam_hal: cam config ok[0m
[0;32mI (1139) ov2640: Set PLL: clk_2x: 0, clk_div: 3, pclk_auto: 1, pclk_div: 8[0m
Camera Initialized

Boton No presionado
Image Captured

person score:45%, no person score 55%
No person detected
Boton No presionado
Image Captured

person score:47%, no person score 53%
No person detected
Boton No presionado
Image Captured

person score:42%, no person score 58%
No person detected
Boton No presionado
Image Captured

person score:31%, no person score 69%
No person detected
Boton No presionado
Image Captured

person score:33%, no person score 67%
No person detected
Boton No presionado
Image Captured

person score:46%, no person score 54%
No person detected
Boton No presionado
Image Captured

person score:44%, no person score 56%
No person detected
Boton No presionado
Image Captured

person score:43%, no person score 57%
No person detected
Boton No presionado
Image Captured

person score:46%, no person score 54%
No person detected
Boton No presionado
Image Captured

person score:40%, no person score 60%
No person detected
Boton No presionado
Image Captured

person score:57%, no person score 43%
No person detected
Boton No presionado
Image Captured

person score:19%, no person score 81%
No person detected
Boton No presionado
Image Captured

person score:19%, no person score 81%
No person detected
Boton No presionado
Image Captured

person score:14%, no person score 86%
No person detected
Boton No presionado
Image Captured

person score:14%, no person score 86%
No person detected
Boton No presionado
Image Captured

